GCASM List File (GCBASIC 0.98.<<>> 2019-11-14 (Windows 32 bit))

Symbols:
A 	EQU 	0
ABDEN 	EQU 	0
ABDOVF 	EQU 	7
ACCESS 	EQU 	0
ACKDT 	EQU 	5
ACKEN 	EQU 	4
ACKSTAT 	EQU 	6
ACKTIM 	EQU 	7
ADCON0 	EQU 	157
ADCON1 	EQU 	158
ADCON2 	EQU 	159
ADCS0 	EQU 	4
ADCS1 	EQU 	5
ADCS2 	EQU 	6
ADD0 	EQU 	0
ADD1 	EQU 	1
ADD2 	EQU 	2
ADD3 	EQU 	3
ADD4 	EQU 	4
ADD5 	EQU 	5
ADD6 	EQU 	6
ADD7 	EQU 	7
ADDEN 	EQU 	3
ADFM 	EQU 	7
ADFVR0 	EQU 	0
ADFVR1 	EQU 	1
ADGO 	EQU 	1
ADIE 	EQU 	6
ADIF 	EQU 	6
ADNREF 	EQU 	2
ADON 	EQU 	0
ADPREF0 	EQU 	0
ADPREF1 	EQU 	1
ADRES 	EQU 	155
ADRESH 	EQU 	156
ADRESL 	EQU 	155
AFSR0 	EQU 	4
AFSR0_H 	EQU 	5
AHEN 	EQU 	1
ANS5 	EQU 	5
ANSA0 	EQU 	0
ANSA1 	EQU 	1
ANSA2 	EQU 	2
ANSA4 	EQU 	4
ANSC0 	EQU 	0
ANSC1 	EQU 	1
ANSC2 	EQU 	2
ANSC3 	EQU 	3
ANSC4 	EQU 	4
ANSC5 	EQU 	5
ANSELA 	EQU 	396
ANSELC 	EQU 	398
B 	EQU 	1
BANKED 	EQU 	1
BASPROGRAMEND 	EQU 	309
BASPROGRAMSTART 	EQU 	61
BAUD1CON 	EQU 	415
BAUDCON 	EQU 	415
BAUDCON1 	EQU 	415
BAUDCON1_ABDEN 	EQU 	0
BAUDCON1_ABDOVF 	EQU 	7
BAUDCON1_BRG16 	EQU 	3
BAUDCON1_RCIDL 	EQU 	6
BAUDCON1_SCKP 	EQU 	4
BAUDCON1_WUE 	EQU 	1
BAUDCON_ABDEN 	EQU 	0
BAUDCON_ABDOVF 	EQU 	7
BAUDCON_BRG16 	EQU 	3
BAUDCON_RCIDL 	EQU 	6
BAUDCON_SCKP 	EQU 	4
BAUDCON_WUE 	EQU 	1
BAUDCTL 	EQU 	415
BAUDCTL1 	EQU 	415
BAUDCTL1_ABDEN 	EQU 	0
BAUDCTL1_ABDOVF 	EQU 	7
BAUDCTL1_BRG16 	EQU 	3
BAUDCTL1_RCIDL 	EQU 	6
BAUDCTL1_SCKP 	EQU 	4
BAUDCTL1_WUE 	EQU 	1
BAUDCTL_ABDEN 	EQU 	0
BAUDCTL_ABDOVF 	EQU 	7
BAUDCTL_BRG16 	EQU 	3
BAUDCTL_RCIDL 	EQU 	6
BAUDCTL_SCKP 	EQU 	4
BAUDCTL_WUE 	EQU 	1
BCL1IE 	EQU 	3
BCL1IF 	EQU 	3
BF 	EQU 	0
BGETC 	EQU 	32
BKA10 	EQU 	2
BKA11 	EQU 	3
BKA12 	EQU 	4
BKA13 	EQU 	5
BKA14 	EQU 	6
BKA8 	EQU 	0
BKA9 	EQU 	1
BOEN 	EQU 	4
BORCON 	EQU 	278
BORFS 	EQU 	6
BORRDY 	EQU 	0
BRG16 	EQU 	3
BRGH 	EQU 	2
BSR 	EQU 	8
BSR0 	EQU 	0
BSR1 	EQU 	1
BSR2 	EQU 	2
BSR3 	EQU 	3
BSR4 	EQU 	4
BSR_SHAD 	EQU 	4070
BUF0 	EQU 	0
BUF1 	EQU 	1
BUF2 	EQU 	2
BUF3 	EQU 	3
BUF4 	EQU 	4
BUF5 	EQU 	5
BUF6 	EQU 	6
BUF7 	EQU 	7
BUFFER 	EQU 	8945
BYTEVALUEOUTTONEXTION 	EQU 	33
C 	EQU 	0
C1HYS 	EQU 	1
C1IE 	EQU 	5
C1IF 	EQU 	5
C1INTN 	EQU 	6
C1INTP 	EQU 	7
C1NCH0 	EQU 	0
C1NCH1 	EQU 	1
C1NCH2 	EQU 	2
C1ON 	EQU 	7
C1OUT 	EQU 	6
C1PCH0 	EQU 	3
C1PCH1 	EQU 	4
C1PCH2 	EQU 	5
C1POL 	EQU 	4
C1SP 	EQU 	2
C1SYNC 	EQU 	0
C1TSEL0 	EQU 	0
C1TSEL1 	EQU 	1
C1ZLF 	EQU 	3
C2HYS 	EQU 	1
C2IE 	EQU 	6
C2IF 	EQU 	6
C2INTN 	EQU 	6
C2INTP 	EQU 	7
C2NCH0 	EQU 	0
C2NCH1 	EQU 	1
C2NCH2 	EQU 	2
C2ON 	EQU 	7
C2OUT 	EQU 	6
C2PCH0 	EQU 	3
C2PCH1 	EQU 	4
C2PCH2 	EQU 	5
C2POL 	EQU 	4
C2SP 	EQU 	2
C2SYNC 	EQU 	0
C2TSEL0 	EQU 	2
C2TSEL1 	EQU 	3
C2ZLF 	EQU 	3
CCP1CON 	EQU 	659
CCP1IE 	EQU 	2
CCP1IF 	EQU 	2
CCP1M0 	EQU 	0
CCP1M1 	EQU 	1
CCP1M2 	EQU 	2
CCP1M3 	EQU 	3
CCP1PPS 	EQU 	3604
CCP1X 	EQU 	5
CCP1Y 	EQU 	4
CCP2CON 	EQU 	666
CCP2IE 	EQU 	0
CCP2IF 	EQU 	0
CCP2M0 	EQU 	0
CCP2M1 	EQU 	1
CCP2M2 	EQU 	2
CCP2M3 	EQU 	3
CCP2PPS 	EQU 	3605
CCP2X 	EQU 	5
CCP2Y 	EQU 	4
CCPIE 	EQU 	2
CCPIF 	EQU 	2
CCPR1 	EQU 	657
CCPR1H 	EQU 	658
CCPR1L 	EQU 	657
CCPR2 	EQU 	664
CCPR2H 	EQU 	665
CCPR2L 	EQU 	664
CCPTMRS 	EQU 	670
CDAFVR0 	EQU 	2
CDAFVR1 	EQU 	3
CFGS 	EQU 	6
CHS0 	EQU 	2
CHS1 	EQU 	3
CHS2 	EQU 	4
CHS3 	EQU 	5
CHS4 	EQU 	6
CKE 	EQU 	6
CKP 	EQU 	4
CKPPS 	EQU 	3621
CLC1CON 	EQU 	3856
CLC1GLS0 	EQU 	3862
CLC1GLS0_D1N 	EQU 	0
CLC1GLS0_D1T 	EQU 	1
CLC1GLS0_D2N 	EQU 	2
CLC1GLS0_D2T 	EQU 	3
CLC1GLS0_D3N 	EQU 	4
CLC1GLS0_D3T 	EQU 	5
CLC1GLS0_D4N 	EQU 	6
CLC1GLS0_D4T 	EQU 	7
CLC1GLS1 	EQU 	3863
CLC1GLS2 	EQU 	3864
CLC1GLS2_D1N 	EQU 	0
CLC1GLS2_D1T 	EQU 	1
CLC1GLS2_D2N 	EQU 	2
CLC1GLS2_D2T 	EQU 	3
CLC1GLS2_D3N 	EQU 	4
CLC1GLS2_D3T 	EQU 	5
CLC1GLS2_D4N 	EQU 	6
CLC1GLS2_D4T 	EQU 	7
CLC1GLS3 	EQU 	3865
CLC1IE 	EQU 	0
CLC1IF 	EQU 	0
CLC1POL 	EQU 	3857
CLC1SEL0 	EQU 	3858
CLC1SEL1 	EQU 	3859
CLC1SEL2 	EQU 	3860
CLC1SEL3 	EQU 	3861
CLC2CON 	EQU 	3866
CLC2CON_EN 	EQU 	7
CLC2CON_INTN 	EQU 	3
CLC2CON_INTP 	EQU 	4
CLC2CON_MODE0 	EQU 	0
CLC2CON_MODE1 	EQU 	1
CLC2CON_MODE2 	EQU 	2
CLC2CON_OUT 	EQU 	5
CLC2GLS0 	EQU 	3872
CLC2GLS0_D1N 	EQU 	0
CLC2GLS0_D1T 	EQU 	1
CLC2GLS0_D2N 	EQU 	2
CLC2GLS0_D2T 	EQU 	3
CLC2GLS0_D3N 	EQU 	4
CLC2GLS0_D3T 	EQU 	5
CLC2GLS0_D4N 	EQU 	6
CLC2GLS0_D4T 	EQU 	7
CLC2GLS1 	EQU 	3873
CLC2GLS1_D1N 	EQU 	0
CLC2GLS1_D1T 	EQU 	1
CLC2GLS1_D2N 	EQU 	2
CLC2GLS1_D2T 	EQU 	3
CLC2GLS1_D3N 	EQU 	4
CLC2GLS1_D3T 	EQU 	5
CLC2GLS1_D4N 	EQU 	6
CLC2GLS1_D4T 	EQU 	7
CLC2GLS2 	EQU 	3874
CLC2GLS2_D1N 	EQU 	0
CLC2GLS2_D1T 	EQU 	1
CLC2GLS2_D2N 	EQU 	2
CLC2GLS2_D2T 	EQU 	3
CLC2GLS2_D3N 	EQU 	4
CLC2GLS2_D3T 	EQU 	5
CLC2GLS2_D4N 	EQU 	6
CLC2GLS2_D4T 	EQU 	7
CLC2GLS3 	EQU 	3875
CLC2GLS3_G4D1N 	EQU 	0
CLC2GLS3_G4D1T 	EQU 	1
CLC2GLS3_G4D2N 	EQU 	2
CLC2GLS3_G4D2T 	EQU 	3
CLC2GLS3_G4D3N 	EQU 	4
CLC2GLS3_G4D3T 	EQU 	5
CLC2GLS3_G4D4N 	EQU 	6
CLC2GLS3_G4D4T 	EQU 	7
CLC2IE 	EQU 	1
CLC2IF 	EQU 	1
CLC2POL 	EQU 	3867
CLC2POL_G1POL 	EQU 	0
CLC2POL_G2POL 	EQU 	1
CLC2POL_G3POL 	EQU 	2
CLC2POL_G4POL 	EQU 	3
CLC2POL_POL 	EQU 	7
CLC2SEL0 	EQU 	3868
CLC2SEL0_D1S0 	EQU 	0
CLC2SEL0_D1S1 	EQU 	1
CLC2SEL0_D1S2 	EQU 	2
CLC2SEL0_D1S3 	EQU 	3
CLC2SEL0_D1S4 	EQU 	4
CLC2SEL1 	EQU 	3869
CLC2SEL1_D2S0 	EQU 	0
CLC2SEL1_D2S1 	EQU 	1
CLC2SEL1_D2S2 	EQU 	2
CLC2SEL1_D2S3 	EQU 	3
CLC2SEL1_D2S4 	EQU 	4
CLC2SEL2 	EQU 	3870
CLC2SEL2_D3S0 	EQU 	0
CLC2SEL2_D3S1 	EQU 	1
CLC2SEL2_D3S2 	EQU 	2
CLC2SEL2_D3S3 	EQU 	3
CLC2SEL2_D3S4 	EQU 	4
CLC2SEL3 	EQU 	3871
CLC2SEL3_D4S0 	EQU 	0
CLC2SEL3_D4S1 	EQU 	1
CLC2SEL3_D4S2 	EQU 	2
CLC2SEL3_D4S3 	EQU 	3
CLC2SEL3_D4S4 	EQU 	4
CLC3CON 	EQU 	3876
CLC3CON_EN 	EQU 	7
CLC3CON_INTN 	EQU 	3
CLC3CON_INTP 	EQU 	4
CLC3CON_MODE0 	EQU 	0
CLC3CON_MODE1 	EQU 	1
CLC3CON_MODE2 	EQU 	2
CLC3CON_OUT 	EQU 	5
CLC3GLS0 	EQU 	3882
CLC3GLS0_D1N 	EQU 	0
CLC3GLS0_D1T 	EQU 	1
CLC3GLS0_D2N 	EQU 	2
CLC3GLS0_D2T 	EQU 	3
CLC3GLS0_D3N 	EQU 	4
CLC3GLS0_D3T 	EQU 	5
CLC3GLS0_D4N 	EQU 	6
CLC3GLS0_D4T 	EQU 	7
CLC3GLS1 	EQU 	3883
CLC3GLS1_D1N 	EQU 	0
CLC3GLS1_D1T 	EQU 	1
CLC3GLS1_D2N 	EQU 	2
CLC3GLS1_D2T 	EQU 	3
CLC3GLS1_D3N 	EQU 	4
CLC3GLS1_D3T 	EQU 	5
CLC3GLS1_D4N 	EQU 	6
CLC3GLS1_D4T 	EQU 	7
CLC3GLS2 	EQU 	3884
CLC3GLS2_D1N 	EQU 	0
CLC3GLS2_D1T 	EQU 	1
CLC3GLS2_D2N 	EQU 	2
CLC3GLS2_D2T 	EQU 	3
CLC3GLS2_D3N 	EQU 	4
CLC3GLS2_D3T 	EQU 	5
CLC3GLS2_D4N 	EQU 	6
CLC3GLS2_D4T 	EQU 	7
CLC3GLS3 	EQU 	3885
CLC3GLS3_G4D1N 	EQU 	0
CLC3GLS3_G4D1T 	EQU 	1
CLC3GLS3_G4D2N 	EQU 	2
CLC3GLS3_G4D2T 	EQU 	3
CLC3GLS3_G4D3N 	EQU 	4
CLC3GLS3_G4D3T 	EQU 	5
CLC3GLS3_G4D4N 	EQU 	6
CLC3GLS3_G4D4T 	EQU 	7
CLC3IE 	EQU 	2
CLC3IF 	EQU 	2
CLC3POL 	EQU 	3877
CLC3POL_G1POL 	EQU 	0
CLC3POL_G2POL 	EQU 	1
CLC3POL_G3POL 	EQU 	2
CLC3POL_G4POL 	EQU 	3
CLC3POL_POL 	EQU 	7
CLC3SEL0 	EQU 	3878
CLC3SEL0_D1S0 	EQU 	0
CLC3SEL0_D1S1 	EQU 	1
CLC3SEL0_D1S2 	EQU 	2
CLC3SEL0_D1S3 	EQU 	3
CLC3SEL0_D1S4 	EQU 	4
CLC3SEL1 	EQU 	3879
CLC3SEL1_D2S0 	EQU 	0
CLC3SEL1_D2S1 	EQU 	1
CLC3SEL1_D2S2 	EQU 	2
CLC3SEL1_D2S3 	EQU 	3
CLC3SEL1_D2S4 	EQU 	4
CLC3SEL2 	EQU 	3880
CLC3SEL2_D3S0 	EQU 	0
CLC3SEL2_D3S1 	EQU 	1
CLC3SEL2_D3S2 	EQU 	2
CLC3SEL2_D3S3 	EQU 	3
CLC3SEL2_D3S4 	EQU 	4
CLC3SEL3 	EQU 	3881
CLC3SEL3_D4S0 	EQU 	0
CLC3SEL3_D4S1 	EQU 	1
CLC3SEL3_D4S2 	EQU 	2
CLC3SEL3_D4S3 	EQU 	3
CLC3SEL3_D4S4 	EQU 	4
CLCDATA 	EQU 	3855
CLCIN0PPS 	EQU 	3624
CLCIN1PPS 	EQU 	3625
CLCIN2PPS 	EQU 	3626
CLCIN3PPS 	EQU 	3627
CM1CON0 	EQU 	273
CM1CON1 	EQU 	274
CM2CON0 	EQU 	275
CM2CON1 	EQU 	276
CMOUT 	EQU 	277
COG1ASD0 	EQU 	1693
COG1ASD1 	EQU 	1694
COG1BLKF 	EQU 	1684
COG1BLKR 	EQU 	1683
COG1CON0 	EQU 	1687
COG1CON1 	EQU 	1688
COG1DBF 	EQU 	1686
COG1DBR 	EQU 	1685
COG1FIS 	EQU 	1691
COG1FSIM 	EQU 	1692
COG1PHF 	EQU 	1682
COG1PHR 	EQU 	1681
COG1RIS 	EQU 	1689
COG1RSIM 	EQU 	1690
COG1STR 	EQU 	1695
COGIE 	EQU 	5
COGIF 	EQU 	5
COGINPPS 	EQU 	3607
COMPORT 	EQU 	34
CREN 	EQU 	4
CSRC 	EQU 	7
C_SHAD 	EQU 	0
D1N 	EQU 	0
D1S0 	EQU 	0
D1S1 	EQU 	1
D1S2 	EQU 	2
D1S3 	EQU 	3
D1S4 	EQU 	4
D1T 	EQU 	1
D2N 	EQU 	2
D2S0 	EQU 	0
D2S1 	EQU 	1
D2S2 	EQU 	2
D2S3 	EQU 	3
D2S4 	EQU 	4
D2T 	EQU 	3
D3N 	EQU 	4
D3S0 	EQU 	0
D3S1 	EQU 	1
D3S2 	EQU 	2
D3S3 	EQU 	3
D3S4 	EQU 	4
D3T 	EQU 	5
D4N 	EQU 	6
D4S0 	EQU 	0
D4S1 	EQU 	1
D4S2 	EQU 	2
D4S3 	EQU 	3
D4S4 	EQU 	4
D4T 	EQU 	7
DAC1CON0 	EQU 	280
DAC1CON1 	EQU 	281
DAC1EN 	EQU 	7
DAC1NSS 	EQU 	0
DAC1OE1 	EQU 	5
DAC1OE2 	EQU 	4
DAC1PSS0 	EQU 	2
DAC1PSS1 	EQU 	3
DAC1R0 	EQU 	0
DAC1R1 	EQU 	1
DAC1R2 	EQU 	2
DAC1R3 	EQU 	3
DAC1R4 	EQU 	4
DAC1R5 	EQU 	5
DAC1R6 	EQU 	6
DAC1R7 	EQU 	7
DACEN 	EQU 	7
DACNSS 	EQU 	0
DACOE0 	EQU 	4
DACOE1 	EQU 	5
DACPSS0 	EQU 	2
DACPSS1 	EQU 	3
DACR0 	EQU 	0
DACR1 	EQU 	1
DACR2 	EQU 	2
DACR3 	EQU 	3
DACR4 	EQU 	4
DACR5 	EQU 	5
DACR6 	EQU 	6
DACR7 	EQU 	7
DC 	EQU 	1
DC1B0 	EQU 	4
DC1B1 	EQU 	5
DC2B0 	EQU 	4
DC2B1 	EQU 	5
DC_SHAD 	EQU 	1
DELAYTEMP 	EQU 	112
DELAYTEMP2 	EQU 	113
DELAY_MS 	EQU 	409
DELAY_S 	EQU 	423
DHEN 	EQU 	0
DISPLAYPAGE0 	EQU 	341
DIV8NOTNEG 	EQU 	1234
DMS_INNER 	EQU 	414
DMS_OUTER 	EQU 	412
DMS_START 	EQU 	410
DS_START 	EQU 	423
D_NOT_A 	EQU 	5
ECCP1CON 	EQU 	659
ECCP1CON_CCP1M0 	EQU 	0
ECCP1CON_CCP1M1 	EQU 	1
ECCP1CON_CCP1M2 	EQU 	2
ECCP1CON_CCP1M3 	EQU 	3
ECCP1CON_CCP1X 	EQU 	5
ECCP1CON_CCP1Y 	EQU 	4
ECCP1CON_DC1B0 	EQU 	4
ECCP1CON_DC1B1 	EQU 	5
ECCP2CON 	EQU 	666
ECCP2CON_CCP2M0 	EQU 	0
ECCP2CON_CCP2M1 	EQU 	1
ECCP2CON_CCP2M2 	EQU 	2
ECCP2CON_CCP2M3 	EQU 	3
ECCP2CON_CCP2X 	EQU 	5
ECCP2CON_CCP2Y 	EQU 	4
ECCP2CON_DC2B0 	EQU 	4
ECCP2CON_DC2B1 	EQU 	5
ELSE15_1 	EQU 	732
ELSE18_1 	EQU 	967
EN 	EQU 	7
ENDIF1 	EQU 	307
ENDIF10 	EQU 	828
ENDIF11 	EQU 	833
ENDIF12 	EQU 	589
ENDIF15 	EQU 	736
ENDIF18 	EQU 	976
ENDIF19 	EQU 	1259
ENDIF2 	EQU 	302
ENDIF20 	EQU 	1278
ENDIF21 	EQU 	1329
ENDIF22 	EQU 	1360
ENDIF23 	EQU 	850
ENDIF24 	EQU 	623
ENDIF25 	EQU 	655
ENDIF26 	EQU 	685
ENDIF27 	EQU 	714
ENDIF3 	EQU 	232
ENDIF4 	EQU 	952
ENDIF5 	EQU 	1017
ENDIF6 	EQU 	1056
ENDIF7 	EQU 	1093
ENDIF8 	EQU 	1129
ENDIF9 	EQU 	833
F 	EQU 	1
FERR 	EQU 	2
FN_BGETC 	EQU 	311
FN_HSERRECEIVE661 	EQU 	809
FN_STR 	EQU 	977
FREE 	EQU 	4
FSR0 	EQU 	4
FSR0H 	EQU 	5
FSR0H_SHAD 	EQU 	4073
FSR0L 	EQU 	4
FSR0L_SHAD 	EQU 	4072
FSR1 	EQU 	6
FSR1H 	EQU 	7
FSR1H_SHAD 	EQU 	4075
FSR1L 	EQU 	6
FSR1L_SHAD 	EQU 	4074
FVRCON 	EQU 	279
FVREN 	EQU 	7
FVRRDY 	EQU 	6
G1ARSEN 	EQU 	6
G1AS0E 	EQU 	0
G1AS1E 	EQU 	1
G1AS2E 	EQU 	2
G1AS3E 	EQU 	3
G1ASDAC0 	EQU 	2
G1ASDAC1 	EQU 	3
G1ASDBD0 	EQU 	4
G1ASDBD1 	EQU 	5
G1ASE 	EQU 	7
G1BLKF0 	EQU 	0
G1BLKF1 	EQU 	1
G1BLKF2 	EQU 	2
G1BLKF3 	EQU 	3
G1BLKF4 	EQU 	4
G1BLKF5 	EQU 	5
G1BLKR0 	EQU 	0
G1BLKR1 	EQU 	1
G1BLKR2 	EQU 	2
G1BLKR3 	EQU 	3
G1BLKR4 	EQU 	4
G1BLKR5 	EQU 	5
G1CS0 	EQU 	3
G1CS1 	EQU 	4
G1DBF0 	EQU 	0
G1DBF1 	EQU 	1
G1DBF2 	EQU 	2
G1DBF3 	EQU 	3
G1DBF4 	EQU 	4
G1DBF5 	EQU 	5
G1DBR0 	EQU 	0
G1DBR1 	EQU 	1
G1DBR2 	EQU 	2
G1DBR3 	EQU 	3
G1DBR4 	EQU 	4
G1DBR5 	EQU 	5
G1EN 	EQU 	7
G1FDBS 	EQU 	6
G1FIS0 	EQU 	0
G1FIS1 	EQU 	1
G1FIS2 	EQU 	2
G1FIS3 	EQU 	3
G1FIS4 	EQU 	4
G1FIS5 	EQU 	5
G1FIS6 	EQU 	6
G1FSIM0 	EQU 	0
G1FSIM1 	EQU 	1
G1FSIM2 	EQU 	2
G1FSIM3 	EQU 	3
G1FSIM4 	EQU 	4
G1FSIM5 	EQU 	5
G1FSIM6 	EQU 	6
G1LD 	EQU 	6
G1MD0 	EQU 	0
G1MD1 	EQU 	1
G1MD2 	EQU 	2
G1PHF0 	EQU 	0
G1PHF1 	EQU 	1
G1PHF2 	EQU 	2
G1PHF3 	EQU 	3
G1PHF4 	EQU 	4
G1PHF5 	EQU 	5
G1PHR0 	EQU 	0
G1PHR1 	EQU 	1
G1PHR2 	EQU 	2
G1PHR3 	EQU 	3
G1PHR4 	EQU 	4
G1PHR5 	EQU 	5
G1POL 	EQU 	0
G1POLA 	EQU 	0
G1POLB 	EQU 	1
G1POLC 	EQU 	2
G1POLD 	EQU 	3
G1RDBS 	EQU 	7
G1RIS0 	EQU 	0
G1RIS1 	EQU 	1
G1RIS2 	EQU 	2
G1RIS3 	EQU 	3
G1RIS4 	EQU 	4
G1RIS5 	EQU 	5
G1RIS6 	EQU 	6
G1RSIM0 	EQU 	0
G1RSIM1 	EQU 	1
G1RSIM2 	EQU 	2
G1RSIM3 	EQU 	3
G1RSIM4 	EQU 	4
G1RSIM5 	EQU 	5
G1RSIM6 	EQU 	6
G1SDATA 	EQU 	4
G1SDATB 	EQU 	5
G1SDATC 	EQU 	6
G1SDATD 	EQU 	7
G1STRA 	EQU 	0
G1STRB 	EQU 	1
G1STRC 	EQU 	2
G1STRD 	EQU 	3
G2POL 	EQU 	1
G3POL 	EQU 	2
G4D1N 	EQU 	0
G4D1T 	EQU 	1
G4D2N 	EQU 	2
G4D2T 	EQU 	3
G4D3N 	EQU 	4
G4D3T 	EQU 	5
G4D4N 	EQU 	6
G4D4T 	EQU 	7
G4POL 	EQU 	3
GCEN 	EQU 	7
GIE 	EQU 	7
GLCDBACKGROUND 	EQU 	35
GLCDBACKGROUND_H 	EQU 	36
GLCDFNTDEFAULT 	EQU 	37
GLCDFNTDEFAULTSIZE 	EQU 	38
GLCDFONTWIDTH 	EQU 	39
GLCDSENDOPINSTRUCTION_NEXTION 	EQU 	431
GLCDUPDATEOBJECT_NEXTION354 	EQU 	461
GLCDUPDATEOBJECT_NEXTION355 	EQU 	497
GLCDUPDATEOBJECT_NEXTION356 	EQU 	531
GLCD_YORDINATE 	EQU 	40
GLCD_YORDINATE_H 	EQU 	41
GO 	EQU 	1
GO_DONE 	EQU 	1
GO_NOT_DONE 	EQU 	1
HFIOFL 	EQU 	3
HFIOFR 	EQU 	4
HFIOFS 	EQU 	0
HSERPRINT670 	EQU 	561
HSERPRINT672 	EQU 	590
HSERPRINT673 	EQU 	719
HSERPRINT674 	EQU 	737
HSERPRINTWORD10 	EQU 	696
HSERPRINTWORD100 	EQU 	666
HSERPRINTWORD1000 	EQU 	635
HSERRECEIVE 	EQU 	42
HSERRECEIVE665 	EQU 	815
HSERSEND659 	EQU 	835
HSERSEND660 	EQU 	842
ICDBK0H 	EQU 	3998
INCOMINGBYTEFROMNEXTION 	EQU 	43
INDF0 	EQU 	0
INDF1 	EQU 	1
INITGLCD_NEXTION 	EQU 	852
INITPPS 	EQU 	885
INITSYS 	EQU 	893
INITUSART 	EQU 	911
INLVLA 	EQU 	908
INLVLA0 	EQU 	0
INLVLA1 	EQU 	1
INLVLA2 	EQU 	2
INLVLA3 	EQU 	3
INLVLA4 	EQU 	4
INLVLA5 	EQU 	5
INLVLC 	EQU 	910
INLVLC0 	EQU 	0
INLVLC1 	EQU 	1
INLVLC2 	EQU 	2
INLVLC3 	EQU 	3
INLVLC4 	EQU 	4
INLVLC5 	EQU 	5
INTCON 	EQU 	11
INTE 	EQU 	4
INTEDG 	EQU 	6
INTERRUPT 	EQU 	4
INTERRUPTDONE 	EQU 	36
INTF 	EQU 	1
INTN 	EQU 	3
INTP 	EQU 	4
INTPPS 	EQU 	3600
IOCAF 	EQU 	915
IOCAF0 	EQU 	0
IOCAF1 	EQU 	1
IOCAF2 	EQU 	2
IOCAF3 	EQU 	3
IOCAF4 	EQU 	4
IOCAF5 	EQU 	5
IOCAN 	EQU 	914
IOCAN0 	EQU 	0
IOCAN1 	EQU 	1
IOCAN2 	EQU 	2
IOCAN3 	EQU 	3
IOCAN4 	EQU 	4
IOCAN5 	EQU 	5
IOCAP 	EQU 	913
IOCAP0 	EQU 	0
IOCAP1 	EQU 	1
IOCAP2 	EQU 	2
IOCAP3 	EQU 	3
IOCAP4 	EQU 	4
IOCAP5 	EQU 	5
IOCCF 	EQU 	921
IOCCF0 	EQU 	0
IOCCF1 	EQU 	1
IOCCF2 	EQU 	2
IOCCF3 	EQU 	3
IOCCF4 	EQU 	4
IOCCF5 	EQU 	5
IOCCN 	EQU 	920
IOCCN0 	EQU 	0
IOCCN1 	EQU 	1
IOCCN2 	EQU 	2
IOCCN3 	EQU 	3
IOCCN4 	EQU 	4
IOCCN5 	EQU 	5
IOCCP 	EQU 	919
IOCCP0 	EQU 	0
IOCCP1 	EQU 	1
IOCCP2 	EQU 	2
IOCCP3 	EQU 	3
IOCCP4 	EQU 	4
IOCCP5 	EQU 	5
IOCIE 	EQU 	3
IOCIF 	EQU 	0
IRCF0 	EQU 	3
IRCF1 	EQU 	4
IRCF2 	EQU 	5
IRCF3 	EQU 	6
LATA 	EQU 	268
LATA0 	EQU 	0
LATA1 	EQU 	1
LATA2 	EQU 	2
LATA4 	EQU 	4
LATA5 	EQU 	5
LATC 	EQU 	270
LATC0 	EQU 	0
LATC1 	EQU 	1
LATC2 	EQU 	2
LATC3 	EQU 	3
LATC4 	EQU 	4
LATC5 	EQU 	5
LC1D1S0 	EQU 	0
LC1D1S1 	EQU 	1
LC1D1S2 	EQU 	2
LC1D1S3 	EQU 	3
LC1D1S4 	EQU 	4
LC1D2S0 	EQU 	0
LC1D2S1 	EQU 	1
LC1D2S2 	EQU 	2
LC1D2S3 	EQU 	3
LC1D2S4 	EQU 	4
LC1D3S0 	EQU 	0
LC1D3S1 	EQU 	1
LC1D3S2 	EQU 	2
LC1D3S3 	EQU 	3
LC1D3S4 	EQU 	4
LC1D4S0 	EQU 	0
LC1D4S1 	EQU 	1
LC1D4S2 	EQU 	2
LC1D4S3 	EQU 	3
LC1D4S4 	EQU 	4
LC1EN 	EQU 	7
LC1G1D1N 	EQU 	0
LC1G1D1T 	EQU 	1
LC1G1D2N 	EQU 	2
LC1G1D2T 	EQU 	3
LC1G1D3N 	EQU 	4
LC1G1D3T 	EQU 	5
LC1G1D4N 	EQU 	6
LC1G1D4T 	EQU 	7
LC1G1POL 	EQU 	0
LC1G2D1N 	EQU 	0
LC1G2D1T 	EQU 	1
LC1G2D2N 	EQU 	2
LC1G2D2T 	EQU 	3
LC1G2D3N 	EQU 	4
LC1G2D3T 	EQU 	5
LC1G2D4N 	EQU 	6
LC1G2D4T 	EQU 	7
LC1G2POL 	EQU 	1
LC1G3D1N 	EQU 	0
LC1G3D1T 	EQU 	1
LC1G3D2N 	EQU 	2
LC1G3D2T 	EQU 	3
LC1G3D3N 	EQU 	4
LC1G3D3T 	EQU 	5
LC1G3D4N 	EQU 	6
LC1G3D4T 	EQU 	7
LC1G3POL 	EQU 	2
LC1G4D1N 	EQU 	0
LC1G4D1T 	EQU 	1
LC1G4D2N 	EQU 	2
LC1G4D2T 	EQU 	3
LC1G4D3N 	EQU 	4
LC1G4D3T 	EQU 	5
LC1G4D4N 	EQU 	6
LC1G4D4T 	EQU 	7
LC1G4POL 	EQU 	3
LC1INTN 	EQU 	3
LC1INTP 	EQU 	4
LC1MODE0 	EQU 	0
LC1MODE1 	EQU 	1
LC1MODE2 	EQU 	2
LC1OUT 	EQU 	5
LC1POL 	EQU 	7
LC2D1S0 	EQU 	0
LC2D1S1 	EQU 	1
LC2D1S2 	EQU 	2
LC2D1S3 	EQU 	3
LC2D1S4 	EQU 	4
LC2D2S0 	EQU 	0
LC2D2S1 	EQU 	1
LC2D2S2 	EQU 	2
LC2D2S3 	EQU 	3
LC2D2S4 	EQU 	4
LC2D3S0 	EQU 	0
LC2D3S1 	EQU 	1
LC2D3S2 	EQU 	2
LC2D3S3 	EQU 	3
LC2D3S4 	EQU 	4
LC2D4S0 	EQU 	0
LC2D4S1 	EQU 	1
LC2D4S2 	EQU 	2
LC2D4S3 	EQU 	3
LC2D4S4 	EQU 	4
LC2EN 	EQU 	7
LC2G1D1N 	EQU 	0
LC2G1D1T 	EQU 	1
LC2G1D2N 	EQU 	2
LC2G1D2T 	EQU 	3
LC2G1D3N 	EQU 	4
LC2G1D3T 	EQU 	5
LC2G1D4N 	EQU 	6
LC2G1D4T 	EQU 	7
LC2G1POL 	EQU 	0
LC2G2D1N 	EQU 	0
LC2G2D1T 	EQU 	1
LC2G2D2N 	EQU 	2
LC2G2D2T 	EQU 	3
LC2G2D3N 	EQU 	4
LC2G2D3T 	EQU 	5
LC2G2D4N 	EQU 	6
LC2G2D4T 	EQU 	7
LC2G2POL 	EQU 	1
LC2G3D1N 	EQU 	0
LC2G3D1T 	EQU 	1
LC2G3D2N 	EQU 	2
LC2G3D2T 	EQU 	3
LC2G3D3N 	EQU 	4
LC2G3D3T 	EQU 	5
LC2G3D4N 	EQU 	6
LC2G3D4T 	EQU 	7
LC2G3POL 	EQU 	2
LC2G4D1N 	EQU 	0
LC2G4D1T 	EQU 	1
LC2G4D2N 	EQU 	2
LC2G4D2T 	EQU 	3
LC2G4D3N 	EQU 	4
LC2G4D3T 	EQU 	5
LC2G4D4N 	EQU 	6
LC2G4D4T 	EQU 	7
LC2G4POL 	EQU 	3
LC2INTN 	EQU 	3
LC2INTP 	EQU 	4
LC2MODE0 	EQU 	0
LC2MODE1 	EQU 	1
LC2MODE2 	EQU 	2
LC2OUT 	EQU 	5
LC2POL 	EQU 	7
LC3D1S0 	EQU 	0
LC3D1S1 	EQU 	1
LC3D1S2 	EQU 	2
LC3D1S3 	EQU 	3
LC3D1S4 	EQU 	4
LC3D2S0 	EQU 	0
LC3D2S1 	EQU 	1
LC3D2S2 	EQU 	2
LC3D2S3 	EQU 	3
LC3D2S4 	EQU 	4
LC3D3S0 	EQU 	0
LC3D3S1 	EQU 	1
LC3D3S2 	EQU 	2
LC3D3S3 	EQU 	3
LC3D3S4 	EQU 	4
LC3D4S0 	EQU 	0
LC3D4S1 	EQU 	1
LC3D4S2 	EQU 	2
LC3D4S3 	EQU 	3
LC3D4S4 	EQU 	4
LC3EN 	EQU 	7
LC3G1D1N 	EQU 	0
LC3G1D1T 	EQU 	1
LC3G1D2N 	EQU 	2
LC3G1D2T 	EQU 	3
LC3G1D3N 	EQU 	4
LC3G1D3T 	EQU 	5
LC3G1D4N 	EQU 	6
LC3G1D4T 	EQU 	7
LC3G1POL 	EQU 	0
LC3G2D1N 	EQU 	0
LC3G2D1T 	EQU 	1
LC3G2D2N 	EQU 	2
LC3G2D2T 	EQU 	3
LC3G2D3N 	EQU 	4
LC3G2D3T 	EQU 	5
LC3G2D4N 	EQU 	6
LC3G2D4T 	EQU 	7
LC3G2POL 	EQU 	1
LC3G3D1N 	EQU 	0
LC3G3D1T 	EQU 	1
LC3G3D2N 	EQU 	2
LC3G3D2T 	EQU 	3
LC3G3D3N 	EQU 	4
LC3G3D3T 	EQU 	5
LC3G3D4N 	EQU 	6
LC3G3D4T 	EQU 	7
LC3G3POL 	EQU 	2
LC3G4D1N 	EQU 	0
LC3G4D1T 	EQU 	1
LC3G4D2N 	EQU 	2
LC3G4D2T 	EQU 	3
LC3G4D3N 	EQU 	4
LC3G4D3T 	EQU 	5
LC3G4D4N 	EQU 	6
LC3G4D4T 	EQU 	7
LC3G4POL 	EQU 	3
LC3INTN 	EQU 	3
LC3INTP 	EQU 	4
LC3MODE0 	EQU 	0
LC3MODE1 	EQU 	1
LC3MODE2 	EQU 	2
LC3OUT 	EQU 	5
LC3POL 	EQU 	7
LFIOFR 	EQU 	1
LWLO 	EQU 	5
MC1OUT 	EQU 	0
MC2OUT 	EQU 	1
MCLC1OUT 	EQU 	0
MCLC2OUT 	EQU 	1
MCLC3OUT 	EQU 	2
MFIOFR 	EQU 	2
MODE0 	EQU 	0
MODE1 	EQU 	1
MODE2 	EQU 	2
MSK0 	EQU 	0
MSK1 	EQU 	1
MSK2 	EQU 	2
MSK3 	EQU 	3
MSK4 	EQU 	4
MSK5 	EQU 	5
MSK6 	EQU 	6
MSK7 	EQU 	7
NEXTIONNUMBERDATA 	EQU 	44
NEXTIONNUMBERDATA_E 	EQU 	47
NEXTIONNUMBERDATA_H 	EQU 	45
NEXTIONNUMBERDATA_U 	EQU 	46
NEXT_IN 	EQU 	48
NEXT_OUT 	EQU 	49
NOTRCIF 	EQU 	36
NOT_BOR 	EQU 	0
NOT_PD 	EQU 	3
NOT_POR 	EQU 	1
NOT_RI 	EQU 	2
NOT_RMCLR 	EQU 	3
NOT_RWDT 	EQU 	4
NOT_T1SYNC 	EQU 	2
NOT_TO 	EQU 	4
NOT_WPUEN 	EQU 	7
ODA0 	EQU 	0
ODA1 	EQU 	1
ODA2 	EQU 	2
ODA4 	EQU 	4
ODA5 	EQU 	5
ODC0 	EQU 	0
ODC1 	EQU 	1
ODC2 	EQU 	2
ODC3 	EQU 	3
ODC4 	EQU 	4
ODC5 	EQU 	5
ODCONA 	EQU 	652
ODCONC 	EQU 	654
OERR 	EQU 	1
OPA1CON 	EQU 	1297
OPA1EN 	EQU 	7
OPA1PCH0 	EQU 	0
OPA1PCH1 	EQU 	1
OPA1SP 	EQU 	6
OPA1UG 	EQU 	4
OPA2CON 	EQU 	1301
OPA2EN 	EQU 	7
OPA2PCH0 	EQU 	0
OPA2PCH1 	EQU 	1
OPA2SP 	EQU 	6
OPA2UG 	EQU 	4
OPTION_REG 	EQU 	149
OSCCON 	EQU 	153
OSCSTAT 	EQU 	154
OSCTUNE 	EQU 	152
OSFIE 	EQU 	7
OSFIF 	EQU 	7
OSTS 	EQU 	5
OUT 	EQU 	5
OUTSTATE 	EQU 	50
OUTVALUETEMP 	EQU 	51
P 	EQU 	4
P3TSEL0 	EQU 	4
P3TSEL1 	EQU 	5
P4TSEL0 	EQU 	6
P4TSEL1 	EQU 	7
PCIE 	EQU 	6
PCL 	EQU 	2
PCLATH 	EQU 	10
PCLATH_SHAD 	EQU 	4071
PCON 	EQU 	150
PEIE 	EQU 	6
PEN 	EQU 	2
PIE1 	EQU 	145
PIE2 	EQU 	146
PIE3 	EQU 	147
PIR1 	EQU 	17
PIR2 	EQU 	18
PIR3 	EQU 	19
PLLR 	EQU 	6
PMADR 	EQU 	401
PMADRH 	EQU 	402
PMADRL 	EQU 	401
PMCON1 	EQU 	405
PMCON2 	EQU 	406
PMDAT 	EQU 	403
PMDATH 	EQU 	404
PMDATL 	EQU 	403
POL 	EQU 	7
PORTA 	EQU 	12
PORTC 	EQU 	14
PPSLOCK 	EQU 	3599
PPSLOCKED 	EQU 	0
PR2 	EQU 	27
PR4 	EQU 	1046
PR6 	EQU 	1053
PRINTLEN 	EQU 	52
PRINTLOCX 	EQU 	53
PRINTLOCX_H 	EQU 	54
PRINTLOCY 	EQU 	55
PRINTLOCY_H 	EQU 	56
PS0 	EQU 	0
PS1 	EQU 	1
PS2 	EQU 	2
PSA 	EQU 	3
PWM3CON 	EQU 	1561
PWM3CON0 	EQU 	1561
PWM3CON0_PWM3EN 	EQU 	7
PWM3CON0_PWM3OUT 	EQU 	5
PWM3CON0_PWM3POL 	EQU 	4
PWM3DCH 	EQU 	1560
PWM3DCH0 	EQU 	0
PWM3DCH1 	EQU 	1
PWM3DCH2 	EQU 	2
PWM3DCH3 	EQU 	3
PWM3DCH4 	EQU 	4
PWM3DCH5 	EQU 	5
PWM3DCH6 	EQU 	6
PWM3DCH7 	EQU 	7
PWM3DCL 	EQU 	1559
PWM3DCL0 	EQU 	6
PWM3DCL1 	EQU 	7
PWM3EN 	EQU 	7
PWM3OUT 	EQU 	5
PWM3POL 	EQU 	4
PWM4CON 	EQU 	1564
PWM4CON0 	EQU 	1564
PWM4CON0_PWM4EN 	EQU 	7
PWM4CON0_PWM4OUT 	EQU 	5
PWM4CON0_PWM4POL 	EQU 	4
PWM4DCH 	EQU 	1563
PWM4DCH0 	EQU 	0
PWM4DCH1 	EQU 	1
PWM4DCH2 	EQU 	2
PWM4DCH3 	EQU 	3
PWM4DCH4 	EQU 	4
PWM4DCH5 	EQU 	5
PWM4DCH6 	EQU 	6
PWM4DCH7 	EQU 	7
PWM4DCL 	EQU 	1562
PWM4DCL0 	EQU 	6
PWM4DCL1 	EQU 	7
PWM4EN 	EQU 	7
PWM4OUT 	EQU 	5
PWM4POL 	EQU 	4
RA0 	EQU 	0
RA0PPS 	EQU 	3728
RA1 	EQU 	1
RA1PPS 	EQU 	3729
RA2 	EQU 	2
RA2PPS 	EQU 	3730
RA3 	EQU 	3
RA4 	EQU 	4
RA4PPS 	EQU 	3732
RA5 	EQU 	5
RA5PPS 	EQU 	3733
RC0 	EQU 	0
RC0PPS 	EQU 	3744
RC1 	EQU 	1
RC1PPS 	EQU 	3745
RC1REG 	EQU 	409
RC1STA 	EQU 	413
RC2 	EQU 	2
RC2PPS 	EQU 	3746
RC3 	EQU 	3
RC3PPS 	EQU 	3747
RC4 	EQU 	4
RC4PPS 	EQU 	3748
RC5 	EQU 	5
RC5PPS 	EQU 	3749
RCEN 	EQU 	3
RCIDL 	EQU 	6
RCIE 	EQU 	5
RCIF 	EQU 	5
RCREG 	EQU 	409
RCREG1 	EQU 	409
RCSTA 	EQU 	413
RCSTA1 	EQU 	413
RCSTA1_ADDEN 	EQU 	3
RCSTA1_CREN 	EQU 	4
RCSTA1_FERR 	EQU 	2
RCSTA1_OERR 	EQU 	1
RCSTA1_RX9 	EQU 	6
RCSTA1_RX9D 	EQU 	0
RCSTA1_SPEN 	EQU 	7
RCSTA1_SREN 	EQU 	5
RCSTA_ADDEN 	EQU 	3
RCSTA_CREN 	EQU 	4
RCSTA_FERR 	EQU 	2
RCSTA_OERR 	EQU 	1
RCSTA_RX9 	EQU 	6
RCSTA_RX9D 	EQU 	0
RCSTA_SPEN 	EQU 	7
RCSTA_SREN 	EQU 	5
RD 	EQU 	0
READUSART 	EQU 	926
RESERVED 	EQU 	0
RSEN 	EQU 	1
RX9 	EQU 	6
RX9D 	EQU 	0
RXPPS 	EQU 	3620
R_NOT_W 	EQU 	2
S 	EQU 	3
SAVEFSR0H 	EQU 	57
SAVEFSR0L 	EQU 	58
SAVEPCLATH 	EQU 	59
SAVESYSBYTETEMPA 	EQU 	60
SAVESYSBYTETEMPB 	EQU 	61
SAVESYSBYTETEMPX 	EQU 	62
SAVESYSDIVLOOP 	EQU 	63
SAVESYSTEMP1 	EQU 	64
SBCDE 	EQU 	2
SBOREN 	EQU 	7
SCIE 	EQU 	5
SCKP 	EQU 	4
SCLT16TRUE 	EQU 	1198
SCS0 	EQU 	0
SCS1 	EQU 	1
SDAHT 	EQU 	3
SEN 	EQU 	0
SENDB 	EQU 	3
SENDPARAM_NEXTION331 	EQU 	953
SERDATA 	EQU 	65
SERPRINTVAL 	EQU 	66
SERPRINTVALINT 	EQU 	70
SERPRINTVALINT_H 	EQU 	71
SERPRINTVAL_E 	EQU 	69
SERPRINTVAL_H 	EQU 	67
SERPRINTVAL_U 	EQU 	68
SLRA0 	EQU 	0
SLRA1 	EQU 	1
SLRA2 	EQU 	2
SLRA4 	EQU 	4
SLRA5 	EQU 	5
SLRC0 	EQU 	0
SLRC1 	EQU 	1
SLRC2 	EQU 	2
SLRC3 	EQU 	3
SLRC4 	EQU 	4
SLRC5 	EQU 	5
SLRCONA 	EQU 	780
SLRCONC 	EQU 	782
SMP 	EQU 	7
SOSCR 	EQU 	7
SP1BRG 	EQU 	411
SP1BRGH 	EQU 	412
SP1BRGL 	EQU 	411
SPBRG 	EQU 	411
SPBRG1 	EQU 	411
SPBRGH 	EQU 	412
SPBRGH1 	EQU 	412
SPBRGL 	EQU 	411
SPEN 	EQU 	7
SPLLEN 	EQU 	7
SREN 	EQU 	5
SSP1ADD 	EQU 	530
SSP1ADD0 	EQU 	0
SSP1ADD1 	EQU 	1
SSP1ADD2 	EQU 	2
SSP1ADD3 	EQU 	3
SSP1ADD4 	EQU 	4
SSP1ADD5 	EQU 	5
SSP1ADD6 	EQU 	6
SSP1ADD7 	EQU 	7
SSP1BUF 	EQU 	529
SSP1BUF0 	EQU 	0
SSP1BUF1 	EQU 	1
SSP1BUF2 	EQU 	2
SSP1BUF3 	EQU 	3
SSP1BUF4 	EQU 	4
SSP1BUF5 	EQU 	5
SSP1BUF6 	EQU 	6
SSP1BUF7 	EQU 	7
SSP1CON 	EQU 	533
SSP1CON1 	EQU 	533
SSP1CON2 	EQU 	534
SSP1CON3 	EQU 	535
SSP1CON_CKP 	EQU 	4
SSP1CON_SSPEN 	EQU 	5
SSP1CON_SSPM0 	EQU 	0
SSP1CON_SSPM1 	EQU 	1
SSP1CON_SSPM2 	EQU 	2
SSP1CON_SSPM3 	EQU 	3
SSP1CON_SSPOV 	EQU 	6
SSP1CON_WCOL 	EQU 	7
SSP1IE 	EQU 	3
SSP1IF 	EQU 	3
SSP1MSK 	EQU 	531
SSP1MSK0 	EQU 	0
SSP1MSK1 	EQU 	1
SSP1MSK2 	EQU 	2
SSP1MSK3 	EQU 	3
SSP1MSK4 	EQU 	4
SSP1MSK5 	EQU 	5
SSP1MSK6 	EQU 	6
SSP1MSK7 	EQU 	7
SSP1STAT 	EQU 	532
SSPADD 	EQU 	530
SSPADD_ADD0 	EQU 	0
SSPADD_ADD1 	EQU 	1
SSPADD_ADD2 	EQU 	2
SSPADD_ADD3 	EQU 	3
SSPADD_ADD4 	EQU 	4
SSPADD_ADD5 	EQU 	5
SSPADD_ADD6 	EQU 	6
SSPADD_ADD7 	EQU 	7
SSPADD_SSP1ADD0 	EQU 	0
SSPADD_SSP1ADD1 	EQU 	1
SSPADD_SSP1ADD2 	EQU 	2
SSPADD_SSP1ADD3 	EQU 	3
SSPADD_SSP1ADD4 	EQU 	4
SSPADD_SSP1ADD5 	EQU 	5
SSPADD_SSP1ADD6 	EQU 	6
SSPADD_SSP1ADD7 	EQU 	7
SSPBUF 	EQU 	529
SSPBUF_BUF0 	EQU 	0
SSPBUF_BUF1 	EQU 	1
SSPBUF_BUF2 	EQU 	2
SSPBUF_BUF3 	EQU 	3
SSPBUF_BUF4 	EQU 	4
SSPBUF_BUF5 	EQU 	5
SSPBUF_BUF6 	EQU 	6
SSPBUF_BUF7 	EQU 	7
SSPBUF_SSP1BUF0 	EQU 	0
SSPBUF_SSP1BUF1 	EQU 	1
SSPBUF_SSP1BUF2 	EQU 	2
SSPBUF_SSP1BUF3 	EQU 	3
SSPBUF_SSP1BUF4 	EQU 	4
SSPBUF_SSP1BUF5 	EQU 	5
SSPBUF_SSP1BUF6 	EQU 	6
SSPBUF_SSP1BUF7 	EQU 	7
SSPCLKPPS 	EQU 	3616
SSPCON 	EQU 	533
SSPCON1 	EQU 	533
SSPCON1_CKP 	EQU 	4
SSPCON1_SSPEN 	EQU 	5
SSPCON1_SSPM0 	EQU 	0
SSPCON1_SSPM1 	EQU 	1
SSPCON1_SSPM2 	EQU 	2
SSPCON1_SSPM3 	EQU 	3
SSPCON1_SSPOV 	EQU 	6
SSPCON1_WCOL 	EQU 	7
SSPCON2 	EQU 	534
SSPCON2_ACKDT 	EQU 	5
SSPCON2_ACKEN 	EQU 	4
SSPCON2_ACKSTAT 	EQU 	6
SSPCON2_GCEN 	EQU 	7
SSPCON2_PEN 	EQU 	2
SSPCON2_RCEN 	EQU 	3
SSPCON2_RSEN 	EQU 	1
SSPCON2_SEN 	EQU 	0
SSPCON3 	EQU 	535
SSPCON3_ACKTIM 	EQU 	7
SSPCON3_AHEN 	EQU 	1
SSPCON3_BOEN 	EQU 	4
SSPCON3_DHEN 	EQU 	0
SSPCON3_PCIE 	EQU 	6
SSPCON3_SBCDE 	EQU 	2
SSPCON3_SCIE 	EQU 	5
SSPCON3_SDAHT 	EQU 	3
SSPCON_CKP 	EQU 	4
SSPCON_SSPEN 	EQU 	5
SSPCON_SSPM0 	EQU 	0
SSPCON_SSPM1 	EQU 	1
SSPCON_SSPM2 	EQU 	2
SSPCON_SSPM3 	EQU 	3
SSPCON_SSPOV 	EQU 	6
SSPCON_WCOL 	EQU 	7
SSPDATPPS 	EQU 	3617
SSPEN 	EQU 	5
SSPM0 	EQU 	0
SSPM1 	EQU 	1
SSPM2 	EQU 	2
SSPM3 	EQU 	3
SSPMSK 	EQU 	531
SSPMSK_MSK0 	EQU 	0
SSPMSK_MSK1 	EQU 	1
SSPMSK_MSK2 	EQU 	2
SSPMSK_MSK3 	EQU 	3
SSPMSK_MSK4 	EQU 	4
SSPMSK_MSK5 	EQU 	5
SSPMSK_MSK6 	EQU 	6
SSPMSK_MSK7 	EQU 	7
SSPMSK_SSP1MSK0 	EQU 	0
SSPMSK_SSP1MSK1 	EQU 	1
SSPMSK_SSP1MSK2 	EQU 	2
SSPMSK_SSP1MSK3 	EQU 	3
SSPMSK_SSP1MSK4 	EQU 	4
SSPMSK_SSP1MSK5 	EQU 	5
SSPMSK_SSP1MSK6 	EQU 	6
SSPMSK_SSP1MSK7 	EQU 	7
SSPOV 	EQU 	6
SSPSSPPS 	EQU 	3618
SSPSTAT 	EQU 	532
SSPSTAT_BF 	EQU 	0
SSPSTAT_CKE 	EQU 	6
SSPSTAT_D_NOT_A 	EQU 	5
SSPSTAT_P 	EQU 	4
SSPSTAT_R_NOT_W 	EQU 	2
SSPSTAT_S 	EQU 	3
SSPSTAT_SMP 	EQU 	7
SSPSTAT_UA 	EQU 	1
STATUS 	EQU 	3
STATUS_SHAD 	EQU 	4068
STKOVF 	EQU 	7
STKPTR 	EQU 	4077
STKUNF 	EQU 	6
STR 	EQU 	8887
STRINGOUTTONEXTION 	EQU 	8904
STRINGPOINTER 	EQU 	72
STRINGTABLE1 	EQU 	1402
STRINGTABLE10 	EQU 	1432
STRINGTABLE107 	EQU 	1458
STRINGTABLE11 	EQU 	1437
STRINGTABLE12 	EQU 	1442
STRINGTABLE2 	EQU 	1405
STRINGTABLE3 	EQU 	1408
STRINGTABLE36 	EQU 	1447
STRINGTABLE4 	EQU 	1411
STRINGTABLE49 	EQU 	1449
STRINGTABLE57 	EQU 	1454
STRINGTABLE58 	EQU 	1456
STRINGTABLE6 	EQU 	1415
STRINGTABLE7 	EQU 	1418
STRINGTABLE8 	EQU 	1422
STRINGTABLE9 	EQU 	1427
SWDTEN 	EQU 	0
SYNC 	EQU 	4
SYSBSR 	EQU 	73
SYSBYTETEMPA 	EQU 	117
SYSBYTETEMPB 	EQU 	121
SYSBYTETEMPX 	EQU 	112
SYSCALCTEMPA 	EQU 	117
SYSCALCTEMPA_E 	EQU 	120
SYSCALCTEMPA_H 	EQU 	118
SYSCALCTEMPA_U 	EQU 	119
SYSCALCTEMPX 	EQU 	112
SYSCALCTEMPX_H 	EQU 	113
SYSCHARCOUNT 	EQU 	74
SYSCOMPEQUAL 	EQU 	1149
SYSCOMPEQUAL16 	EQU 	1155
SYSCOMPEQUAL32 	EQU 	1166
SYSCOMPLESSTHAN16 	EQU 	1185
SYSCOPYSTRING 	EQU 	1200
SYSCOPYSTRINGCHECK 	EQU 	1207
SYSCOPYSTRINGPART 	EQU 	1204
SYSDIV16START 	EQU 	1261
SYSDIV32START 	EQU 	1331
SYSDIV8START 	EQU 	1223
SYSDIVLOOP 	EQU 	116
SYSDIVMULTA 	EQU 	119
SYSDIVMULTA_H 	EQU 	120
SYSDIVMULTB 	EQU 	123
SYSDIVMULTB_H 	EQU 	124
SYSDIVMULTX 	EQU 	114
SYSDIVMULTX_H 	EQU 	115
SYSDIVSUB 	EQU 	1217
SYSDIVSUB16 	EQU 	1237
SYSDIVSUB32 	EQU 	1289
SYSDOLOOP_E1 	EQU 	309
SYSDOLOOP_E2 	EQU 	308
SYSDOLOOP_E3 	EQU 	786
SYSDOLOOP_S1 	EQU 	125
SYSDOLOOP_S2 	EQU 	166
SYSDOLOOP_S3 	EQU 	738
SYSFORLOOP1 	EQU 	575
SYSFORLOOP2 	EQU 	792
SYSFORLOOPEND1 	EQU 	589
SYSFORLOOPEND2 	EQU 	808
SYSHSERRECEIVEBYTE 	EQU 	42
SYSLONGDIVMULTA 	EQU 	75
SYSLONGDIVMULTA_E 	EQU 	78
SYSLONGDIVMULTA_H 	EQU 	76
SYSLONGDIVMULTA_U 	EQU 	77
SYSLONGDIVMULTB 	EQU 	79
SYSLONGDIVMULTB_E 	EQU 	82
SYSLONGDIVMULTB_H 	EQU 	80
SYSLONGDIVMULTB_U 	EQU 	81
SYSLONGDIVMULTX 	EQU 	83
SYSLONGDIVMULTX_E 	EQU 	86
SYSLONGDIVMULTX_H 	EQU 	84
SYSLONGDIVMULTX_U 	EQU 	85
SYSLONGTEMPA 	EQU 	117
SYSLONGTEMPA_E 	EQU 	120
SYSLONGTEMPA_H 	EQU 	118
SYSLONGTEMPA_U 	EQU 	119
SYSLONGTEMPB 	EQU 	121
SYSLONGTEMPB_E 	EQU 	124
SYSLONGTEMPB_H 	EQU 	122
SYSLONGTEMPB_U 	EQU 	123
SYSLONGTEMPX 	EQU 	112
SYSLONGTEMPX_E 	EQU 	115
SYSLONGTEMPX_H 	EQU 	113
SYSLONGTEMPX_U 	EQU 	114
SYSNEXTIONOBJECTHANDLER 	EQU 	87
SYSNEXTIONOBJECTHANDLER_H 	EQU 	88
SYSNEXTIONSTRINGDATAHANDLER 	EQU 	89
SYSNEXTIONSTRINGDATAHANDLER_H 	EQU 	90
SYSOUTSTRINGHANDLER 	EQU 	91
SYSOUTSTRINGHANDLER_H 	EQU 	92
SYSPRINTBUFFER 	EQU 	8893
SYSPRINTBUFFLEN 	EQU 	93
SYSPRINTDATAHANDLER 	EQU 	94
SYSPRINTDATAHANDLER_H 	EQU 	95
SYSPRINTTEMP 	EQU 	96
SYSREADSTRING 	EQU 	1379
SYSREADSTRINGPART 	EQU 	1383
SYSREPEATLOOP1 	EQU 	238
SYSREPEATLOOPEND1 	EQU 	302
SYSREPEATTEMP1 	EQU 	97
SYSSELECT1CASE1 	EQU 	176
SYSSELECT1CASE2 	EQU 	303
SYSSELECT2CASE1 	EQU 	180
SYSSELECT2CASE2 	EQU 	218
SYSSELECTEND1 	EQU 	307
SYSSELECTEND2 	EQU 	302
SYSSTATUS 	EQU 	127
SYSSTRDATA 	EQU 	98
SYSSTRINGA 	EQU 	119
SYSSTRINGA_H 	EQU 	120
SYSSTRINGCOPY 	EQU 	1210
SYSSTRINGLENGTH 	EQU 	118
SYSSTRINGPARAM1 	EQU 	8882
SYSSTRINGPARAM2 	EQU 	8877
SYSSTRINGREAD 	EQU 	1389
SYSSTRINGREADCHECK 	EQU 	1386
SYSSTRINGTABLES 	EQU 	1395
SYSSTR_0 	EQU 	1111
SYSTEMP1 	EQU 	99
SYSTEMP1_E 	EQU 	102
SYSTEMP1_H 	EQU 	100
SYSTEMP1_U 	EQU 	101
SYSTEMP2 	EQU 	103
SYSVALHUNDREDS 	EQU 	1067
SYSVALTEMP 	EQU 	104
SYSVALTEMP_H 	EQU 	105
SYSVALTENS 	EQU 	1104
SYSVALTHOUSANDS 	EQU 	1029
SYSW 	EQU 	126
SYSWAITLOOP1 	EQU 	311
SYSWAITLOOP2 	EQU 	835
SYSWAITLOOP3 	EQU 	820
SYSWAITLOOP4 	EQU 	845
SYSWAITTEMPMS 	EQU 	114
SYSWAITTEMPMS_H 	EQU 	115
SYSWAITTEMPS 	EQU 	116
SYSWORDTEMPA 	EQU 	117
SYSWORDTEMPA_H 	EQU 	118
SYSWORDTEMPB 	EQU 	121
SYSWORDTEMPB_H 	EQU 	122
SYSWORDTEMPX 	EQU 	112
SYSWORDTEMPX_H 	EQU 	113
T0CKIPPS 	EQU 	3601
T0CS 	EQU 	5
T0IE 	EQU 	5
T0IF 	EQU 	2
T0SE 	EQU 	4
T1CKIPPS 	EQU 	3602
T1CKPS0 	EQU 	4
T1CKPS1 	EQU 	5
T1CON 	EQU 	24
T1GCON 	EQU 	25
T1GGO_NOT_DONE 	EQU 	3
T1GPOL 	EQU 	6
T1GPPS 	EQU 	3603
T1GSPM 	EQU 	4
T1GSS0 	EQU 	0
T1GSS1 	EQU 	1
T1GTM 	EQU 	5
T1GVAL 	EQU 	2
T1OSCEN 	EQU 	3
T2CKPS0 	EQU 	0
T2CKPS1 	EQU 	1
T2CON 	EQU 	28
T2OUTPS0 	EQU 	3
T2OUTPS1 	EQU 	4
T2OUTPS2 	EQU 	5
T2OUTPS3 	EQU 	6
T4CKPS0 	EQU 	0
T4CKPS1 	EQU 	1
T4CON 	EQU 	1047
T4OUTPS0 	EQU 	3
T4OUTPS1 	EQU 	4
T4OUTPS2 	EQU 	5
T4OUTPS3 	EQU 	6
T6CKPS0 	EQU 	0
T6CKPS1 	EQU 	1
T6CON 	EQU 	1054
T6OUTPS0 	EQU 	3
T6OUTPS1 	EQU 	4
T6OUTPS2 	EQU 	5
T6OUTPS3 	EQU 	6
TEMPPNT 	EQU 	106
TMR0 	EQU 	21
TMR0CS 	EQU 	5
TMR0IE 	EQU 	5
TMR0IF 	EQU 	2
TMR0SE 	EQU 	4
TMR1 	EQU 	22
TMR1CS0 	EQU 	6
TMR1CS1 	EQU 	7
TMR1GE 	EQU 	7
TMR1GIE 	EQU 	7
TMR1GIF 	EQU 	7
TMR1H 	EQU 	23
TMR1IE 	EQU 	0
TMR1IF 	EQU 	0
TMR1L 	EQU 	22
TMR1ON 	EQU 	0
TMR2 	EQU 	26
TMR2IE 	EQU 	1
TMR2IF 	EQU 	1
TMR2ON 	EQU 	2
TMR4 	EQU 	1045
TMR4IE 	EQU 	1
TMR4IF 	EQU 	1
TMR4ON 	EQU 	2
TMR6 	EQU 	1052
TMR6IE 	EQU 	2
TMR6IF 	EQU 	2
TMR6ON 	EQU 	2
TOSH 	EQU 	4079
TOSL 	EQU 	4078
TRIGSEL0 	EQU 	4
TRIGSEL1 	EQU 	5
TRIGSEL2 	EQU 	6
TRIGSEL3 	EQU 	7
TRISA 	EQU 	140
TRISA0 	EQU 	0
TRISA1 	EQU 	1
TRISA2 	EQU 	2
TRISA4 	EQU 	4
TRISA5 	EQU 	5
TRISC 	EQU 	142
TRISC0 	EQU 	0
TRISC1 	EQU 	1
TRISC2 	EQU 	2
TRISC3 	EQU 	3
TRISC4 	EQU 	4
TRISC5 	EQU 	5
TRMT 	EQU 	1
TSEN 	EQU 	5
TSRNG 	EQU 	4
TUN0 	EQU 	0
TUN1 	EQU 	1
TUN2 	EQU 	2
TUN3 	EQU 	3
TUN4 	EQU 	4
TUN5 	EQU 	5
TX1REG 	EQU 	410
TX1STA 	EQU 	414
TX9 	EQU 	6
TX9D 	EQU 	0
TXEN 	EQU 	5
TXIE 	EQU 	4
TXIF 	EQU 	4
TXREG 	EQU 	410
TXREG1 	EQU 	410
TXSTA 	EQU 	414
TXSTA1 	EQU 	414
TXSTA1_BRGH 	EQU 	2
TXSTA1_CSRC 	EQU 	7
TXSTA1_SENDB 	EQU 	3
TXSTA1_SYNC 	EQU 	4
TXSTA1_TRMT 	EQU 	1
TXSTA1_TX9 	EQU 	6
TXSTA1_TX9D 	EQU 	0
TXSTA1_TXEN 	EQU 	5
TXSTA_BRGH 	EQU 	2
TXSTA_CSRC 	EQU 	7
TXSTA_SENDB 	EQU 	3
TXSTA_SYNC 	EQU 	4
TXSTA_TRMT 	EQU 	1
TXSTA_TX9 	EQU 	6
TXSTA_TX9D 	EQU 	0
TXSTA_TXEN 	EQU 	5
UA 	EQU 	1
VREGCON 	EQU 	407
VREGPM 	EQU 	1
W 	EQU 	0
WCOL 	EQU 	7
WDTCON 	EQU 	151
WDTPS0 	EQU 	1
WDTPS1 	EQU 	2
WDTPS2 	EQU 	3
WDTPS3 	EQU 	4
WDTPS4 	EQU 	5
WPUA 	EQU 	524
WPUA0 	EQU 	0
WPUA1 	EQU 	1
WPUA2 	EQU 	2
WPUA3 	EQU 	3
WPUA4 	EQU 	4
WPUA5 	EQU 	5
WPUC 	EQU 	526
WPUC0 	EQU 	0
WPUC1 	EQU 	1
WPUC2 	EQU 	2
WPUC3 	EQU 	3
WPUC4 	EQU 	4
WPUC5 	EQU 	5
WR 	EQU 	1
WREG 	EQU 	9
WREG_SHAD 	EQU 	4069
WREN 	EQU 	2
WRERR 	EQU 	3
WUE 	EQU 	1
Z 	EQU 	2
ZCD1CON 	EQU 	284
ZCD1EN 	EQU 	7
ZCD1INTN 	EQU 	0
ZCD1INTP 	EQU 	1
ZCD1OUT 	EQU 	5
ZCD1POL 	EQU 	4
ZCDIE 	EQU 	4
ZCDIF 	EQU 	4
Z_SHAD 	EQU 	2
_BOREN_SBODEN 	EQU 	15359

Code:
Loc	Obj Code	Original Assembly


































































































































000000	3180	PAGESEL BASPROGRAMSTART
000001	283D	GOTO BASPROGRAMSTART

		INTERRUPT


000004	00FE	MOVWF SYSW
000005	0E03	SWAPF STATUS,W
000006	00FF	MOVWF SYSSTATUS
000007	0808	MOVF BSR,W
000000	0020	BANKSEL STATUS
000009	00C9	MOVWF SYSBSR
00000A	0804	MOVF FSR0L,W
00000B	00BA	MOVWF SAVEFSR0L
00000C	0863	MOVF SYSTEMP1,W
00000D	00C0	MOVWF SAVESYSTEMP1
00000E	0805	MOVF FSR0H,W
00000F	00B9	MOVWF SAVEFSR0H
000010	0875	MOVF SYSBYTETEMPA,W
000011	00BC	MOVWF SAVESYSBYTETEMPA
000012	0879	MOVF SYSBYTETEMPB,W
000013	00BD	MOVWF SAVESYSBYTETEMPB
000014	0870	MOVF SYSBYTETEMPX,W
000015	00BE	MOVWF SAVESYSBYTETEMPX
000016	0874	MOVF SYSDIVLOOP,W
000017	00BF	MOVWF SAVESYSDIVLOOP
000018	080A	MOVF PCLATH,W
000019	00BB	MOVWF SAVEPCLATH
00001A	018A	CLRF PCLATH
000000	0021	BANKSEL PIE1
00001C	1E91	BTFSS PIE1,RCIE
00001D	2824	GOTO NOTRCIF
000000	0020	BANKSEL PIR1
00001F	1E91	BTFSS PIR1,RCIF
000020	2824	GOTO NOTRCIF
000021	239E	CALL READUSART
000022	1291	BCF PIR1,RCIF
000023	2824	GOTO INTERRUPTDONE
		NOTRCIF
		INTERRUPTDONE
000000	0020	BANKSEL SAVEFSR0L
000025	083A	MOVF SAVEFSR0L,W
000026	0084	MOVWF FSR0L
000027	0840	MOVF SAVESYSTEMP1,W
000028	00E3	MOVWF SYSTEMP1
000029	0839	MOVF SAVEFSR0H,W
00002A	0085	MOVWF FSR0H
00002B	083C	MOVF SAVESYSBYTETEMPA,W
00002C	00F5	MOVWF SYSBYTETEMPA
00002D	083D	MOVF SAVESYSBYTETEMPB,W
00002E	00F9	MOVWF SYSBYTETEMPB
00002F	083E	MOVF SAVESYSBYTETEMPX,W
000030	00F0	MOVWF SYSBYTETEMPX
000031	083F	MOVF SAVESYSDIVLOOP,W
000032	00F4	MOVWF SYSDIVLOOP
000033	083B	MOVF SAVEPCLATH,W
000034	008A	MOVWF PCLATH
000035	0849	MOVF SYSBSR,W
000036	0088	MOVWF BSR
000037	0E7F	SWAPF SYSSTATUS,W
000038	0083	MOVWF STATUS
000039	0EFE	SWAPF SYSW,F
00003A	0E7E	SWAPF SYSW,W
00003B	0009	RETFIE



		BASPROGRAMSTART
00003D	237D	CALL INITSYS
00003E	2375	CALL INITPPS
00003F	238F	CALL INITUSART
000040	2354	CALL INITGLCD_NEXTION
000041	178B	BSF INTCON,GIE
000042	170B	BSF INTCON,PEIE

000000	0021	BANKSEL PIE1
000044	1691	BSF PIE1,RCIE
000000	0020	BANKSEL NEXT_IN
000046	01B0	CLRF NEXT_IN
000047	01B1	CLRF NEXT_OUT
000000	0021	BANKSEL TRISA
000049	100C	BCF TRISA,0
00004A	30C8	MOVLW LOW STRINGOUTTONEXTION
00004B	0086	MOVWF FSR1L
00004C	3022	MOVLW HIGH STRINGOUTTONEXTION
00004D	0087	MOVWF FSR1H
00004E	3083	MOVLW LOW STRINGTABLE4
00004F	00F7	MOVWF SYSSTRINGA
000050	3005	MOVLW (HIGH STRINGTABLE4) & 127
000051	00F8	MOVWF SYSSTRINGA_H
000000	0020	BANKSEL STATUS
000053	2563	CALL SYSREADSTRING
000054	3020	MOVLW 32
000055	00E8	MOVWF SYSVALTEMP
000056	01E9	CLRF SYSVALTEMP_H
000057	23D1	CALL FN_STR
000058	30C8	MOVLW LOW STRINGOUTTONEXTION
000059	0086	MOVWF FSR1L
00005A	3022	MOVLW HIGH STRINGOUTTONEXTION
00005B	0087	MOVWF FSR1H
00005C	01F6	CLRF SYSSTRINGLENGTH
00005D	30C8	MOVLW LOW STRINGOUTTONEXTION
00005E	0084	MOVWF FSR0L
00005F	3022	MOVLW HIGH STRINGOUTTONEXTION
000060	0085	MOVWF FSR0H
000061	24B4	CALL SYSCOPYSTRINGPART
000062	30B2	MOVLW LOW STRINGTABLE107
000063	00F7	MOVWF SYSSTRINGA
000064	3005	MOVLW (HIGH STRINGTABLE107) & 127
000065	00F8	MOVWF SYSSTRINGA_H
000066	2567	CALL SYSREADSTRINGPART
000067	3087	MOVLW LOW STRINGTABLE6
000068	00F7	MOVWF SYSSTRINGA
000069	3005	MOVLW (HIGH STRINGTABLE6) & 127
00006A	00F8	MOVWF SYSSTRINGA_H
00006B	2567	CALL SYSREADSTRINGPART
00006C	30B7	MOVLW LOW STR
00006D	0084	MOVWF FSR0L
00006E	3022	MOVLW HIGH STR
00006F	0085	MOVWF FSR0H
000070	24B4	CALL SYSCOPYSTRINGPART
000071	308A	MOVLW LOW STRINGTABLE7
000072	00F7	MOVWF SYSSTRINGA
000073	3005	MOVLW (HIGH STRINGTABLE7) & 127
000074	00F8	MOVWF SYSSTRINGA_H
000075	2567	CALL SYSREADSTRINGPART
000076	30C8	MOVLW LOW STRINGOUTTONEXTION
000077	0084	MOVWF FSR0L
000078	3022	MOVLW HIGH STRINGOUTTONEXTION
000079	0085	MOVWF FSR0H
00007A	0876	MOVF SYSSTRINGLENGTH,W
00007B	0080	MOVWF INDF0
00007C	2155	CALL DISPLAYPAGE0
		SYSDOLOOP_S1
00007D	0A21	INCF BYTEVALUEOUTTONEXTION,W
00007E	00E3	MOVWF SYSTEMP1
00007F	00F5	MOVWF SYSBYTETEMPA
000080	3065	MOVLW 101
000081	00F9	MOVWF SYSBYTETEMPB
000082	24C1	CALL SYSDIVSUB
000083	0870	MOVF SYSBYTETEMPX,W
000084	00A1	MOVWF BYTEVALUEOUTTONEXTION
000085	30B2	MOVLW LOW SYSSTRINGPARAM1
000086	0086	MOVWF FSR1L
000087	3022	MOVLW HIGH SYSSTRINGPARAM1
000088	0087	MOVWF FSR1H
000089	01F6	CLRF SYSSTRINGLENGTH
00008A	307D	MOVLW LOW STRINGTABLE2
00008B	00F7	MOVWF SYSSTRINGA
00008C	3005	MOVLW (HIGH STRINGTABLE2) & 127
00008D	00F8	MOVWF SYSSTRINGA_H
00008E	2567	CALL SYSREADSTRINGPART
00008F	308E	MOVLW LOW STRINGTABLE8
000090	00F7	MOVWF SYSSTRINGA
000091	3005	MOVLW (HIGH STRINGTABLE8) & 127
000092	00F8	MOVWF SYSSTRINGA_H
000093	2567	CALL SYSREADSTRINGPART
000094	30B2	MOVLW LOW SYSSTRINGPARAM1
000095	0084	MOVWF FSR0L
000096	3022	MOVLW HIGH SYSSTRINGPARAM1
000097	0085	MOVWF FSR0H
000098	0876	MOVF SYSSTRINGLENGTH,W
000099	0080	MOVWF INDF0
00009A	30B2	MOVLW LOW SYSSTRINGPARAM1
00009B	00D7	MOVWF SYSNEXTIONOBJECTHANDLER
00009C	3022	MOVLW HIGH SYSSTRINGPARAM1
00009D	00D8	MOVWF SYSNEXTIONOBJECTHANDLER_H
00009E	0821	MOVF BYTEVALUEOUTTONEXTION,W
00009F	00AC	MOVWF NEXTIONNUMBERDATA
0000A0	01AD	CLRF NEXTIONNUMBERDATA_H
0000A1	2213	CALL GLCDUPDATEOBJECT_NEXTION356
0000A2	3032	MOVLW 50
0000A3	00F2	MOVWF SYSWAITTEMPMS
0000A4	01F3	CLRF SYSWAITTEMPMS_H
0000A5	2199	CALL DELAY_MS
		SYSDOLOOP_S2
0000A6	0831	MOVF NEXT_OUT,W
0000A7	0230	SUBWF NEXT_IN,W
0000A8	1903	BTFSC STATUS, Z
0000A9	2934	GOTO SYSDOLOOP_E2
0000AA	2137	CALL FN_BGETC
0000AB	3065	MOVLW 101
0000AC	0220	SUBWF BGETC,W
0000AD	1D03	BTFSS STATUS, Z
0000AE	2933	GOTO ENDIF1
0000AF	2137	CALL FN_BGETC
		SYSSELECT1CASE1
0000B0	08A0	MOVF BGETC,F
0000B1	1D03	BTFSS STATUS, Z
0000B2	292F	GOTO SYSSELECT1CASE2
0000B3	2137	CALL FN_BGETC
		SYSSELECT2CASE1
0000B4	0320	DECF BGETC,W
0000B5	1D03	BTFSS STATUS, Z
0000B6	28DA	GOTO SYSSELECT2CASE2
0000B7	3093	MOVLW LOW STRINGTABLE9
0000B8	00D7	MOVWF SYSNEXTIONOBJECTHANDLER
0000B9	3085	MOVLW (HIGH STRINGTABLE9) | 128
0000BA	00D8	MOVWF SYSNEXTIONOBJECTHANDLER_H
0000BB	3001	MOVLW 1
0000BC	00E8	MOVWF SYSVALTEMP
0000BD	01E9	CLRF SYSVALTEMP_H
0000BE	23D1	CALL FN_STR
0000BF	30B2	MOVLW LOW SYSSTRINGPARAM1
0000C0	0086	MOVWF FSR1L
0000C1	3022	MOVLW HIGH SYSSTRINGPARAM1
0000C2	0087	MOVWF FSR1H
0000C3	01F6	CLRF SYSSTRINGLENGTH
0000C4	3093	MOVLW LOW STRINGTABLE9
0000C5	00F7	MOVWF SYSSTRINGA
0000C6	3005	MOVLW (HIGH STRINGTABLE9) & 127
0000C7	00F8	MOVWF SYSSTRINGA_H
0000C8	2567	CALL SYSREADSTRINGPART
0000C9	30B7	MOVLW LOW STR
0000CA	0084	MOVWF FSR0L
0000CB	3022	MOVLW HIGH STR
0000CC	0085	MOVWF FSR0H
0000CD	24B4	CALL SYSCOPYSTRINGPART
0000CE	30B2	MOVLW LOW SYSSTRINGPARAM1
0000CF	0084	MOVWF FSR0L
0000D0	3022	MOVLW HIGH SYSSTRINGPARAM1
0000D1	0085	MOVWF FSR0H
0000D2	0876	MOVF SYSSTRINGLENGTH,W
0000D3	0080	MOVWF INDF0
0000D4	30B2	MOVLW LOW SYSSTRINGPARAM1
0000D5	00D9	MOVWF SYSNEXTIONSTRINGDATAHANDLER
0000D6	3022	MOVLW HIGH SYSSTRINGPARAM1
0000D7	00DA	MOVWF SYSNEXTIONSTRINGDATAHANDLER_H
0000D8	21AF	CALL GLCDSENDOPINSTRUCTION_NEXTION
0000D9	292E	GOTO SYSSELECTEND2
		SYSSELECT2CASE2
0000DA	3006	MOVLW 6
0000DB	0220	SUBWF BGETC,W
0000DC	1D03	BTFSS STATUS, Z
0000DD	292E	GOTO SYSSELECTEND2
0000DE	2137	CALL FN_BGETC
0000DF	0820	MOVF BGETC,W
0000E0	00AB	MOVWF INCOMINGBYTEFROMNEXTION
000000	0022	BANKSEL LATA
0000E2	100C	BCF LATA,0
000000	0020	BANKSEL INCOMINGBYTEFROMNEXTION
0000E4	1C2B	BTFSS INCOMINGBYTEFROMNEXTION,0
0000E5	28E8	GOTO ENDIF3
000000	0022	BANKSEL LATA
0000E7	140C	BSF LATA,0
		ENDIF3
000000	0020	BANKSEL INCOMINGBYTEFROMNEXTION
0000E9	032B	DECF INCOMINGBYTEFROMNEXTION,W
0000EA	1D03	BTFSS STATUS, Z
0000EB	292E	GOTO ENDIF2
0000EC	3005	MOVLW 5
0000ED	00E1	MOVWF SYSREPEATTEMP1
		SYSREPEATLOOP1
0000EE	30B2	MOVLW LOW SYSSTRINGPARAM1
0000EF	0086	MOVWF FSR1L
0000F0	3022	MOVLW HIGH SYSSTRINGPARAM1
0000F1	0087	MOVWF FSR1H
0000F2	01F6	CLRF SYSSTRINGLENGTH
0000F3	307A	MOVLW LOW STRINGTABLE1
0000F4	00F7	MOVWF SYSSTRINGA
0000F5	3005	MOVLW (HIGH STRINGTABLE1) & 127
0000F6	00F8	MOVWF SYSSTRINGA_H
0000F7	2567	CALL SYSREADSTRINGPART
0000F8	3098	MOVLW LOW STRINGTABLE10
0000F9	00F7	MOVWF SYSSTRINGA
0000FA	3005	MOVLW (HIGH STRINGTABLE10) & 127
0000FB	00F8	MOVWF SYSSTRINGA_H
0000FC	2567	CALL SYSREADSTRINGPART
0000FD	30B2	MOVLW LOW SYSSTRINGPARAM1
0000FE	0084	MOVWF FSR0L
0000FF	3022	MOVLW HIGH SYSSTRINGPARAM1
000100	0085	MOVWF FSR0H
000101	0876	MOVF SYSSTRINGLENGTH,W
000102	0080	MOVWF INDF0
000103	30B2	MOVLW LOW SYSSTRINGPARAM1
000104	00D7	MOVWF SYSNEXTIONOBJECTHANDLER
000105	3022	MOVLW HIGH SYSSTRINGPARAM1
000106	00D8	MOVWF SYSNEXTIONOBJECTHANDLER_H
000107	01AC	CLRF NEXTIONNUMBERDATA
000108	30F8	MOVLW 248
000109	00AD	MOVWF NEXTIONNUMBERDATA_H
00010A	01AE	CLRF NEXTIONNUMBERDATA_U
00010B	01AF	CLRF NEXTIONNUMBERDATA_E
00010C	21F1	CALL GLCDUPDATEOBJECT_NEXTION355
00010D	30B2	MOVLW LOW SYSSTRINGPARAM1
00010E	0086	MOVWF FSR1L
00010F	3022	MOVLW HIGH SYSSTRINGPARAM1
000110	0087	MOVWF FSR1H
000111	01F6	CLRF SYSSTRINGLENGTH
000112	307A	MOVLW LOW STRINGTABLE1
000113	00F7	MOVWF SYSSTRINGA
000114	3005	MOVLW (HIGH STRINGTABLE1) & 127
000115	00F8	MOVWF SYSSTRINGA_H
000116	2567	CALL SYSREADSTRINGPART
000117	309D	MOVLW LOW STRINGTABLE11
000118	00F7	MOVWF SYSSTRINGA
000119	3005	MOVLW (HIGH STRINGTABLE11) & 127
00011A	00F8	MOVWF SYSSTRINGA_H
00011B	2567	CALL SYSREADSTRINGPART
00011C	30B2	MOVLW LOW SYSSTRINGPARAM1
00011D	0084	MOVWF FSR0L
00011E	3022	MOVLW HIGH SYSSTRINGPARAM1
00011F	0085	MOVWF FSR0H
000120	0876	MOVF SYSSTRINGLENGTH,W
000121	0080	MOVWF INDF0
000122	30B2	MOVLW LOW SYSSTRINGPARAM1
000123	00D7	MOVWF SYSNEXTIONOBJECTHANDLER
000124	3022	MOVLW HIGH SYSSTRINGPARAM1
000125	00D8	MOVWF SYSNEXTIONOBJECTHANDLER_H
000126	01AC	CLRF NEXTIONNUMBERDATA
000127	30F8	MOVLW 248
000128	00AD	MOVWF NEXTIONNUMBERDATA_H
000129	01AE	CLRF NEXTIONNUMBERDATA_U
00012A	01AF	CLRF NEXTIONNUMBERDATA_E
00012B	21F1	CALL GLCDUPDATEOBJECT_NEXTION355
00012C	0BE1	DECFSZ SYSREPEATTEMP1,F
00012D	28EE	GOTO SYSREPEATLOOP1
		SYSREPEATLOOPEND1
		ENDIF2
		SYSSELECTEND2
00012E	2933	GOTO SYSSELECTEND1
		SYSSELECT1CASE2
00012F	0320	DECF BGETC,W
000130	1D03	BTFSS STATUS, Z
000131	2933	GOTO SYSSELECTEND1
000132	2155	CALL DISPLAYPAGE0
		SYSSELECTEND1
		ENDIF1
000133	28A6	GOTO SYSDOLOOP_S2
		SYSDOLOOP_E2
000134	287D	GOTO SYSDOLOOP_S1
		SYSDOLOOP_E1
		BASPROGRAMEND
000135	0063	SLEEP
000136	2935	GOTO BASPROGRAMEND


		FN_BGETC
		SYSWAITLOOP1
000137	0830	MOVF NEXT_IN,W
000138	00F5	MOVWF SYSBYTETEMPA
000139	0831	MOVF NEXT_OUT,W
00013A	00F9	MOVWF SYSBYTETEMPB
00013B	247D	CALL SYSCOMPEQUAL
00013C	09F0	COMF SYSBYTETEMPX,F
00013D	0870	MOVF SYSBYTETEMPX,W
00013E	00E3	MOVWF SYSTEMP1
00013F	0963	COMF SYSTEMP1,W
000140	00E7	MOVWF SYSTEMP2
000141	1867	BTFSC SYSTEMP2,0
000142	2937	GOTO SYSWAITLOOP1
000143	30F1	MOVLW LOW(BUFFER)
000144	0731	ADDWF NEXT_OUT,W
000145	0084	MOVWF AFSR0
000146	01E3	CLRF SYSTEMP1
000147	3022	MOVLW HIGH(BUFFER)
000148	3D63	ADDWFC SYSTEMP1,W
000149	0085	MOVWF AFSR0_H
00014A	0800	MOVF INDF0,W
00014B	00A0	MOVWF BGETC
00014C	0A31	INCF NEXT_OUT,W
00014D	00E3	MOVWF SYSTEMP1
00014E	00F5	MOVWF SYSBYTETEMPA
00014F	30FF	MOVLW 255
000150	00F9	MOVWF SYSBYTETEMPB
000151	24C1	CALL SYSDIVSUB
000152	0870	MOVF SYSBYTETEMPX,W
000153	00B1	MOVWF NEXT_OUT
000154	0008	RETURN


		DISPLAYPAGE0
000155	3093	MOVLW LOW STRINGTABLE9
000156	00D7	MOVWF SYSNEXTIONOBJECTHANDLER
000157	3085	MOVLW (HIGH STRINGTABLE9) | 128
000158	00D8	MOVWF SYSNEXTIONOBJECTHANDLER_H
000159	01E8	CLRF SYSVALTEMP
00015A	01E9	CLRF SYSVALTEMP_H
00015B	23D1	CALL FN_STR
00015C	30AD	MOVLW LOW SYSSTRINGPARAM2
00015D	0086	MOVWF FSR1L
00015E	3022	MOVLW HIGH SYSSTRINGPARAM2
00015F	0087	MOVWF FSR1H
000160	01F6	CLRF SYSSTRINGLENGTH
000161	3093	MOVLW LOW STRINGTABLE9
000162	00F7	MOVWF SYSSTRINGA
000163	3005	MOVLW (HIGH STRINGTABLE9) & 127
000164	00F8	MOVWF SYSSTRINGA_H
000165	2567	CALL SYSREADSTRINGPART
000166	30B7	MOVLW LOW STR
000167	0084	MOVWF FSR0L
000168	3022	MOVLW HIGH STR
000169	0085	MOVWF FSR0H
00016A	24B4	CALL SYSCOPYSTRINGPART
00016B	30AD	MOVLW LOW SYSSTRINGPARAM2
00016C	0084	MOVWF FSR0L
00016D	3022	MOVLW HIGH SYSSTRINGPARAM2
00016E	0085	MOVWF FSR0H
00016F	0876	MOVF SYSSTRINGLENGTH,W
000170	0080	MOVWF INDF0
000171	30AD	MOVLW LOW SYSSTRINGPARAM2
000172	00D9	MOVWF SYSNEXTIONSTRINGDATAHANDLER
000173	3022	MOVLW HIGH SYSSTRINGPARAM2
000174	00DA	MOVWF SYSNEXTIONSTRINGDATAHANDLER_H
000175	21AF	CALL GLCDSENDOPINSTRUCTION_NEXTION
000176	30EE	MOVLW 238
000177	00F2	MOVWF SYSWAITTEMPMS
000178	3002	MOVLW 2
000179	00F3	MOVWF SYSWAITTEMPMS_H
00017A	2199	CALL DELAY_MS
00017B	30AD	MOVLW LOW SYSSTRINGPARAM2
00017C	0086	MOVWF FSR1L
00017D	3022	MOVLW HIGH SYSSTRINGPARAM2
00017E	0087	MOVWF FSR1H
00017F	01F6	CLRF SYSSTRINGLENGTH
000180	3080	MOVLW LOW STRINGTABLE3
000181	00F7	MOVWF SYSSTRINGA
000182	3005	MOVLW (HIGH STRINGTABLE3) & 127
000183	00F8	MOVWF SYSSTRINGA_H
000184	2567	CALL SYSREADSTRINGPART
000185	30A2	MOVLW LOW STRINGTABLE12
000186	00F7	MOVWF SYSSTRINGA
000187	3005	MOVLW (HIGH STRINGTABLE12) & 127
000188	00F8	MOVWF SYSSTRINGA_H
000189	2567	CALL SYSREADSTRINGPART
00018A	30AD	MOVLW LOW SYSSTRINGPARAM2
00018B	0084	MOVWF FSR0L
00018C	3022	MOVLW HIGH SYSSTRINGPARAM2
00018D	0085	MOVWF FSR0H
00018E	0876	MOVF SYSSTRINGLENGTH,W
00018F	0080	MOVWF INDF0
000190	30AD	MOVLW LOW SYSSTRINGPARAM2
000191	00D7	MOVWF SYSNEXTIONOBJECTHANDLER
000192	3022	MOVLW HIGH SYSSTRINGPARAM2
000193	00D8	MOVWF SYSNEXTIONOBJECTHANDLER_H
000194	30C8	MOVLW LOW STRINGOUTTONEXTION
000195	00D9	MOVWF SYSNEXTIONSTRINGDATAHANDLER
000196	3022	MOVLW HIGH STRINGOUTTONEXTION
000197	00DA	MOVWF SYSNEXTIONSTRINGDATAHANDLER_H
000198	29CD	GOTO GLCDUPDATEOBJECT_NEXTION354


		DELAY_MS
000199	0AF3	INCF SYSWAITTEMPMS_H, F
		DMS_START
00019A	300E	MOVLW 14
00019B	00F1	MOVWF DELAYTEMP2
		DMS_OUTER
00019C	30BD	MOVLW 189
00019D	00F0	MOVWF DELAYTEMP
		DMS_INNER
00019E	0BF0	DECFSZ DELAYTEMP, F
00019F	299E	GOTO DMS_INNER
0001A0	0BF1	DECFSZ DELAYTEMP2, F
0001A1	299C	GOTO DMS_OUTER
0001A2	0BF2	DECFSZ SYSWAITTEMPMS, F
0001A3	299A	GOTO DMS_START
0001A4	0BF3	DECFSZ SYSWAITTEMPMS_H, F
0001A5	299A	GOTO DMS_START
0001A6	0008	RETURN


		DELAY_S
		DS_START
0001A7	30E8	MOVLW 232
0001A8	00F2	MOVWF SYSWAITTEMPMS
0001A9	3003	MOVLW 3
0001AA	00F3	MOVWF SYSWAITTEMPMS_H
0001AB	2199	CALL DELAY_MS
0001AC	0BF4	DECFSZ SYSWAITTEMPS, F
0001AD	29A7	GOTO DS_START
0001AE	0008	RETURN


		GLCDSENDOPINSTRUCTION_NEXTION
0001AF	0857	MOVF SYSNEXTIONOBJECTHANDLER,W
0001B0	00DE	MOVWF SYSPRINTDATAHANDLER
0001B1	0858	MOVF SYSNEXTIONOBJECTHANDLER_H,W
0001B2	00DF	MOVWF SYSPRINTDATAHANDLER_H
0001B3	3001	MOVLW 1
0001B4	00A2	MOVWF COMPORT
0001B5	2231	CALL HSERPRINT670
0001B6	30B0	MOVLW LOW STRINGTABLE58
0001B7	00DE	MOVWF SYSPRINTDATAHANDLER
0001B8	3085	MOVLW (HIGH STRINGTABLE58) | 128
0001B9	00DF	MOVWF SYSPRINTDATAHANDLER_H
0001BA	3001	MOVLW 1
0001BB	00A2	MOVWF COMPORT
0001BC	2231	CALL HSERPRINT670
0001BD	0859	MOVF SYSNEXTIONSTRINGDATAHANDLER,W
0001BE	00DE	MOVWF SYSPRINTDATAHANDLER
0001BF	085A	MOVF SYSNEXTIONSTRINGDATAHANDLER_H,W
0001C0	00DF	MOVWF SYSPRINTDATAHANDLER_H
0001C1	3001	MOVLW 1
0001C2	00A2	MOVWF COMPORT
0001C3	2231	CALL HSERPRINT670
0001C4	30FF	MOVLW 255
0001C5	00C1	MOVWF SERDATA
0001C6	2343	CALL HSERSEND659
0001C7	30FF	MOVLW 255
0001C8	00C1	MOVWF SERDATA
0001C9	2343	CALL HSERSEND659
0001CA	30FF	MOVLW 255
0001CB	00C1	MOVWF SERDATA
0001CC	2B43	GOTO HSERSEND659


		GLCDUPDATEOBJECT_NEXTION354
0001CD	0857	MOVF SYSNEXTIONOBJECTHANDLER,W
0001CE	00DE	MOVWF SYSPRINTDATAHANDLER
0001CF	0858	MOVF SYSNEXTIONOBJECTHANDLER_H,W
0001D0	00DF	MOVWF SYSPRINTDATAHANDLER_H
0001D1	3001	MOVLW 1
0001D2	00A2	MOVWF COMPORT
0001D3	2231	CALL HSERPRINT670
0001D4	30AE	MOVLW LOW STRINGTABLE57
0001D5	00DE	MOVWF SYSPRINTDATAHANDLER
0001D6	3085	MOVLW (HIGH STRINGTABLE57) | 128
0001D7	00DF	MOVWF SYSPRINTDATAHANDLER_H
0001D8	3001	MOVLW 1
0001D9	00A2	MOVWF COMPORT
0001DA	2231	CALL HSERPRINT670
0001DB	3022	MOVLW 34
0001DC	00C1	MOVWF SERDATA
0001DD	2343	CALL HSERSEND659
0001DE	0859	MOVF SYSNEXTIONSTRINGDATAHANDLER,W
0001DF	00DE	MOVWF SYSPRINTDATAHANDLER
0001E0	085A	MOVF SYSNEXTIONSTRINGDATAHANDLER_H,W
0001E1	00DF	MOVWF SYSPRINTDATAHANDLER_H
0001E2	3001	MOVLW 1
0001E3	00A2	MOVWF COMPORT
0001E4	2231	CALL HSERPRINT670
0001E5	3022	MOVLW 34
0001E6	00C1	MOVWF SERDATA
0001E7	2343	CALL HSERSEND659
0001E8	30FF	MOVLW 255
0001E9	00C1	MOVWF SERDATA
0001EA	2343	CALL HSERSEND659
0001EB	30FF	MOVLW 255
0001EC	00C1	MOVWF SERDATA
0001ED	2343	CALL HSERSEND659
0001EE	30FF	MOVLW 255
0001EF	00C1	MOVWF SERDATA
0001F0	2B43	GOTO HSERSEND659


		GLCDUPDATEOBJECT_NEXTION355
0001F1	0857	MOVF SYSNEXTIONOBJECTHANDLER,W
0001F2	00DE	MOVWF SYSPRINTDATAHANDLER
0001F3	0858	MOVF SYSNEXTIONOBJECTHANDLER_H,W
0001F4	00DF	MOVWF SYSPRINTDATAHANDLER_H
0001F5	3001	MOVLW 1
0001F6	00A2	MOVWF COMPORT
0001F7	2231	CALL HSERPRINT670
0001F8	30AE	MOVLW LOW STRINGTABLE57
0001F9	00DE	MOVWF SYSPRINTDATAHANDLER
0001FA	3085	MOVLW (HIGH STRINGTABLE57) | 128
0001FB	00DF	MOVWF SYSPRINTDATAHANDLER_H
0001FC	3001	MOVLW 1
0001FD	00A2	MOVWF COMPORT
0001FE	2231	CALL HSERPRINT670
0001FF	082C	MOVF NEXTIONNUMBERDATA,W
000200	00C2	MOVWF SERPRINTVAL
000201	082D	MOVF NEXTIONNUMBERDATA_H,W
000202	00C3	MOVWF SERPRINTVAL_H
000203	082E	MOVF NEXTIONNUMBERDATA_U,W
000204	00C4	MOVWF SERPRINTVAL_U
000205	082F	MOVF NEXTIONNUMBERDATA_E,W
000206	00C5	MOVWF SERPRINTVAL_E
000207	3001	MOVLW 1
000208	00A2	MOVWF COMPORT
000209	22E1	CALL HSERPRINT674
00020A	30FF	MOVLW 255
00020B	00C1	MOVWF SERDATA
00020C	2343	CALL HSERSEND659
00020D	30FF	MOVLW 255
00020E	00C1	MOVWF SERDATA
00020F	2343	CALL HSERSEND659
000210	30FF	MOVLW 255
000211	00C1	MOVWF SERDATA
000212	2B43	GOTO HSERSEND659


		GLCDUPDATEOBJECT_NEXTION356
000213	0857	MOVF SYSNEXTIONOBJECTHANDLER,W
000214	00DE	MOVWF SYSPRINTDATAHANDLER
000215	0858	MOVF SYSNEXTIONOBJECTHANDLER_H,W
000216	00DF	MOVWF SYSPRINTDATAHANDLER_H
000217	3001	MOVLW 1
000218	00A2	MOVWF COMPORT
000219	2231	CALL HSERPRINT670
00021A	30AE	MOVLW LOW STRINGTABLE57
00021B	00DE	MOVWF SYSPRINTDATAHANDLER
00021C	3085	MOVLW (HIGH STRINGTABLE57) | 128
00021D	00DF	MOVWF SYSPRINTDATAHANDLER_H
00021E	3001	MOVLW 1
00021F	00A2	MOVWF COMPORT
000220	2231	CALL HSERPRINT670
000221	082C	MOVF NEXTIONNUMBERDATA,W
000222	00C6	MOVWF SERPRINTVALINT
000223	082D	MOVF NEXTIONNUMBERDATA_H,W
000224	00C7	MOVWF SERPRINTVALINT_H
000225	3001	MOVLW 1
000226	00A2	MOVWF COMPORT
000227	22CF	CALL HSERPRINT673
000228	30FF	MOVLW 255
000229	00C1	MOVWF SERDATA
00022A	2343	CALL HSERSEND659
00022B	30FF	MOVLW 255
00022C	00C1	MOVWF SERDATA
00022D	2343	CALL HSERSEND659
00022E	30FF	MOVLW 255
00022F	00C1	MOVWF SERDATA
000230	2B43	GOTO HSERSEND659


		HSERPRINT670
000231	085E	MOVF SYSPRINTDATAHANDLER,W
000232	0084	MOVWF AFSR0
000233	085F	MOVF SYSPRINTDATAHANDLER_H,W
000234	0085	MOVWF AFSR0_H
000235	0800	MOVF INDF0,W
000236	00B4	MOVWF PRINTLEN
000237	08B4	MOVF PRINTLEN,F
000238	1903	BTFSC STATUS, Z
000239	2A4D	GOTO ENDIF12
00023A	01E0	CLRF SYSPRINTTEMP
00023B	3001	MOVLW 1
00023C	0234	SUBWF PRINTLEN,W
00023D	1C03	BTFSS STATUS, C
00023E	2A4D	GOTO SYSFORLOOPEND1
		SYSFORLOOP1
00023F	0AE0	INCF SYSPRINTTEMP,F
000240	0860	MOVF SYSPRINTTEMP,W
000241	075E	ADDWF SYSPRINTDATAHANDLER,W
000242	0084	MOVWF AFSR0
000243	3000	MOVLW 0
000244	3D5F	ADDWFC SYSPRINTDATAHANDLER_H,W
000245	0085	MOVWF AFSR0_H
000246	0800	MOVF INDF0,W
000247	00C1	MOVWF SERDATA
000248	234A	CALL HSERSEND660
000249	0834	MOVF PRINTLEN,W
00024A	0260	SUBWF SYSPRINTTEMP,W
00024B	1C03	BTFSS STATUS, C
00024C	2A3F	GOTO SYSFORLOOP1
		SYSFORLOOPEND1
		ENDIF12
00024D	0008	RETURN


		HSERPRINT672
00024E	01B3	CLRF OUTVALUETEMP
00024F	0842	MOVF SERPRINTVAL,W
000250	00F5	MOVWF SYSWORDTEMPA
000251	0843	MOVF SERPRINTVAL_H,W
000252	00F6	MOVWF SYSWORDTEMPA_H
000253	3010	MOVLW 16
000254	00F9	MOVWF SYSWORDTEMPB
000255	3027	MOVLW 39
000256	00FA	MOVWF SYSWORDTEMPB_H
000257	24A1	CALL SYSCOMPLESSTHAN16
000258	09F0	COMF SYSBYTETEMPX,F
000259	1C70	BTFSS SYSBYTETEMPX,0
00025A	2A6F	GOTO ENDIF24
00025B	0842	MOVF SERPRINTVAL,W
00025C	00F5	MOVWF SYSWORDTEMPA
00025D	0843	MOVF SERPRINTVAL_H,W
00025E	00F6	MOVWF SYSWORDTEMPA_H
00025F	3010	MOVLW 16
000260	00F9	MOVWF SYSWORDTEMPB
000261	3027	MOVLW 39
000262	00FA	MOVWF SYSWORDTEMPB_H
000263	24D5	CALL SYSDIVSUB16
000264	0875	MOVF SYSWORDTEMPA,W
000265	00B3	MOVWF OUTVALUETEMP
000266	0870	MOVF SYSCALCTEMPX,W
000267	00C2	MOVWF SERPRINTVAL
000268	0871	MOVF SYSCALCTEMPX_H,W
000269	00C3	MOVWF SERPRINTVAL_H
00026A	3030	MOVLW 48
00026B	0733	ADDWF OUTVALUETEMP,W
00026C	00C1	MOVWF SERDATA
00026D	234A	CALL HSERSEND660
00026E	2A7B	GOTO HSERPRINTWORD1000
		ENDIF24
00026F	0842	MOVF SERPRINTVAL,W
000270	00F5	MOVWF SYSWORDTEMPA
000271	0843	MOVF SERPRINTVAL_H,W
000272	00F6	MOVWF SYSWORDTEMPA_H
000273	30E8	MOVLW 232
000274	00F9	MOVWF SYSWORDTEMPB
000275	3003	MOVLW 3
000276	00FA	MOVWF SYSWORDTEMPB_H
000277	24A1	CALL SYSCOMPLESSTHAN16
000278	09F0	COMF SYSBYTETEMPX,F
000279	1C70	BTFSS SYSBYTETEMPX,0
00027A	2A8F	GOTO ENDIF25
		HSERPRINTWORD1000
00027B	0842	MOVF SERPRINTVAL,W
00027C	00F5	MOVWF SYSWORDTEMPA
00027D	0843	MOVF SERPRINTVAL_H,W
00027E	00F6	MOVWF SYSWORDTEMPA_H
00027F	30E8	MOVLW 232
000280	00F9	MOVWF SYSWORDTEMPB
000281	3003	MOVLW 3
000282	00FA	MOVWF SYSWORDTEMPB_H
000283	24D5	CALL SYSDIVSUB16
000284	0875	MOVF SYSWORDTEMPA,W
000285	00B3	MOVWF OUTVALUETEMP
000286	0870	MOVF SYSCALCTEMPX,W
000287	00C2	MOVWF SERPRINTVAL
000288	0871	MOVF SYSCALCTEMPX_H,W
000289	00C3	MOVWF SERPRINTVAL_H
00028A	3030	MOVLW 48
00028B	0733	ADDWF OUTVALUETEMP,W
00028C	00C1	MOVWF SERDATA
00028D	234A	CALL HSERSEND660
00028E	2A9A	GOTO HSERPRINTWORD100
		ENDIF25
00028F	0842	MOVF SERPRINTVAL,W
000290	00F5	MOVWF SYSWORDTEMPA
000291	0843	MOVF SERPRINTVAL_H,W
000292	00F6	MOVWF SYSWORDTEMPA_H
000293	3064	MOVLW 100
000294	00F9	MOVWF SYSWORDTEMPB
000295	01FA	CLRF SYSWORDTEMPB_H
000296	24A1	CALL SYSCOMPLESSTHAN16
000297	09F0	COMF SYSBYTETEMPX,F
000298	1C70	BTFSS SYSBYTETEMPX,0
000299	2AAD	GOTO ENDIF26
		HSERPRINTWORD100
00029A	0842	MOVF SERPRINTVAL,W
00029B	00F5	MOVWF SYSWORDTEMPA
00029C	0843	MOVF SERPRINTVAL_H,W
00029D	00F6	MOVWF SYSWORDTEMPA_H
00029E	3064	MOVLW 100
00029F	00F9	MOVWF SYSWORDTEMPB
0002A0	01FA	CLRF SYSWORDTEMPB_H
0002A1	24D5	CALL SYSDIVSUB16
0002A2	0875	MOVF SYSWORDTEMPA,W
0002A3	00B3	MOVWF OUTVALUETEMP
0002A4	0870	MOVF SYSCALCTEMPX,W
0002A5	00C2	MOVWF SERPRINTVAL
0002A6	0871	MOVF SYSCALCTEMPX_H,W
0002A7	00C3	MOVWF SERPRINTVAL_H
0002A8	3030	MOVLW 48
0002A9	0733	ADDWF OUTVALUETEMP,W
0002AA	00C1	MOVWF SERDATA
0002AB	234A	CALL HSERSEND660
0002AC	2AB8	GOTO HSERPRINTWORD10
		ENDIF26
0002AD	0842	MOVF SERPRINTVAL,W
0002AE	00F5	MOVWF SYSWORDTEMPA
0002AF	0843	MOVF SERPRINTVAL_H,W
0002B0	00F6	MOVWF SYSWORDTEMPA_H
0002B1	300A	MOVLW 10
0002B2	00F9	MOVWF SYSWORDTEMPB
0002B3	01FA	CLRF SYSWORDTEMPB_H
0002B4	24A1	CALL SYSCOMPLESSTHAN16
0002B5	09F0	COMF SYSBYTETEMPX,F
0002B6	1C70	BTFSS SYSBYTETEMPX,0
0002B7	2ACA	GOTO ENDIF27
		HSERPRINTWORD10
0002B8	0842	MOVF SERPRINTVAL,W
0002B9	00F5	MOVWF SYSWORDTEMPA
0002BA	0843	MOVF SERPRINTVAL_H,W
0002BB	00F6	MOVWF SYSWORDTEMPA_H
0002BC	300A	MOVLW 10
0002BD	00F9	MOVWF SYSWORDTEMPB
0002BE	01FA	CLRF SYSWORDTEMPB_H
0002BF	24D5	CALL SYSDIVSUB16
0002C0	0875	MOVF SYSWORDTEMPA,W
0002C1	00B3	MOVWF OUTVALUETEMP
0002C2	0870	MOVF SYSCALCTEMPX,W
0002C3	00C2	MOVWF SERPRINTVAL
0002C4	0871	MOVF SYSCALCTEMPX_H,W
0002C5	00C3	MOVWF SERPRINTVAL_H
0002C6	3030	MOVLW 48
0002C7	0733	ADDWF OUTVALUETEMP,W
0002C8	00C1	MOVWF SERDATA
0002C9	234A	CALL HSERSEND660
		ENDIF27
0002CA	3030	MOVLW 48
0002CB	0742	ADDWF SERPRINTVAL,W
0002CC	00C1	MOVWF SERDATA
0002CD	2343	CALL HSERSEND659
0002CE	0008	RETURN


		HSERPRINT673
0002CF	1FC7	BTFSS SERPRINTVALINT_H,7
0002D0	2ADC	GOTO ELSE15_1
0002D1	302D	MOVLW 45
0002D2	00C1	MOVWF SERDATA
0002D3	2343	CALL HSERSEND659
0002D4	0946	COMF SERPRINTVALINT,W
0002D5	00C2	MOVWF SERPRINTVAL
0002D6	0947	COMF SERPRINTVALINT_H,W
0002D7	00C3	MOVWF SERPRINTVAL_H
0002D8	0AC2	INCF SERPRINTVAL,F
0002D9	1903	BTFSC STATUS,Z
0002DA	0AC3	INCF SERPRINTVAL_H,F
0002DB	2AE0	GOTO ENDIF15
		ELSE15_1
0002DC	0846	MOVF SERPRINTVALINT,W
0002DD	00C2	MOVWF SERPRINTVAL
0002DE	0847	MOVF SERPRINTVALINT_H,W
0002DF	00C3	MOVWF SERPRINTVAL_H
		ENDIF15
0002E0	2A4E	GOTO HSERPRINT672


		HSERPRINT674
0002E1	01DD	CLRF SYSPRINTBUFFLEN
		SYSDOLOOP_S3
0002E2	0ADD	INCF SYSPRINTBUFFLEN,F
0002E3	30BD	MOVLW LOW(SYSPRINTBUFFER)
0002E4	075D	ADDWF SYSPRINTBUFFLEN,W
0002E5	0084	MOVWF AFSR0
0002E6	01E7	CLRF SYSTEMP2
0002E7	3022	MOVLW HIGH(SYSPRINTBUFFER)
0002E8	3D67	ADDWFC SYSTEMP2,W
0002E9	0085	MOVWF AFSR0_H
0002EA	0842	MOVF SERPRINTVAL,W
0002EB	00F5	MOVWF SYSLONGTEMPA
0002EC	0843	MOVF SERPRINTVAL_H,W
0002ED	00F6	MOVWF SYSLONGTEMPA_H
0002EE	0844	MOVF SERPRINTVAL_U,W
0002EF	00F7	MOVWF SYSLONGTEMPA_U
0002F0	0845	MOVF SERPRINTVAL_E,W
0002F1	00F8	MOVWF SYSLONGTEMPA_E
0002F2	300A	MOVLW 10
0002F3	00F9	MOVWF SYSLONGTEMPB
0002F4	01FA	CLRF SYSLONGTEMPB_H
0002F5	01FB	CLRF SYSLONGTEMPB_U
0002F6	01FC	CLRF SYSLONGTEMPB_E
0002F7	2509	CALL SYSDIVSUB32
0002F8	0870	MOVF SYSLONGTEMPX,W
0002F9	0080	MOVWF INDF0
0002FA	0875	MOVF SYSCALCTEMPA,W
0002FB	00C2	MOVWF SERPRINTVAL
0002FC	0876	MOVF SYSCALCTEMPA_H,W
0002FD	00C3	MOVWF SERPRINTVAL_H
0002FE	0877	MOVF SYSCALCTEMPA_U,W
0002FF	00C4	MOVWF SERPRINTVAL_U
000300	0878	MOVF SYSCALCTEMPA_E,W
000301	00C5	MOVWF SERPRINTVAL_E
000302	0842	MOVF SERPRINTVAL,W
000303	00F5	MOVWF SYSLONGTEMPA
000304	0843	MOVF SERPRINTVAL_H,W
000305	00F6	MOVWF SYSLONGTEMPA_H
000306	0844	MOVF SERPRINTVAL_U,W
000307	00F7	MOVWF SYSLONGTEMPA_U
000308	0845	MOVF SERPRINTVAL_E,W
000309	00F8	MOVWF SYSLONGTEMPA_E
00030A	01F9	CLRF SYSLONGTEMPB
00030B	01FA	CLRF SYSLONGTEMPB_H
00030C	01FB	CLRF SYSLONGTEMPB_U
00030D	01FC	CLRF SYSLONGTEMPB_E
00030E	248E	CALL SYSCOMPEQUAL32
00030F	09F0	COMF SYSBYTETEMPX,F
000310	1870	BTFSC SYSBYTETEMPX,0
000311	2AE2	GOTO SYSDOLOOP_S3
		SYSDOLOOP_E3
000312	0A5D	INCF SYSPRINTBUFFLEN,W
000313	00E0	MOVWF SYSPRINTTEMP
000314	3001	MOVLW 1
000315	025D	SUBWF SYSPRINTBUFFLEN,W
000316	1C03	BTFSS STATUS, C
000317	2B28	GOTO SYSFORLOOPEND2
		SYSFORLOOP2
000318	03E0	DECF SYSPRINTTEMP,F
000319	30BD	MOVLW LOW(SYSPRINTBUFFER)
00031A	0760	ADDWF SYSPRINTTEMP,W
00031B	0084	MOVWF AFSR0
00031C	01E7	CLRF SYSTEMP2
00031D	3022	MOVLW HIGH(SYSPRINTBUFFER)
00031E	3D67	ADDWFC SYSTEMP2,W
00031F	0085	MOVWF AFSR0_H
000320	3030	MOVLW 48
000321	0700	ADDWF INDF0,W
000322	00C1	MOVWF SERDATA
000323	234A	CALL HSERSEND660
000324	0860	MOVF SYSPRINTTEMP,W
000325	3C01	SUBLW 1
000326	1C03	BTFSS STATUS, C
000327	2B18	GOTO SYSFORLOOP2
		SYSFORLOOPEND2
000328	0008	RETURN


		FN_HSERRECEIVE661
000329	3001	MOVLW 1
00032A	00A2	MOVWF COMPORT
00032B	232F	CALL HSERRECEIVE665
00032C	0841	MOVF SERDATA,W
00032D	00AA	MOVWF HSERRECEIVE
00032E	0008	RETURN


		HSERRECEIVE665
00032F	0322	DECF COMPORT,W
000330	1D03	BTFSS STATUS, Z
000331	2B41	GOTO ENDIF9
000332	30FF	MOVLW 255
000333	00C1	MOVWF SERDATA
		SYSWAITLOOP3
000334	1E91	BTFSS PIR1,RCIF
000335	2B34	GOTO SYSWAITLOOP3
000336	1E91	BTFSS PIR1,RCIF
000337	2B3C	GOTO ENDIF10
000000	0023	BANKSEL RCREG1
000339	0819	MOVF RCREG1,W
000000	0020	BANKSEL SERDATA
00033B	00C1	MOVWF SERDATA
		ENDIF10
000000	0023	BANKSEL RC1STA
00033D	1C9D	BTFSS RC1STA,OERR
00033E	2B41	GOTO ENDIF11
00033F	121D	BCF RC1STA,CREN
000340	161D	BSF RC1STA,CREN
		ENDIF11
		ENDIF9
000000	0020	BANKSEL STATUS
000342	0008	RETURN


		HSERSEND659
		SYSWAITLOOP2
000343	1E11	BTFSS PIR1,TXIF
000344	2B43	GOTO SYSWAITLOOP2
000345	0841	MOVF SERDATA,W
000000	0023	BANKSEL TXREG
000347	009A	MOVWF TXREG
000000	0020	BANKSEL STATUS
000349	0008	RETURN


		HSERSEND660
00034A	0322	DECF COMPORT,W
00034B	1D03	BTFSS STATUS, Z
00034C	2B52	GOTO ENDIF23
		SYSWAITLOOP4
00034D	1E11	BTFSS PIR1,TXIF
00034E	2B4D	GOTO SYSWAITLOOP4
00034F	0841	MOVF SERDATA,W
000000	0023	BANKSEL TXREG
000351	009A	MOVWF TXREG
		ENDIF23
000000	0020	BANKSEL STATUS
000353	0008	RETURN


		INITGLCD_NEXTION
000354	01A8	CLRF GLCD_YORDINATE
000355	01A9	CLRF GLCD_YORDINATE_H
000356	01B5	CLRF PRINTLOCX
000357	01B6	CLRF PRINTLOCX_H
000358	01B7	CLRF PRINTLOCY
000359	01B8	CLRF PRINTLOCY_H
00035A	3001	MOVLW 1
00035B	00F4	MOVWF SYSWAITTEMPS
00035C	21A7	CALL DELAY_S
00035D	30FF	MOVLW 255
00035E	00C1	MOVWF SERDATA
00035F	2343	CALL HSERSEND659
000360	30FF	MOVLW 255
000361	00C1	MOVWF SERDATA
000362	2343	CALL HSERSEND659
000363	30FF	MOVLW 255
000364	00C1	MOVWF SERDATA
000365	2343	CALL HSERSEND659
000366	30A9	MOVLW LOW STRINGTABLE49
000367	00DB	MOVWF SYSOUTSTRINGHANDLER
000368	3085	MOVLW (HIGH STRINGTABLE49) | 128
000369	00DC	MOVWF SYSOUTSTRINGHANDLER_H
00036A	30FF	MOVLW 255
00036B	00B2	MOVWF OUTSTATE
00036C	23B9	CALL SENDPARAM_NEXTION331
00036D	01A3	CLRF GLCDBACKGROUND
00036E	01A4	CLRF GLCDBACKGROUND_H
00036F	3006	MOVLW 6
000370	00A7	MOVWF GLCDFONTWIDTH
000371	01A5	CLRF GLCDFNTDEFAULT
000372	3001	MOVLW 1
000373	00A6	MOVWF GLCDFNTDEFAULTSIZE
000374	0008	RETURN


		INITPPS
000375	3015	MOVLW 21
000000	003C	BANKSEL RXPPS
000377	00A4	MOVWF RXPPS
000378	3014	MOVLW 20
000000	003D	BANKSEL RC4PPS
00037A	00A4	MOVWF RC4PPS
000000	0020	BANKSEL STATUS
00037C	0008	RETURN


		INITSYS
000000	0021	BANKSEL OSCCON
00037E	1719	BSF OSCCON,IRCF3
00037F	1699	BSF OSCCON,IRCF2
000380	1619	BSF OSCCON,IRCF1
000381	1199	BCF OSCCON,IRCF0
000382	1799	BSF OSCCON,SPLLEN
000383	139E	BCF ADCON1,ADFM
000384	101D	BCF ADCON0,ADON
000000	0023	BANKSEL ANSELA
000386	018C	CLRF ANSELA
000387	018E	CLRF ANSELC
000000	0022	BANKSEL CM2CON0
000389	1393	BCF CM2CON0,C2ON
00038A	1391	BCF CM1CON0,C1ON
000000	0020	BANKSEL PORTA
00038C	018C	CLRF PORTA
00038D	018E	CLRF PORTC
00038E	0008	RETURN


		INITUSART
00038F	3001	MOVLW 1
000390	00A2	MOVWF COMPORT
000391	3040	MOVLW 64
000000	0023	BANKSEL SPBRG
000393	009B	MOVWF SPBRG
000394	3003	MOVLW 3
000395	009C	MOVWF SP1BRGH
000396	159F	BSF BAUD1CON,BRG16
000397	151E	BSF TX1STA,BRGH
000398	121E	BCF TX1STA,SYNC
000399	169E	BSF TX1STA,TXEN
00039A	179D	BSF RC1STA,SPEN
00039B	161D	BSF RC1STA,CREN
000000	0020	BANKSEL STATUS
00039D	0008	RETURN


		READUSART
00039E	2329	CALL FN_HSERRECEIVE661
00039F	30F1	MOVLW LOW(BUFFER)
0003A0	0730	ADDWF NEXT_IN,W
0003A1	0084	MOVWF AFSR0
0003A2	01E3	CLRF SYSTEMP1
0003A3	3022	MOVLW HIGH(BUFFER)
0003A4	3D63	ADDWFC SYSTEMP1,W
0003A5	0085	MOVWF AFSR0_H
0003A6	082A	MOVF SYSHSERRECEIVEBYTE,W
0003A7	0080	MOVWF INDF0
0003A8	0830	MOVF NEXT_IN,W
0003A9	00EA	MOVWF TEMPPNT
0003AA	0A30	INCF NEXT_IN,W
0003AB	00E3	MOVWF SYSTEMP1
0003AC	00F5	MOVWF SYSBYTETEMPA
0003AD	30FF	MOVLW 255
0003AE	00F9	MOVWF SYSBYTETEMPB
0003AF	24C1	CALL SYSDIVSUB
0003B0	0870	MOVF SYSBYTETEMPX,W
0003B1	00B0	MOVWF NEXT_IN
0003B2	0831	MOVF NEXT_OUT,W
0003B3	0230	SUBWF NEXT_IN,W
0003B4	1D03	BTFSS STATUS, Z
0003B5	2BB8	GOTO ENDIF4
0003B6	086A	MOVF TEMPPNT,W
0003B7	00B0	MOVWF NEXT_IN
		ENDIF4
0003B8	0008	RETURN


		SENDPARAM_NEXTION331
0003B9	085B	MOVF SYSOUTSTRINGHANDLER,W
0003BA	00DE	MOVWF SYSPRINTDATAHANDLER
0003BB	085C	MOVF SYSOUTSTRINGHANDLER_H,W
0003BC	00DF	MOVWF SYSPRINTDATAHANDLER_H
0003BD	3001	MOVLW 1
0003BE	00A2	MOVWF COMPORT
0003BF	2231	CALL HSERPRINT670
0003C0	08B2	MOVF OUTSTATE,F
0003C1	1D03	BTFSS STATUS, Z
0003C2	2BC7	GOTO ELSE18_1
0003C3	302C	MOVLW 44
0003C4	00C1	MOVWF SERDATA
0003C5	2343	CALL HSERSEND659
0003C6	2BD0	GOTO ENDIF18
		ELSE18_1
0003C7	30FF	MOVLW 255
0003C8	00C1	MOVWF SERDATA
0003C9	2343	CALL HSERSEND659
0003CA	30FF	MOVLW 255
0003CB	00C1	MOVWF SERDATA
0003CC	2343	CALL HSERSEND659
0003CD	30FF	MOVLW 255
0003CE	00C1	MOVWF SERDATA
0003CF	2343	CALL HSERSEND659
		ENDIF18
0003D0	0008	RETURN


		FN_STR
0003D1	01CA	CLRF SYSCHARCOUNT
0003D2	0868	MOVF SYSVALTEMP,W
0003D3	00F5	MOVWF SYSWORDTEMPA
0003D4	0869	MOVF SYSVALTEMP_H,W
0003D5	00F6	MOVWF SYSWORDTEMPA_H
0003D6	3010	MOVLW 16
0003D7	00F9	MOVWF SYSWORDTEMPB
0003D8	3027	MOVLW 39
0003D9	00FA	MOVWF SYSWORDTEMPB_H
0003DA	24A1	CALL SYSCOMPLESSTHAN16
0003DB	09F0	COMF SYSBYTETEMPX,F
0003DC	1C70	BTFSS SYSBYTETEMPX,0
0003DD	2BF9	GOTO ENDIF5
0003DE	0868	MOVF SYSVALTEMP,W
0003DF	00F5	MOVWF SYSWORDTEMPA
0003E0	0869	MOVF SYSVALTEMP_H,W
0003E1	00F6	MOVWF SYSWORDTEMPA_H
0003E2	3010	MOVLW 16
0003E3	00F9	MOVWF SYSWORDTEMPB
0003E4	3027	MOVLW 39
0003E5	00FA	MOVWF SYSWORDTEMPB_H
0003E6	24D5	CALL SYSDIVSUB16
0003E7	0875	MOVF SYSWORDTEMPA,W
0003E8	00E2	MOVWF SYSSTRDATA
0003E9	0870	MOVF SYSCALCTEMPX,W
0003EA	00E8	MOVWF SYSVALTEMP
0003EB	0871	MOVF SYSCALCTEMPX_H,W
0003EC	00E9	MOVWF SYSVALTEMP_H
0003ED	0ACA	INCF SYSCHARCOUNT,F
0003EE	30B7	MOVLW LOW(STR)
0003EF	074A	ADDWF SYSCHARCOUNT,W
0003F0	0084	MOVWF AFSR0
0003F1	01E7	CLRF SYSTEMP2
0003F2	3022	MOVLW HIGH(STR)
0003F3	3D67	ADDWFC SYSTEMP2,W
0003F4	0085	MOVWF AFSR0_H
0003F5	3030	MOVLW 48
0003F6	0762	ADDWF SYSSTRDATA,W
0003F7	0080	MOVWF INDF0
0003F8	2C05	GOTO SYSVALTHOUSANDS
		ENDIF5
0003F9	0868	MOVF SYSVALTEMP,W
0003FA	00F5	MOVWF SYSWORDTEMPA
0003FB	0869	MOVF SYSVALTEMP_H,W
0003FC	00F6	MOVWF SYSWORDTEMPA_H
0003FD	30E8	MOVLW 232
0003FE	00F9	MOVWF SYSWORDTEMPB
0003FF	3003	MOVLW 3
000400	00FA	MOVWF SYSWORDTEMPB_H
000401	24A1	CALL SYSCOMPLESSTHAN16
000402	09F0	COMF SYSBYTETEMPX,F
000403	1C70	BTFSS SYSBYTETEMPX,0
000404	2C20	GOTO ENDIF6
		SYSVALTHOUSANDS
000405	0868	MOVF SYSVALTEMP,W
000406	00F5	MOVWF SYSWORDTEMPA
000407	0869	MOVF SYSVALTEMP_H,W
000408	00F6	MOVWF SYSWORDTEMPA_H
000409	30E8	MOVLW 232
00040A	00F9	MOVWF SYSWORDTEMPB
00040B	3003	MOVLW 3
00040C	00FA	MOVWF SYSWORDTEMPB_H
00040D	24D5	CALL SYSDIVSUB16
00040E	0875	MOVF SYSWORDTEMPA,W
00040F	00E2	MOVWF SYSSTRDATA
000410	0870	MOVF SYSCALCTEMPX,W
000411	00E8	MOVWF SYSVALTEMP
000412	0871	MOVF SYSCALCTEMPX_H,W
000413	00E9	MOVWF SYSVALTEMP_H
000414	0ACA	INCF SYSCHARCOUNT,F
000415	30B7	MOVLW LOW(STR)
000416	074A	ADDWF SYSCHARCOUNT,W
000417	0084	MOVWF AFSR0
000418	01E7	CLRF SYSTEMP2
000419	3022	MOVLW HIGH(STR)
00041A	3D67	ADDWFC SYSTEMP2,W
00041B	0085	MOVWF AFSR0_H
00041C	3030	MOVLW 48
00041D	0762	ADDWF SYSSTRDATA,W
00041E	0080	MOVWF INDF0
00041F	2C2B	GOTO SYSVALHUNDREDS
		ENDIF6
000420	0868	MOVF SYSVALTEMP,W
000421	00F5	MOVWF SYSWORDTEMPA
000422	0869	MOVF SYSVALTEMP_H,W
000423	00F6	MOVWF SYSWORDTEMPA_H
000424	3064	MOVLW 100
000425	00F9	MOVWF SYSWORDTEMPB
000426	01FA	CLRF SYSWORDTEMPB_H
000427	24A1	CALL SYSCOMPLESSTHAN16
000428	09F0	COMF SYSBYTETEMPX,F
000429	1C70	BTFSS SYSBYTETEMPX,0
00042A	2C45	GOTO ENDIF7
		SYSVALHUNDREDS
00042B	0868	MOVF SYSVALTEMP,W
00042C	00F5	MOVWF SYSWORDTEMPA
00042D	0869	MOVF SYSVALTEMP_H,W
00042E	00F6	MOVWF SYSWORDTEMPA_H
00042F	3064	MOVLW 100
000430	00F9	MOVWF SYSWORDTEMPB
000431	01FA	CLRF SYSWORDTEMPB_H
000432	24D5	CALL SYSDIVSUB16
000433	0875	MOVF SYSWORDTEMPA,W
000434	00E2	MOVWF SYSSTRDATA
000435	0870	MOVF SYSCALCTEMPX,W
000436	00E8	MOVWF SYSVALTEMP
000437	0871	MOVF SYSCALCTEMPX_H,W
000438	00E9	MOVWF SYSVALTEMP_H
000439	0ACA	INCF SYSCHARCOUNT,F
00043A	30B7	MOVLW LOW(STR)
00043B	074A	ADDWF SYSCHARCOUNT,W
00043C	0084	MOVWF AFSR0
00043D	01E7	CLRF SYSTEMP2
00043E	3022	MOVLW HIGH(STR)
00043F	3D67	ADDWFC SYSTEMP2,W
000440	0085	MOVWF AFSR0_H
000441	3030	MOVLW 48
000442	0762	ADDWF SYSSTRDATA,W
000443	0080	MOVWF INDF0
000444	2C50	GOTO SYSVALTENS
		ENDIF7
000445	0868	MOVF SYSVALTEMP,W
000446	00F5	MOVWF SYSWORDTEMPA
000447	0869	MOVF SYSVALTEMP_H,W
000448	00F6	MOVWF SYSWORDTEMPA_H
000449	300A	MOVLW 10
00044A	00F9	MOVWF SYSWORDTEMPB
00044B	01FA	CLRF SYSWORDTEMPB_H
00044C	24A1	CALL SYSCOMPLESSTHAN16
00044D	09F0	COMF SYSBYTETEMPX,F
00044E	1C70	BTFSS SYSBYTETEMPX,0
00044F	2C69	GOTO ENDIF8
		SYSVALTENS
000450	0868	MOVF SYSVALTEMP,W
000451	00F5	MOVWF SYSWORDTEMPA
000452	0869	MOVF SYSVALTEMP_H,W
000453	00F6	MOVWF SYSWORDTEMPA_H
000454	300A	MOVLW 10
000455	00F9	MOVWF SYSWORDTEMPB
000456	01FA	CLRF SYSWORDTEMPB_H
000457	24D5	CALL SYSDIVSUB16
000458	0875	MOVF SYSWORDTEMPA,W
000459	00E2	MOVWF SYSSTRDATA
00045A	0870	MOVF SYSCALCTEMPX,W
00045B	00E8	MOVWF SYSVALTEMP
00045C	0871	MOVF SYSCALCTEMPX_H,W
00045D	00E9	MOVWF SYSVALTEMP_H
00045E	0ACA	INCF SYSCHARCOUNT,F
00045F	30B7	MOVLW LOW(STR)
000460	074A	ADDWF SYSCHARCOUNT,W
000461	0084	MOVWF AFSR0
000462	01E7	CLRF SYSTEMP2
000463	3022	MOVLW HIGH(STR)
000464	3D67	ADDWFC SYSTEMP2,W
000465	0085	MOVWF AFSR0_H
000466	3030	MOVLW 48
000467	0762	ADDWF SYSSTRDATA,W
000468	0080	MOVWF INDF0
		ENDIF8
000469	0ACA	INCF SYSCHARCOUNT,F
00046A	30B7	MOVLW LOW(STR)
00046B	074A	ADDWF SYSCHARCOUNT,W
00046C	0084	MOVWF AFSR0
00046D	01E7	CLRF SYSTEMP2
00046E	3022	MOVLW HIGH(STR)
00046F	3D67	ADDWFC SYSTEMP2,W
000470	0085	MOVWF AFSR0_H
000471	3030	MOVLW 48
000472	0768	ADDWF SYSVALTEMP,W
000473	0080	MOVWF INDF0
000474	0870	MOVF SYSCALCTEMPX,W
000475	00E8	MOVWF SYSVALTEMP
000476	0871	MOVF SYSCALCTEMPX_H,W
000477	00E9	MOVWF SYSVALTEMP_H
000478	084A	MOVF SYSCHARCOUNT,W
000000	0028	BANKSEL SYSSTR_0
00047A	00D7	MOVWF SYSSTR_0
000000	0020	BANKSEL STATUS
00047C	0008	RETURN


		SYSCOMPEQUAL
00047D	01F0	CLRF SYSBYTETEMPX
00047E	0875	MOVF SYSBYTETEMPA, W
00047F	0279	SUBWF SYSBYTETEMPB, W
000480	1903	BTFSC STATUS, Z
000481	09F0	COMF SYSBYTETEMPX,F
000482	0008	RETURN


		SYSCOMPEQUAL16
000483	01F0	CLRF SYSBYTETEMPX
000484	0875	MOVF SYSWORDTEMPA, W
000485	0279	SUBWF SYSWORDTEMPB, W
000486	1D03	BTFSS STATUS, Z
000487	0008	RETURN
000488	0876	MOVF SYSWORDTEMPA_H, W
000489	027A	SUBWF SYSWORDTEMPB_H, W
00048A	1D03	BTFSS STATUS, Z
00048B	0008	RETURN
00048C	09F0	COMF SYSBYTETEMPX,F
00048D	0008	RETURN


		SYSCOMPEQUAL32
00048E	01F0	CLRF SYSBYTETEMPX
00048F	0875	MOVF SYSLONGTEMPA, W
000490	0279	SUBWF SYSLONGTEMPB, W
000491	1D03	BTFSS STATUS, Z
000492	0008	RETURN
000493	0876	MOVF SYSLONGTEMPA_H, W
000494	027A	SUBWF SYSLONGTEMPB_H, W
000495	1D03	BTFSS STATUS, Z
000496	0008	RETURN
000497	0877	MOVF SYSLONGTEMPA_U, W
000498	027B	SUBWF SYSLONGTEMPB_U, W
000499	1D03	BTFSS STATUS, Z
00049A	0008	RETURN
00049B	0878	MOVF SYSLONGTEMPA_E, W
00049C	027C	SUBWF SYSLONGTEMPB_E, W
00049D	1D03	BTFSS STATUS, Z
00049E	0008	RETURN
00049F	09F0	COMF SYSBYTETEMPX,F
0004A0	0008	RETURN


		SYSCOMPLESSTHAN16
0004A1	01F0	CLRF SYSBYTETEMPX
0004A2	0876	MOVF SYSWORDTEMPA_H,W
0004A3	027A	SUBWF SYSWORDTEMPB_H,W
0004A4	1C03	BTFSS STATUS,C
0004A5	0008	RETURN
0004A6	087A	MOVF SYSWORDTEMPB_H,W
0004A7	0276	SUBWF SYSWORDTEMPA_H,W
0004A8	1C03	BTFSS STATUS,C
0004A9	2CAE	GOTO SCLT16TRUE
0004AA	0879	MOVF SYSWORDTEMPB,W
0004AB	0275	SUBWF SYSWORDTEMPA,W
0004AC	1803	BTFSC STATUS,C
0004AD	0008	RETURN
		SCLT16TRUE
0004AE	09F0	COMF SYSBYTETEMPX,F
0004AF	0008	RETURN


		SYSCOPYSTRING
0004B0	0800	MOVF INDF0, W
0004B1	00F5	MOVWF SYSCALCTEMPA
0004B2	0081	MOVWF INDF1
0004B3	2CB7	GOTO SYSCOPYSTRINGCHECK
		SYSCOPYSTRINGPART
0004B4	0800	MOVF INDF0, W
0004B5	00F5	MOVWF SYSCALCTEMPA
0004B6	07F6	ADDWF SYSSTRINGLENGTH, F
		SYSCOPYSTRINGCHECK
0004B7	08F5	MOVF SYSCALCTEMPA,F
0004B8	1903	BTFSC STATUS,Z
0004B9	0008	RETURN
		SYSSTRINGCOPY
0004BA	3101	ADDFSR 0, 1
0004BB	3141	ADDFSR 1, 1
0004BC	0800	MOVF INDF0, W
0004BD	0081	MOVWF INDF1
0004BE	0BF5	DECFSZ SYSCALCTEMPA, F
0004BF	2CBA	GOTO SYSSTRINGCOPY
0004C0	0008	RETURN


		SYSDIVSUB
0004C1	08F9	MOVF SYSBYTETEMPB, F
0004C2	1903	BTFSC STATUS, Z
0004C3	0008	RETURN
0004C4	01F0	CLRF SYSBYTETEMPX
0004C5	3008	MOVLW 8
0004C6	00F4	MOVWF SYSDIVLOOP
		SYSDIV8START
0004C7	1003	BCF STATUS, C
0004C8	0DF5	RLF SYSBYTETEMPA, F
0004C9	0DF0	RLF SYSBYTETEMPX, F
0004CA	0879	MOVF SYSBYTETEMPB, W
0004CB	02F0	SUBWF SYSBYTETEMPX, F
0004CC	1475	BSF SYSBYTETEMPA, 0
0004CD	1803	BTFSC STATUS, C
0004CE	2CD2	GOTO DIV8NOTNEG
0004CF	1075	BCF SYSBYTETEMPA, 0
0004D0	0879	MOVF SYSBYTETEMPB, W
0004D1	07F0	ADDWF SYSBYTETEMPX, F
		DIV8NOTNEG
0004D2	0BF4	DECFSZ SYSDIVLOOP, F
0004D3	2CC7	GOTO SYSDIV8START
0004D4	0008	RETURN


		SYSDIVSUB16
0004D5	0875	MOVF SYSWORDTEMPA,W
0004D6	00F7	MOVWF SYSDIVMULTA
0004D7	0876	MOVF SYSWORDTEMPA_H,W
0004D8	00F8	MOVWF SYSDIVMULTA_H
0004D9	0879	MOVF SYSWORDTEMPB,W
0004DA	00FB	MOVWF SYSDIVMULTB
0004DB	087A	MOVF SYSWORDTEMPB_H,W
0004DC	00FC	MOVWF SYSDIVMULTB_H
0004DD	01F2	CLRF SYSDIVMULTX
0004DE	01F3	CLRF SYSDIVMULTX_H
0004DF	087B	MOVF SYSDIVMULTB,W
0004E0	00F5	MOVWF SYSWORDTEMPA
0004E1	087C	MOVF SYSDIVMULTB_H,W
0004E2	00F6	MOVWF SYSWORDTEMPA_H
0004E3	01F9	CLRF SYSWORDTEMPB
0004E4	01FA	CLRF SYSWORDTEMPB_H
0004E5	2483	CALL SYSCOMPEQUAL16
0004E6	1C70	BTFSS SYSBYTETEMPX,0
0004E7	2CEB	GOTO ENDIF19
0004E8	01F5	CLRF SYSWORDTEMPA
0004E9	01F6	CLRF SYSWORDTEMPA_H
0004EA	0008	RETURN
		ENDIF19
0004EB	3010	MOVLW 16
0004EC	00F4	MOVWF SYSDIVLOOP
		SYSDIV16START
0004ED	1003	BCF STATUS,C
0004EE	0DF7	RLF SYSDIVMULTA,F
0004EF	0DF8	RLF SYSDIVMULTA_H,F
0004F0	0DF2	RLF SYSDIVMULTX,F
0004F1	0DF3	RLF SYSDIVMULTX_H,F
0004F2	087B	MOVF SYSDIVMULTB,W
0004F3	02F2	SUBWF SYSDIVMULTX,F
0004F4	087C	MOVF SYSDIVMULTB_H,W
0004F5	3BF3	SUBWFB SYSDIVMULTX_H,F
0004F6	1477	BSF SYSDIVMULTA,0
0004F7	1803	BTFSC STATUS,C
0004F8	2CFE	GOTO ENDIF20
0004F9	1077	BCF SYSDIVMULTA,0
0004FA	087B	MOVF SYSDIVMULTB,W
0004FB	07F2	ADDWF SYSDIVMULTX,F
0004FC	087C	MOVF SYSDIVMULTB_H,W
0004FD	3DF3	ADDWFC SYSDIVMULTX_H,F
		ENDIF20
0004FE	0BF4	DECFSZ SYSDIVLOOP, F
0004FF	2CED	GOTO SYSDIV16START
000500	0877	MOVF SYSDIVMULTA,W
000501	00F5	MOVWF SYSWORDTEMPA
000502	0878	MOVF SYSDIVMULTA_H,W
000503	00F6	MOVWF SYSWORDTEMPA_H
000504	0872	MOVF SYSDIVMULTX,W
000505	00F0	MOVWF SYSWORDTEMPX
000506	0873	MOVF SYSDIVMULTX_H,W
000507	00F1	MOVWF SYSWORDTEMPX_H
000508	0008	RETURN


		SYSDIVSUB32
000509	0875	MOVF SYSLONGTEMPA,W
00050A	00CB	MOVWF SYSLONGDIVMULTA
00050B	0876	MOVF SYSLONGTEMPA_H,W
00050C	00CC	MOVWF SYSLONGDIVMULTA_H
00050D	0877	MOVF SYSLONGTEMPA_U,W
00050E	00CD	MOVWF SYSLONGDIVMULTA_U
00050F	0878	MOVF SYSLONGTEMPA_E,W
000510	00CE	MOVWF SYSLONGDIVMULTA_E
000511	0879	MOVF SYSLONGTEMPB,W
000512	00CF	MOVWF SYSLONGDIVMULTB
000513	087A	MOVF SYSLONGTEMPB_H,W
000514	00D0	MOVWF SYSLONGDIVMULTB_H
000515	087B	MOVF SYSLONGTEMPB_U,W
000516	00D1	MOVWF SYSLONGDIVMULTB_U
000517	087C	MOVF SYSLONGTEMPB_E,W
000518	00D2	MOVWF SYSLONGDIVMULTB_E
000519	01D3	CLRF SYSLONGDIVMULTX
00051A	01D4	CLRF SYSLONGDIVMULTX_H
00051B	01D5	CLRF SYSLONGDIVMULTX_U
00051C	01D6	CLRF SYSLONGDIVMULTX_E
00051D	084F	MOVF SYSLONGDIVMULTB,W
00051E	00F5	MOVWF SYSLONGTEMPA
00051F	0850	MOVF SYSLONGDIVMULTB_H,W
000520	00F6	MOVWF SYSLONGTEMPA_H
000521	0851	MOVF SYSLONGDIVMULTB_U,W
000522	00F7	MOVWF SYSLONGTEMPA_U
000523	0852	MOVF SYSLONGDIVMULTB_E,W
000524	00F8	MOVWF SYSLONGTEMPA_E
000525	01F9	CLRF SYSLONGTEMPB
000526	01FA	CLRF SYSLONGTEMPB_H
000527	01FB	CLRF SYSLONGTEMPB_U
000528	01FC	CLRF SYSLONGTEMPB_E
000529	248E	CALL SYSCOMPEQUAL32
00052A	1C70	BTFSS SYSBYTETEMPX,0
00052B	2D31	GOTO ENDIF21
00052C	01F5	CLRF SYSLONGTEMPA
00052D	01F6	CLRF SYSLONGTEMPA_H
00052E	01F7	CLRF SYSLONGTEMPA_U
00052F	01F8	CLRF SYSLONGTEMPA_E
000530	0008	RETURN
		ENDIF21
000531	3020	MOVLW 32
000532	00F4	MOVWF SYSDIVLOOP
		SYSDIV32START
000533	1003	BCF STATUS,C
000534	0DCB	RLF SYSLONGDIVMULTA,F
000535	0DCC	RLF SYSLONGDIVMULTA_H,F
000536	0DCD	RLF SYSLONGDIVMULTA_U,F
000537	0DCE	RLF SYSLONGDIVMULTA_E,F
000538	0DD3	RLF SYSLONGDIVMULTX,F
000539	0DD4	RLF SYSLONGDIVMULTX_H,F
00053A	0DD5	RLF SYSLONGDIVMULTX_U,F
00053B	0DD6	RLF SYSLONGDIVMULTX_E,F
00053C	084F	MOVF SYSLONGDIVMULTB,W
00053D	02D3	SUBWF SYSLONGDIVMULTX,F
00053E	0850	MOVF SYSLONGDIVMULTB_H,W
00053F	3BD4	SUBWFB SYSLONGDIVMULTX_H,F
000540	0851	MOVF SYSLONGDIVMULTB_U,W
000541	3BD5	SUBWFB SYSLONGDIVMULTX_U,F
000542	0852	MOVF SYSLONGDIVMULTB_E,W
000543	3BD6	SUBWFB SYSLONGDIVMULTX_E,F
000544	144B	BSF SYSLONGDIVMULTA,0
000545	1803	BTFSC STATUS,C
000546	2D50	GOTO ENDIF22
000547	104B	BCF SYSLONGDIVMULTA,0
000548	084F	MOVF SYSLONGDIVMULTB,W
000549	07D3	ADDWF SYSLONGDIVMULTX,F
00054A	0850	MOVF SYSLONGDIVMULTB_H,W
00054B	3DD4	ADDWFC SYSLONGDIVMULTX_H,F
00054C	0851	MOVF SYSLONGDIVMULTB_U,W
00054D	3DD5	ADDWFC SYSLONGDIVMULTX_U,F
00054E	0852	MOVF SYSLONGDIVMULTB_E,W
00054F	3DD6	ADDWFC SYSLONGDIVMULTX_E,F
		ENDIF22
000550	0BF4	DECFSZ SYSDIVLOOP, F
000551	2D33	GOTO SYSDIV32START
000552	084B	MOVF SYSLONGDIVMULTA,W
000553	00F5	MOVWF SYSLONGTEMPA
000554	084C	MOVF SYSLONGDIVMULTA_H,W
000555	00F6	MOVWF SYSLONGTEMPA_H
000556	084D	MOVF SYSLONGDIVMULTA_U,W
000557	00F7	MOVWF SYSLONGTEMPA_U
000558	084E	MOVF SYSLONGDIVMULTA_E,W
000559	00F8	MOVWF SYSLONGTEMPA_E
00055A	0853	MOVF SYSLONGDIVMULTX,W
00055B	00F0	MOVWF SYSLONGTEMPX
00055C	0854	MOVF SYSLONGDIVMULTX_H,W
00055D	00F1	MOVWF SYSLONGTEMPX_H
00055E	0855	MOVF SYSLONGDIVMULTX_U,W
00055F	00F2	MOVWF SYSLONGTEMPX_U
000560	0856	MOVF SYSLONGDIVMULTX_E,W
000561	00F3	MOVWF SYSLONGTEMPX_E
000562	0008	RETURN


		SYSREADSTRING
000563	2573	CALL SYSSTRINGTABLES
000564	00F5	MOVWF SYSCALCTEMPA
000565	0081	MOVWF INDF1
000566	2D6A	GOTO SYSSTRINGREADCHECK
		SYSREADSTRINGPART
000567	2573	CALL SYSSTRINGTABLES
000568	00F5	MOVWF SYSCALCTEMPA
000569	07F6	ADDWF SYSSTRINGLENGTH,F
		SYSSTRINGREADCHECK
00056A	08F5	MOVF SYSCALCTEMPA,F
00056B	1903	BTFSC STATUS,Z
00056C	0008	RETURN
		SYSSTRINGREAD
00056D	2573	CALL SYSSTRINGTABLES
00056E	3141	ADDFSR 1,1
00056F	0081	MOVWF INDF1
000570	0BF5	DECFSZ SYSCALCTEMPA, F
000571	2D6D	GOTO SYSSTRINGREAD
000572	0008	RETURN


		SYSSTRINGTABLES
000573	0878	MOVF SYSSTRINGA_H,W
000574	008A	MOVWF PCLATH
000575	0877	MOVF SYSSTRINGA,W
000576	0AF7	INCF SYSSTRINGA,F
000577	1903	BTFSC STATUS,Z
000578	0AF8	INCF SYSSTRINGA_H,F
000579	0082	MOVWF PCL

		STRINGTABLE1
00057A	3402	RETLW 2
00057B	3472	RETLW 114
00057C	3430	RETLW 48


		STRINGTABLE2
00057D	3402	RETLW 2
00057E	346E	RETLW 110
00057F	3430	RETLW 48


		STRINGTABLE3
000580	3402	RETLW 2
000581	3474	RETLW 116
000582	3433	RETLW 51


		STRINGTABLE4
000583	3403	RETLW 3
000584	3450	RETLW 80
000585	3449	RETLW 73
000586	3443	RETLW 67


		STRINGTABLE6
000587	3402	RETLW 2
000588	3420	RETLW 32
000589	3440	RETLW 64


		STRINGTABLE7
00058A	3403	RETLW 3
00058B	344D	RETLW 77
00058C	3468	RETLW 104
00058D	347A	RETLW 122


		STRINGTABLE8
00058E	3404	RETLW 4
00058F	342E	RETLW 46
000590	3476	RETLW 118
000591	3461	RETLW 97
000592	346C	RETLW 108


		STRINGTABLE9
000593	3404	RETLW 4
000594	3470	RETLW 112
000595	3461	RETLW 97
000596	3467	RETLW 103
000597	3465	RETLW 101


		STRINGTABLE10
000598	3404	RETLW 4
000599	342E	RETLW 46
00059A	3462	RETLW 98
00059B	3463	RETLW 99
00059C	346F	RETLW 111


		STRINGTABLE11
00059D	3404	RETLW 4
00059E	342E	RETLW 46
00059F	3470	RETLW 112
0005A0	3463	RETLW 99
0005A1	346F	RETLW 111


		STRINGTABLE12
0005A2	3404	RETLW 4
0005A3	342E	RETLW 46
0005A4	3474	RETLW 116
0005A5	3478	RETLW 120
0005A6	3474	RETLW 116


		STRINGTABLE36
0005A7	3401	RETLW 1
0005A8	342D	RETLW 45


		STRINGTABLE49
0005A9	3404	RETLW 4
0005AA	3472	RETLW 114
0005AB	3465	RETLW 101
0005AC	3473	RETLW 115
0005AD	3474	RETLW 116


		STRINGTABLE57
0005AE	3401	RETLW 1
0005AF	343D	RETLW 61


		STRINGTABLE58
0005B0	3401	RETLW 1
0005B1	3420	RETLW 32


		STRINGTABLE107
0005B2	3407	RETLW 7
0005B3	3431	RETLW 49
0005B4	3436	RETLW 54
0005B5	3446	RETLW 70
0005B6	3431	RETLW 49
0005B7	3437	RETLW 55
0005B8	3430	RETLW 48
0005B9	3435	RETLW 53






