GCASM List File (GCBASIC 0.98.<<>> 2020-02-29 (Windows 32 bit))

Symbols:
A 	EQU 	0
ABDEN 	EQU 	0
ABDOVF 	EQU 	7
ACC0 	EQU 	0
ACC1 	EQU 	1
ACC10 	EQU 	2
ACC11 	EQU 	3
ACC12 	EQU 	4
ACC13 	EQU 	5
ACC14 	EQU 	6
ACC15 	EQU 	7
ACC2 	EQU 	2
ACC3 	EQU 	3
ACC4 	EQU 	4
ACC5 	EQU 	5
ACC6 	EQU 	6
ACC7 	EQU 	7
ACC8 	EQU 	0
ACC9 	EQU 	1
ACCESS 	EQU 	0
ACCM 	EQU 	4
ACKDT 	EQU 	5
ACKEN 	EQU 	4
ACKSTAT 	EQU 	6
ACKTIM 	EQU 	7
ADACC 	EQU 	3947
ADACC0 	EQU 	0
ADACC1 	EQU 	1
ADACC10 	EQU 	2
ADACC11 	EQU 	3
ADACC12 	EQU 	4
ADACC13 	EQU 	5
ADACC14 	EQU 	6
ADACC15 	EQU 	7
ADACC2 	EQU 	2
ADACC3 	EQU 	3
ADACC4 	EQU 	4
ADACC5 	EQU 	5
ADACC6 	EQU 	6
ADACC7 	EQU 	7
ADACC8 	EQU 	0
ADACC9 	EQU 	1
ADACCH 	EQU 	3948
ADACCL 	EQU 	3947
ADACLR 	EQU 	3
ADACQ 	EQU 	3927
ADACQ0 	EQU 	0
ADACQ1 	EQU 	1
ADACQ2 	EQU 	2
ADACQ3 	EQU 	3
ADACQ4 	EQU 	4
ADACQ5 	EQU 	5
ADACQ6 	EQU 	6
ADACQ7 	EQU 	7
ADACT 	EQU 	3921
ADACT0 	EQU 	0
ADACT1 	EQU 	1
ADACT2 	EQU 	2
ADACT3 	EQU 	3
ADACT4 	EQU 	4
ADACTPPS 	EQU 	3753
ADACTPPS0 	EQU 	0
ADACTPPS1 	EQU 	1
ADACTPPS2 	EQU 	2
ADACTPPS3 	EQU 	3
ADACTPPS4 	EQU 	4
ADAOV 	EQU 	7
ADCALC0 	EQU 	4
ADCALC1 	EQU 	5
ADCALC2 	EQU 	6
ADCAP 	EQU 	3928
ADCAP0 	EQU 	0
ADCAP1 	EQU 	1
ADCAP2 	EQU 	2
ADCAP3 	EQU 	3
ADCAP4 	EQU 	4
ADCLK 	EQU 	3922
ADCMD 	EQU 	5
ADCNT 	EQU 	3938
ADCNT0 	EQU 	0
ADCNT1 	EQU 	1
ADCNT2 	EQU 	2
ADCNT3 	EQU 	3
ADCNT4 	EQU 	4
ADCNT5 	EQU 	5
ADCNT6 	EQU 	6
ADCNT7 	EQU 	7
ADCON0 	EQU 	3931
ADCON1 	EQU 	3924
ADCON2 	EQU 	3925
ADCON3 	EQU 	3926
ADCONT 	EQU 	6
ADCRS0 	EQU 	4
ADCRS1 	EQU 	5
ADCRS2 	EQU 	6
ADCS 	EQU 	4
ADCS0 	EQU 	0
ADCS1 	EQU 	1
ADCS2 	EQU 	2
ADCS3 	EQU 	3
ADCS4 	EQU 	4
ADCS5 	EQU 	5
ADDEN 	EQU 	3
ADDSEN 	EQU 	0
ADERR 	EQU 	3945
ADERR0 	EQU 	0
ADERR1 	EQU 	1
ADERR10 	EQU 	2
ADERR11 	EQU 	3
ADERR12 	EQU 	4
ADERR13 	EQU 	5
ADERR14 	EQU 	6
ADERR15 	EQU 	7
ADERR2 	EQU 	2
ADERR3 	EQU 	3
ADERR4 	EQU 	4
ADERR5 	EQU 	5
ADERR6 	EQU 	6
ADERR7 	EQU 	7
ADERR8 	EQU 	0
ADERR9 	EQU 	1
ADERRH 	EQU 	3946
ADERRL 	EQU 	3945
ADFLTR 	EQU 	3949
ADFLTR0 	EQU 	0
ADFLTR1 	EQU 	1
ADFLTR10 	EQU 	2
ADFLTR11 	EQU 	3
ADFLTR12 	EQU 	4
ADFLTR13 	EQU 	5
ADFLTR14 	EQU 	6
ADFLTR15 	EQU 	7
ADFLTR2 	EQU 	2
ADFLTR3 	EQU 	3
ADFLTR4 	EQU 	4
ADFLTR5 	EQU 	5
ADFLTR6 	EQU 	6
ADFLTR7 	EQU 	7
ADFLTR8 	EQU 	0
ADFLTR9 	EQU 	1
ADFLTRH 	EQU 	3950
ADFLTRL 	EQU 	3949
ADFM 	EQU 	2
ADFM0 	EQU 	2
ADFVR0 	EQU 	0
ADFVR1 	EQU 	1
ADGO 	EQU 	0
ADGPOL 	EQU 	5
ADIE 	EQU 	0
ADIF 	EQU 	0
ADIP 	EQU 	0
ADIPEN 	EQU 	6
ADLTH 	EQU 	3941
ADLTH0 	EQU 	0
ADLTH1 	EQU 	1
ADLTH10 	EQU 	2
ADLTH11 	EQU 	3
ADLTH12 	EQU 	4
ADLTH13 	EQU 	5
ADLTH14 	EQU 	6
ADLTH15 	EQU 	7
ADLTH2 	EQU 	2
ADLTH3 	EQU 	3
ADLTH4 	EQU 	4
ADLTH5 	EQU 	5
ADLTH6 	EQU 	6
ADLTH7 	EQU 	7
ADLTH8 	EQU 	0
ADLTH9 	EQU 	1
ADLTHH 	EQU 	3942
ADLTHL 	EQU 	3941
ADLTHR 	EQU 	5
ADMATH 	EQU 	4
ADMD0 	EQU 	0
ADMD1 	EQU 	1
ADMD2 	EQU 	2
ADMSK1 	EQU 	1
ADMSK2 	EQU 	2
ADMSK3 	EQU 	3
ADMSK4 	EQU 	4
ADMSK5 	EQU 	5
ADNREF 	EQU 	4
ADOEN 	EQU 	2
ADON 	EQU 	7
ADOR 	EQU 	2
ADPCH 	EQU 	3930
ADPCH0 	EQU 	0
ADPCH1 	EQU 	1
ADPCH2 	EQU 	2
ADPCH3 	EQU 	3
ADPCH4 	EQU 	4
ADPCH5 	EQU 	5
ADPPOL 	EQU 	7
ADPRE 	EQU 	3929
ADPRE0 	EQU 	0
ADPRE1 	EQU 	1
ADPRE2 	EQU 	2
ADPRE3 	EQU 	3
ADPRE4 	EQU 	4
ADPRE5 	EQU 	5
ADPRE6 	EQU 	6
ADPRE7 	EQU 	7
ADPREF0 	EQU 	0
ADPREF1 	EQU 	1
ADPREV 	EQU 	3932
ADPREV0 	EQU 	0
ADPREV1 	EQU 	1
ADPREV10 	EQU 	2
ADPREV11 	EQU 	3
ADPREV12 	EQU 	4
ADPREV13 	EQU 	5
ADPREV14 	EQU 	6
ADPREV15 	EQU 	7
ADPREV2 	EQU 	2
ADPREV3 	EQU 	3
ADPREV4 	EQU 	4
ADPREV5 	EQU 	5
ADPREV6 	EQU 	6
ADPREV7 	EQU 	7
ADPREV8 	EQU 	0
ADPREV9 	EQU 	1
ADPREVH 	EQU 	3933
ADPREVL 	EQU 	3932
ADPSIS 	EQU 	7
ADREF 	EQU 	3923
ADRES 	EQU 	3934
ADRES0 	EQU 	0
ADRES1 	EQU 	1
ADRES10 	EQU 	2
ADRES11 	EQU 	3
ADRES12 	EQU 	4
ADRES13 	EQU 	5
ADRES14 	EQU 	6
ADRES15 	EQU 	7
ADRES2 	EQU 	2
ADRES3 	EQU 	3
ADRES4 	EQU 	4
ADRES5 	EQU 	5
ADRES6 	EQU 	6
ADRES7 	EQU 	7
ADRES8 	EQU 	0
ADRES9 	EQU 	1
ADRESH 	EQU 	3935
ADRESL 	EQU 	3934
ADRPT 	EQU 	3937
ADRPT0 	EQU 	0
ADRPT1 	EQU 	1
ADRPT2 	EQU 	2
ADRPT3 	EQU 	3
ADRPT4 	EQU 	4
ADRPT5 	EQU 	5
ADRPT6 	EQU 	6
ADRPT7 	EQU 	7
ADSOI 	EQU 	3
ADSTAT 	EQU 	3936
ADSTAT0 	EQU 	0
ADSTAT1 	EQU 	1
ADSTAT2 	EQU 	2
ADSTPT 	EQU 	3939
ADSTPT0 	EQU 	0
ADSTPT1 	EQU 	1
ADSTPT10 	EQU 	2
ADSTPT11 	EQU 	3
ADSTPT12 	EQU 	4
ADSTPT13 	EQU 	5
ADSTPT14 	EQU 	6
ADSTPT15 	EQU 	7
ADSTPT2 	EQU 	2
ADSTPT3 	EQU 	3
ADSTPT4 	EQU 	4
ADSTPT5 	EQU 	5
ADSTPT6 	EQU 	6
ADSTPT7 	EQU 	7
ADSTPT8 	EQU 	0
ADSTPT9 	EQU 	1
ADSTPTH 	EQU 	3940
ADSTPTL 	EQU 	3939
ADTIE 	EQU 	1
ADTIF 	EQU 	1
ADTIP 	EQU 	1
ADTMD0 	EQU 	0
ADTMD1 	EQU 	1
ADTMD2 	EQU 	2
ADUTH 	EQU 	3943
ADUTH0 	EQU 	0
ADUTH1 	EQU 	1
ADUTH10 	EQU 	2
ADUTH11 	EQU 	3
ADUTH12 	EQU 	4
ADUTH13 	EQU 	5
ADUTH14 	EQU 	6
ADUTH15 	EQU 	7
ADUTH2 	EQU 	2
ADUTH3 	EQU 	3
ADUTH4 	EQU 	4
ADUTH5 	EQU 	5
ADUTH6 	EQU 	6
ADUTH7 	EQU 	7
ADUTH8 	EQU 	0
ADUTH9 	EQU 	1
ADUTHH 	EQU 	3944
ADUTHL 	EQU 	3943
ADUTHR 	EQU 	6
AHEN 	EQU 	1
ANSELA 	EQU 	3852
ANSELA0 	EQU 	0
ANSELA1 	EQU 	1
ANSELA2 	EQU 	2
ANSELA3 	EQU 	3
ANSELA4 	EQU 	4
ANSELA5 	EQU 	5
ANSELA6 	EQU 	6
ANSELA7 	EQU 	7
ANSELB 	EQU 	3860
ANSELB0 	EQU 	0
ANSELB1 	EQU 	1
ANSELB2 	EQU 	2
ANSELB3 	EQU 	3
ANSELB4 	EQU 	4
ANSELB5 	EQU 	5
ANSELB6 	EQU 	6
ANSELB7 	EQU 	7
ANSELC 	EQU 	3868
ANSELC0 	EQU 	0
ANSELC1 	EQU 	1
ANSELC2 	EQU 	2
ANSELC3 	EQU 	3
ANSELC4 	EQU 	4
ANSELC5 	EQU 	5
ANSELC6 	EQU 	6
ANSELC7 	EQU 	7
AS0E 	EQU 	0
AS1E 	EQU 	1
AS2E 	EQU 	2
AS3E 	EQU 	3
AS4E 	EQU 	4
AS5E 	EQU 	5
B 	EQU 	1
BANKED 	EQU 	1
BASPROGRAMEND 	EQU 	40
BASPROGRAMSTART 	EQU 	12
BAUD1CON 	EQU 	3998
BAUDCON 	EQU 	3998
BAUDCON1 	EQU 	3998
BAUDCON1_ABDEN 	EQU 	0
BAUDCON1_ABDOVF 	EQU 	7
BAUDCON1_BRG16 	EQU 	3
BAUDCON1_RCIDL 	EQU 	6
BAUDCON1_SCKP 	EQU 	4
BAUDCON1_WUE 	EQU 	1
BAUDCON_ABDEN 	EQU 	0
BAUDCON_ABDOVF 	EQU 	7
BAUDCON_BRG16 	EQU 	3
BAUDCON_RCIDL 	EQU 	6
BAUDCON_SCKP 	EQU 	4
BAUDCON_WUE 	EQU 	1
BAUDCTL 	EQU 	3998
BAUDCTL1 	EQU 	3998
BAUDCTL1_ABDEN 	EQU 	0
BAUDCTL1_ABDOVF 	EQU 	7
BAUDCTL1_BRG16 	EQU 	3
BAUDCTL1_RCIDL 	EQU 	6
BAUDCTL1_SCKP 	EQU 	4
BAUDCTL1_WUE 	EQU 	1
BAUDCTL_ABDEN 	EQU 	0
BAUDCTL_ABDOVF 	EQU 	7
BAUDCTL_BRG16 	EQU 	3
BAUDCTL_RCIDL 	EQU 	6
BAUDCTL_SCKP 	EQU 	4
BAUDCTL_WUE 	EQU 	1
BCL1IE 	EQU 	1
BCL1IF 	EQU 	1
BCL1IP 	EQU 	1
BCLIE 	EQU 	1
BCLIF 	EQU 	1
BCLIP 	EQU 	1
BF 	EQU 	0
BIT 	EQU 	0
BOEN 	EQU 	4
BOR 	EQU 	0
BORCON 	EQU 	3803
BORRDY 	EQU 	0
BRG16 	EQU 	3
BRGH 	EQU 	2
BSR 	EQU 	4064
BUSY 	EQU 	5
C 	EQU 	0
C1EN 	EQU 	7
C1HYS 	EQU 	1
C1IE 	EQU 	0
C1IF 	EQU 	0
C1INTN 	EQU 	0
C1INTP 	EQU 	1
C1IP 	EQU 	0
C1NCH0 	EQU 	0
C1NCH1 	EQU 	1
C1NCH2 	EQU 	2
C1OUT 	EQU 	6
C1PCH0 	EQU 	0
C1PCH1 	EQU 	1
C1PCH2 	EQU 	2
C1POL 	EQU 	4
C1SYNC 	EQU 	0
C1TSEL0 	EQU 	0
C1TSEL1 	EQU 	1
C2EN 	EQU 	7
C2HYS 	EQU 	1
C2IE 	EQU 	1
C2IF 	EQU 	1
C2INTN 	EQU 	0
C2INTP 	EQU 	1
C2IP 	EQU 	1
C2NCH0 	EQU 	0
C2NCH1 	EQU 	1
C2NCH2 	EQU 	2
C2OUT 	EQU 	6
C2PCH0 	EQU 	0
C2PCH1 	EQU 	1
C2PCH2 	EQU 	2
C2POL 	EQU 	4
C2SYNC 	EQU 	0
C2TSEL0 	EQU 	2
C2TSEL1 	EQU 	3
CCP1CAP 	EQU 	4012
CCP1CON 	EQU 	4011
CCP1CON_EN 	EQU 	7
CCP1CTS0 	EQU 	0
CCP1CTS1 	EQU 	1
CCP1EN 	EQU 	7
CCP1FMT 	EQU 	4
CCP1IE 	EQU 	0
CCP1IF 	EQU 	0
CCP1IP 	EQU 	0
CCP1MD 	EQU 	0
CCP1MODE0 	EQU 	0
CCP1MODE1 	EQU 	1
CCP1MODE2 	EQU 	2
CCP1MODE3 	EQU 	3
CCP1OUT 	EQU 	5
CCP1PPS 	EQU 	3754
CCP1PPS0 	EQU 	0
CCP1PPS1 	EQU 	1
CCP1PPS2 	EQU 	2
CCP1PPS3 	EQU 	3
CCP1PPS4 	EQU 	4
CCP2CAP 	EQU 	4008
CCP2CAP_CTS0 	EQU 	0
CCP2CAP_CTS1 	EQU 	1
CCP2CON 	EQU 	4007
CCP2CON_EN 	EQU 	7
CCP2CON_FMT 	EQU 	4
CCP2CON_MODE0 	EQU 	0
CCP2CON_MODE1 	EQU 	1
CCP2CON_MODE2 	EQU 	2
CCP2CON_MODE3 	EQU 	3
CCP2CTS0 	EQU 	0
CCP2CTS1 	EQU 	1
CCP2EN 	EQU 	7
CCP2FMT 	EQU 	4
CCP2IE 	EQU 	1
CCP2IF 	EQU 	1
CCP2IP 	EQU 	1
CCP2MD 	EQU 	1
CCP2MODE0 	EQU 	0
CCP2MODE1 	EQU 	1
CCP2MODE2 	EQU 	2
CCP2MODE3 	EQU 	3
CCP2OUT 	EQU 	5
CCP2PPS 	EQU 	3755
CCP2PPS0 	EQU 	0
CCP2PPS1 	EQU 	1
CCP2PPS2 	EQU 	2
CCP2PPS3 	EQU 	3
CCP2PPS4 	EQU 	4
CCPR1 	EQU 	4009
CCPR1H 	EQU 	4010
CCPR1L 	EQU 	4009
CCPR2 	EQU 	4005
CCPR2H 	EQU 	4006
CCPR2L 	EQU 	4005
CCPTMRS 	EQU 	4013
CDAFVR0 	EQU 	2
CDAFVR1 	EQU 	3
CDIV0 	EQU 	0
CDIV1 	EQU 	1
CDIV2 	EQU 	2
CDIV3 	EQU 	3
CHPOL 	EQU 	5
CHS0 	EQU 	0
CHS1 	EQU 	1
CHS2 	EQU 	2
CHSYNC 	EQU 	4
CK1PPS 	EQU 	3761
CKE 	EQU 	6
CKP 	EQU 	4
CKPOL 	EQU 	6
CKPPS 	EQU 	3761
CKPPS_TXPPS0 	EQU 	0
CKPPS_TXPPS1 	EQU 	1
CKPPS_TXPPS2 	EQU 	2
CKPPS_TXPPS3 	EQU 	3
CKPPS_TXPPS4 	EQU 	4
CKPS0 	EQU 	4
CKPS1 	EQU 	5
CKPS2 	EQU 	6
CKSYNC 	EQU 	5
CLK0 	EQU 	0
CLK1 	EQU 	1
CLK2 	EQU 	2
CLKRCLK 	EQU 	3898
CLKRCLK0 	EQU 	0
CLKRCLK1 	EQU 	1
CLKRCLK2 	EQU 	2
CLKRCON 	EQU 	3897
CLKRCON_EN 	EQU 	7
CLKRDC0 	EQU 	3
CLKRDC1 	EQU 	4
CLKRDIV0 	EQU 	0
CLKRDIV1 	EQU 	1
CLKRDIV2 	EQU 	2
CLKREN 	EQU 	7
CLKRMD 	EQU 	1
CLPOL 	EQU 	1
CLS0 	EQU 	0
CLS1 	EQU 	1
CLS2 	EQU 	2
CLSYNC 	EQU 	0
CM1CON0 	EQU 	3892
CM1CON1 	EQU 	3893
CM1NCH 	EQU 	3894
CM1PCH 	EQU 	3895
CM2CON0 	EQU 	3888
CM2CON0_EN 	EQU 	7
CM2CON0_HYS 	EQU 	1
CM2CON0_POL 	EQU 	4
CM2CON1 	EQU 	3889
CM2CON1_INTN 	EQU 	0
CM2CON1_INTP 	EQU 	1
CM2NCH 	EQU 	3890
CM2NCH_NCH0 	EQU 	0
CM2NCH_NCH1 	EQU 	1
CM2NCH_NCH2 	EQU 	2
CM2PCH 	EQU 	3891
CM2PCH_PCH0 	EQU 	0
CM2PCH_PCH1 	EQU 	1
CM2PCH_PCH2 	EQU 	2
CMOUT 	EQU 	3896
CMP1MD 	EQU 	1
CMP2MD 	EQU 	2
COSC0 	EQU 	4
COSC1 	EQU 	5
COSC2 	EQU 	6
CPUDOZE 	EQU 	3794
CRCACC 	EQU 	3953
CRCACCH 	EQU 	3954
CRCACCL 	EQU 	3953
CRCCON0 	EQU 	3959
CRCCON0_BUSY 	EQU 	5
CRCCON0_EN 	EQU 	7
CRCCON1 	EQU 	3960
CRCDATA 	EQU 	3951
CRCDATH 	EQU 	3952
CRCDATL 	EQU 	3951
CRCEN 	EQU 	7
CRCGO 	EQU 	6
CRCIE 	EQU 	6
CRCIF 	EQU 	6
CRCIP 	EQU 	6
CRCMD 	EQU 	4
CRCSHFT 	EQU 	3955
CRCSHIFTH 	EQU 	3956
CRCSHIFTL 	EQU 	3955
CRCXOR 	EQU 	3957
CRCXORH 	EQU 	3958
CRCXORL 	EQU 	3957
CREN 	EQU 	4
CS 	EQU 	0
CS0 	EQU 	0
CS1 	EQU 	1
CS2 	EQU 	2
CS3 	EQU 	3
CSRC 	EQU 	7
CSWHOLD 	EQU 	7
CSWIE 	EQU 	6
CSWIF 	EQU 	6
CSWIP 	EQU 	6
CTS0 	EQU 	0
CTS1 	EQU 	1
CWG1AS0 	EQU 	3905
CWG1AS1 	EQU 	3906
CWG1CLK 	EQU 	3899
CWG1CLKCON 	EQU 	3899
CWG1CLKCON_CS 	EQU 	0
CWG1CLKCON_CWG1CS 	EQU 	0
CWG1CON0 	EQU 	3903
CWG1CON0_EN 	EQU 	7
CWG1CON0_MODE0 	EQU 	0
CWG1CON0_MODE1 	EQU 	1
CWG1CON0_MODE2 	EQU 	2
CWG1CON1 	EQU 	3904
CWG1CS 	EQU 	0
CWG1DBF 	EQU 	3902
CWG1DBF0 	EQU 	0
CWG1DBF1 	EQU 	1
CWG1DBF2 	EQU 	2
CWG1DBF3 	EQU 	3
CWG1DBF4 	EQU 	4
CWG1DBF5 	EQU 	5
CWG1DBR 	EQU 	3901
CWG1DBR0 	EQU 	0
CWG1DBR1 	EQU 	1
CWG1DBR2 	EQU 	2
CWG1DBR3 	EQU 	3
CWG1DBR4 	EQU 	4
CWG1DBR5 	EQU 	5
CWG1EN 	EQU 	7
CWG1IE 	EQU 	0
CWG1IF 	EQU 	0
CWG1IN 	EQU 	5
CWG1INPPS 	EQU 	3756
CWG1INPPS0 	EQU 	0
CWG1INPPS1 	EQU 	1
CWG1INPPS2 	EQU 	2
CWG1INPPS3 	EQU 	3
CWG1INPPS4 	EQU 	4
CWG1IP 	EQU 	0
CWG1ISM 	EQU 	3900
CWG1ISM0 	EQU 	0
CWG1ISM1 	EQU 	1
CWG1ISM2 	EQU 	2
CWG1ISM3 	EQU 	3
CWG1LD 	EQU 	6
CWG1LSAC0 	EQU 	2
CWG1LSAC1 	EQU 	3
CWG1LSBD0 	EQU 	4
CWG1LSBD1 	EQU 	5
CWG1MD 	EQU 	0
CWG1MODE0 	EQU 	0
CWG1MODE1 	EQU 	1
CWG1MODE2 	EQU 	2
CWG1OVRA 	EQU 	4
CWG1OVRB 	EQU 	5
CWG1OVRC 	EQU 	6
CWG1OVRD 	EQU 	7
CWG1POLA 	EQU 	0
CWG1POLB 	EQU 	1
CWG1POLC 	EQU 	2
CWG1POLD 	EQU 	3
CWG1PPS 	EQU 	3756
CWG1PPS_CWG1INPPS0 	EQU 	0
CWG1PPS_CWG1INPPS1 	EQU 	1
CWG1PPS_CWG1INPPS2 	EQU 	2
CWG1PPS_CWG1INPPS3 	EQU 	3
CWG1PPS_CWG1INPPS4 	EQU 	4
CWG1PPS_CWGINPPS0 	EQU 	0
CWG1PPS_CWGINPPS1 	EQU 	1
CWG1PPS_CWGINPPS2 	EQU 	2
CWG1PPS_CWGINPPS3 	EQU 	3
CWG1PPS_CWGINPPS4 	EQU 	4
CWG1REN 	EQU 	6
CWG1SHUTDOWN 	EQU 	7
CWG1STR 	EQU 	3907
CWG1STRA 	EQU 	0
CWG1STRB 	EQU 	1
CWG1STRC 	EQU 	2
CWG1STRD 	EQU 	3
CWGIE 	EQU 	0
CWGIF 	EQU 	0
CWGINPPS 	EQU 	3756
CWGINPPS0 	EQU 	0
CWGINPPS1 	EQU 	1
CWGINPPS2 	EQU 	2
CWGINPPS3 	EQU 	3
CWGINPPS4 	EQU 	4
CWGINPPS_CWG1INPPS0 	EQU 	0
CWGINPPS_CWG1INPPS1 	EQU 	1
CWGINPPS_CWG1INPPS2 	EQU 	2
CWGINPPS_CWG1INPPS3 	EQU 	3
CWGINPPS_CWG1INPPS4 	EQU 	4
CWGINPPS_CWGINPPS0 	EQU 	0
CWGINPPS_CWGINPPS1 	EQU 	1
CWGINPPS_CWGINPPS2 	EQU 	2
CWGINPPS_CWGINPPS3 	EQU 	3
CWGINPPS_CWGINPPS4 	EQU 	4
CWGIP 	EQU 	0
CWGMD 	EQU 	0
CWGPPS 	EQU 	3756
CWGPPS_CWG1INPPS0 	EQU 	0
CWGPPS_CWG1INPPS1 	EQU 	1
CWGPPS_CWG1INPPS2 	EQU 	2
CWGPPS_CWG1INPPS3 	EQU 	3
CWGPPS_CWG1INPPS4 	EQU 	4
CWGPPS_CWGINPPS0 	EQU 	0
CWGPPS_CWGINPPS1 	EQU 	1
CWGPPS_CWGINPPS2 	EQU 	2
CWGPPS_CWGINPPS3 	EQU 	3
CWGPPS_CWGINPPS4 	EQU 	4
DABORT 	EQU 	4
DAC1CON0 	EQU 	3886
DAC1CON0_EN 	EQU 	7
DAC1CON1 	EQU 	3887
DAC1EN 	EQU 	7
DAC1NSS 	EQU 	0
DAC1OE1 	EQU 	5
DAC1OE2 	EQU 	4
DAC1PSS0 	EQU 	2
DAC1PSS1 	EQU 	3
DAC1R0 	EQU 	0
DAC1R1 	EQU 	1
DAC1R2 	EQU 	2
DAC1R3 	EQU 	3
DAC1R4 	EQU 	4
DACMD 	EQU 	6
DATA0 	EQU 	0
DATA1 	EQU 	1
DATA10 	EQU 	2
DATA11 	EQU 	3
DATA12 	EQU 	4
DATA13 	EQU 	5
DATA14 	EQU 	6
DATA15 	EQU 	7
DATA2 	EQU 	2
DATA3 	EQU 	3
DATA4 	EQU 	4
DATA5 	EQU 	5
DATA6 	EQU 	6
DATA7 	EQU 	7
DATA8 	EQU 	0
DATA9 	EQU 	1
DATA_ADDRESS 	EQU 	5
DBF0 	EQU 	0
DBF1 	EQU 	1
DBF2 	EQU 	2
DBF3 	EQU 	3
DBF4 	EQU 	4
DBF5 	EQU 	5
DBR0 	EQU 	0
DBR1 	EQU 	1
DBR2 	EQU 	2
DBR3 	EQU 	3
DBR4 	EQU 	4
DBR5 	EQU 	5
DC 	EQU 	1
DC0_CLKRCON 	EQU 	3
DC0_PWM3DCL 	EQU 	6
DC0_PWM4DCL 	EQU 	6
DC1_CLKRCON 	EQU 	4
DC1_PWM3DCL 	EQU 	7
DC1_PWM4DCL 	EQU 	7
DC2 	EQU 	0
DC3 	EQU 	1
DC4 	EQU 	2
DC5 	EQU 	3
DC6 	EQU 	4
DC7 	EQU 	5
DC8 	EQU 	6
DC9 	EQU 	7
DDRA 	EQU 	3975
DDRB 	EQU 	3976
DDRC 	EQU 	3977
DELAYTEMP 	EQU 	0
DELAYTEMP2 	EQU 	1
DELAY_MS 	EQU 	44
DHEN 	EQU 	0
DIV0 	EQU 	0
DIV1 	EQU 	1
DIV2 	EQU 	2
DLEN0 	EQU 	4
DLEN1 	EQU 	5
DLEN2 	EQU 	6
DLEN3 	EQU 	7
DMS_INNER 	EQU 	54
DMS_OUTER 	EQU 	50
DMS_START 	EQU 	46
DOE 	EQU 	4
DONE 	EQU 	0
DOZE0 	EQU 	0
DOZE1 	EQU 	1
DOZE2 	EQU 	2
DOZEN 	EQU 	6
DSMMD 	EQU 	0
D_A 	EQU 	5
D_NOT_A 	EQU 	5
EN 	EQU 	7
EXTOEN 	EQU 	7
EXTOR 	EQU 	7
F 	EQU 	1
FERR 	EQU 	2
FMT 	EQU 	4
FRQ0 	EQU 	0
FRQ1 	EQU 	1
FRQ2 	EQU 	2
FRQ3 	EQU 	3
FSR0H 	EQU 	4074
FSR0L 	EQU 	4073
FSR1H 	EQU 	4066
FSR1L 	EQU 	4065
FSR2H 	EQU 	4058
FSR2L 	EQU 	4057
FULL 	EQU 	0
FVRCON 	EQU 	3884
FVRCON_EN 	EQU 	7
FVREN 	EQU 	7
FVRMD 	EQU 	6
FVRRDY 	EQU 	6
G1EN 	EQU 	7
GCEN 	EQU 	7
GE 	EQU 	7
GGO_NOT_DONE 	EQU 	3
GIE 	EQU 	7
GIEH 	EQU 	7
GIEL 	EQU 	6
GIE_GIEH 	EQU 	7
GO_ADCON0 	EQU 	0
GO_DONE 	EQU 	0
GO_NOT_DONE 	EQU 	0
GO_SCANCON0 	EQU 	6
GPOL 	EQU 	6
GSPM 	EQU 	4
GSS0 	EQU 	0
GSS1 	EQU 	1
GSS2 	EQU 	2
GSS3 	EQU 	3
GTM 	EQU 	5
GVAL 	EQU 	2
HADR0 	EQU 	0
HADR1 	EQU 	1
HADR10 	EQU 	2
HADR11 	EQU 	3
HADR12 	EQU 	4
HADR13 	EQU 	5
HADR14 	EQU 	6
HADR15 	EQU 	7
HADR16 	EQU 	0
HADR17 	EQU 	1
HADR18 	EQU 	2
HADR19 	EQU 	3
HADR2 	EQU 	2
HADR20 	EQU 	4
HADR21 	EQU 	5
HADR3 	EQU 	3
HADR4 	EQU 	4
HADR5 	EQU 	5
HADR6 	EQU 	6
HADR7 	EQU 	7
HADR8 	EQU 	0
HADR9 	EQU 	1
HFOEN 	EQU 	6
HFOR 	EQU 	6
HLVDCON0 	EQU 	3882
HLVDCON0_EN 	EQU 	7
HLVDCON1 	EQU 	3883
HLVDEN 	EQU 	7
HLVDIE 	EQU 	7
HLVDIF 	EQU 	7
HLVDINTH 	EQU 	1
HLVDINTL 	EQU 	0
HLVDIP 	EQU 	7
HLVDMD 	EQU 	5
HLVDOUT 	EQU 	5
HLVDRDY 	EQU 	4
HLVDSEL0 	EQU 	0
HLVDSEL1 	EQU 	1
HLVDSEL2 	EQU 	2
HLVDSEL3 	EQU 	3
HYS 	EQU 	1
I2C_DAT 	EQU 	5
I2C_READ 	EQU 	2
I2C_START 	EQU 	3
I2C_STOP 	EQU 	4
IDLEN 	EQU 	7
IN 	EQU 	5
INDF0 	EQU 	4079
INDF1 	EQU 	4071
INDF2 	EQU 	4063
INITSYS 	EQU 	72
INLVLA 	EQU 	3848
INLVLA0 	EQU 	0
INLVLA1 	EQU 	1
INLVLA2 	EQU 	2
INLVLA3 	EQU 	3
INLVLA4 	EQU 	4
INLVLA5 	EQU 	5
INLVLA6 	EQU 	6
INLVLA7 	EQU 	7
INLVLB 	EQU 	3856
INLVLB0 	EQU 	0
INLVLB1 	EQU 	1
INLVLB2 	EQU 	2
INLVLB3 	EQU 	3
INLVLB4 	EQU 	4
INLVLB5 	EQU 	5
INLVLB6 	EQU 	6
INLVLB7 	EQU 	7
INLVLC 	EQU 	3864
INLVLC0 	EQU 	0
INLVLC1 	EQU 	1
INLVLC2 	EQU 	2
INLVLC3 	EQU 	3
INLVLC4 	EQU 	4
INLVLC5 	EQU 	5
INLVLC6 	EQU 	6
INLVLC7 	EQU 	7
INLVLE 	EQU 	3877
INLVLE3 	EQU 	3
INT0EDG 	EQU 	0
INT0IE 	EQU 	0
INT0IF 	EQU 	0
INT0IP 	EQU 	0
INT0PPS 	EQU 	3740
INT0PPS0 	EQU 	0
INT0PPS1 	EQU 	1
INT0PPS2 	EQU 	2
INT0PPS3 	EQU 	3
INT0PPS_PORT 	EQU 	3
INT1EDG 	EQU 	1
INT1IE 	EQU 	1
INT1IF 	EQU 	1
INT1IP 	EQU 	1
INT1PPS 	EQU 	3741
INT1PPS0 	EQU 	0
INT1PPS1 	EQU 	1
INT1PPS2 	EQU 	2
INT1PPS3 	EQU 	3
INT2EDG 	EQU 	2
INT2IE 	EQU 	2
INT2IF 	EQU 	2
INT2IP 	EQU 	2
INT2PPS 	EQU 	3742
INT2PPS0 	EQU 	0
INT2PPS1 	EQU 	1
INT2PPS2 	EQU 	2
INT2PPS3 	EQU 	3
INT2PPS_PORT 	EQU 	3
INTCON 	EQU 	4082
INTH 	EQU 	1
INTL 	EQU 	0
INTM 	EQU 	3
INTN 	EQU 	0
INTP 	EQU 	1
INVALID 	EQU 	4
IOCAF 	EQU 	3845
IOCAF0 	EQU 	0
IOCAF1 	EQU 	1
IOCAF2 	EQU 	2
IOCAF3 	EQU 	3
IOCAF4 	EQU 	4
IOCAF5 	EQU 	5
IOCAF6 	EQU 	6
IOCAF7 	EQU 	7
IOCAN 	EQU 	3846
IOCAN0 	EQU 	0
IOCAN1 	EQU 	1
IOCAN2 	EQU 	2
IOCAN3 	EQU 	3
IOCAN4 	EQU 	4
IOCAN5 	EQU 	5
IOCAN6 	EQU 	6
IOCAN7 	EQU 	7
IOCAP 	EQU 	3847
IOCAP0 	EQU 	0
IOCAP1 	EQU 	1
IOCAP2 	EQU 	2
IOCAP3 	EQU 	3
IOCAP4 	EQU 	4
IOCAP5 	EQU 	5
IOCAP6 	EQU 	6
IOCAP7 	EQU 	7
IOCBF 	EQU 	3853
IOCBF0 	EQU 	0
IOCBF1 	EQU 	1
IOCBF2 	EQU 	2
IOCBF3 	EQU 	3
IOCBF4 	EQU 	4
IOCBF5 	EQU 	5
IOCBF6 	EQU 	6
IOCBF7 	EQU 	7
IOCBN 	EQU 	3854
IOCBN0 	EQU 	0
IOCBN1 	EQU 	1
IOCBN2 	EQU 	2
IOCBN3 	EQU 	3
IOCBN4 	EQU 	4
IOCBN5 	EQU 	5
IOCBN6 	EQU 	6
IOCBN7 	EQU 	7
IOCBP 	EQU 	3855
IOCBP0 	EQU 	0
IOCBP1 	EQU 	1
IOCBP2 	EQU 	2
IOCBP3 	EQU 	3
IOCBP4 	EQU 	4
IOCBP5 	EQU 	5
IOCBP6 	EQU 	6
IOCBP7 	EQU 	7
IOCCF 	EQU 	3861
IOCCF0 	EQU 	0
IOCCF1 	EQU 	1
IOCCF2 	EQU 	2
IOCCF3 	EQU 	3
IOCCF4 	EQU 	4
IOCCF5 	EQU 	5
IOCCF6 	EQU 	6
IOCCF7 	EQU 	7
IOCCN 	EQU 	3862
IOCCN0 	EQU 	0
IOCCN1 	EQU 	1
IOCCN2 	EQU 	2
IOCCN3 	EQU 	3
IOCCN4 	EQU 	4
IOCCN5 	EQU 	5
IOCCN6 	EQU 	6
IOCCN7 	EQU 	7
IOCCP 	EQU 	3863
IOCCP0 	EQU 	0
IOCCP1 	EQU 	1
IOCCP2 	EQU 	2
IOCCP3 	EQU 	3
IOCCP4 	EQU 	4
IOCCP5 	EQU 	5
IOCCP6 	EQU 	6
IOCCP7 	EQU 	7
IOCEF 	EQU 	3874
IOCEF3 	EQU 	3
IOCEN 	EQU 	3875
IOCEN3 	EQU 	3
IOCEP 	EQU 	3876
IOCEP3 	EQU 	3
IOCIE 	EQU 	4
IOCIF 	EQU 	4
IOCIP 	EQU 	4
IOCMD 	EQU 	0
IPEN 	EQU 	5
IPR0 	EQU 	3765
IPR1 	EQU 	3766
IPR2 	EQU 	3767
IPR3 	EQU 	3768
IPR4 	EQU 	3769
IPR5 	EQU 	3770
IPR6 	EQU 	3771
IPR7 	EQU 	3772
LADR0 	EQU 	0
LADR1 	EQU 	1
LADR10 	EQU 	2
LADR11 	EQU 	3
LADR12 	EQU 	4
LADR13 	EQU 	5
LADR14 	EQU 	6
LADR15 	EQU 	7
LADR16 	EQU 	0
LADR17 	EQU 	1
LADR18 	EQU 	2
LADR19 	EQU 	3
LADR2 	EQU 	2
LADR20 	EQU 	4
LADR21 	EQU 	5
LADR3 	EQU 	3
LADR4 	EQU 	4
LADR5 	EQU 	5
LADR6 	EQU 	6
LADR7 	EQU 	7
LADR8 	EQU 	0
LADR9 	EQU 	1
LATA 	EQU 	3970
LATA0 	EQU 	0
LATA1 	EQU 	1
LATA2 	EQU 	2
LATA3 	EQU 	3
LATA4 	EQU 	4
LATA5 	EQU 	5
LATA6 	EQU 	6
LATA7 	EQU 	7
LATB 	EQU 	3971
LATB0 	EQU 	0
LATB1 	EQU 	1
LATB2 	EQU 	2
LATB3 	EQU 	3
LATB4 	EQU 	4
LATB5 	EQU 	5
LATB6 	EQU 	6
LATB7 	EQU 	7
LATC 	EQU 	3972
LATC0 	EQU 	0
LATC1 	EQU 	1
LATC2 	EQU 	2
LATC3 	EQU 	3
LATC4 	EQU 	4
LATC5 	EQU 	5
LATC6 	EQU 	6
LATC7 	EQU 	7
LD 	EQU 	6
LFOEN 	EQU 	4
LFOR 	EQU 	4
LSAC0 	EQU 	2
LSAC1 	EQU 	3
LSBD0 	EQU 	4
LSBD1 	EQU 	5
MC1OUT 	EQU 	0
MC2OUT 	EQU 	1
MDBIT 	EQU 	0
MDCARH 	EQU 	3920
MDCARHPPS 	EQU 	3758
MDCARHPPS0 	EQU 	0
MDCARHPPS1 	EQU 	1
MDCARHPPS2 	EQU 	2
MDCARHPPS3 	EQU 	3
MDCARHPPS4 	EQU 	4
MDCARL 	EQU 	3919
MDCARLPPS 	EQU 	3757
MDCARLPPS0 	EQU 	0
MDCARLPPS1 	EQU 	1
MDCARLPPS2 	EQU 	2
MDCARLPPS3 	EQU 	3
MDCARLPPS4 	EQU 	4
MDCHPOL 	EQU 	5
MDCHS0 	EQU 	0
MDCHS1 	EQU 	1
MDCHS2 	EQU 	2
MDCHSYNC 	EQU 	4
MDCLPOL 	EQU 	1
MDCLS0 	EQU 	0
MDCLS1 	EQU 	1
MDCLS2 	EQU 	2
MDCLSYNC 	EQU 	0
MDCON0 	EQU 	3916
MDCON0_EN 	EQU 	7
MDCON1 	EQU 	3917
MDEN 	EQU 	7
MDOPOL 	EQU 	4
MDOUT 	EQU 	5
MDSRC 	EQU 	3918
MDSRCPPS 	EQU 	3759
MDSRCPPS0 	EQU 	0
MDSRCPPS1 	EQU 	1
MDSRCPPS2 	EQU 	2
MDSRCPPS3 	EQU 	3
MDSRCPPS4 	EQU 	4
MDSRCS0 	EQU 	0
MDSRCS1 	EQU 	1
MDSRCS2 	EQU 	2
MDSRCS3 	EQU 	3
MFOEN 	EQU 	5
MFOR 	EQU 	5
MODE0 	EQU 	0
MODE1 	EQU 	1
MODE2 	EQU 	2
MODE3 	EQU 	3
MODE4 	EQU 	4
MSK0 	EQU 	0
MSK1 	EQU 	1
MSK2 	EQU 	2
MSK3 	EQU 	3
MSK4 	EQU 	4
MSK5 	EQU 	5
MSK6 	EQU 	6
MSK7 	EQU 	7
MSSP1MD 	EQU 	4
N 	EQU 	4
NCH0 	EQU 	0
NCH1 	EQU 	1
NCH2 	EQU 	2
NDIV0 	EQU 	0
NDIV1 	EQU 	1
NDIV2 	EQU 	2
NDIV3 	EQU 	3
NOSC0 	EQU 	4
NOSC1 	EQU 	5
NOSC2 	EQU 	6
NOSCR 	EQU 	3
NOT_A 	EQU 	5
NOT_ADDRESS 	EQU 	5
NOT_BOR 	EQU 	0
NOT_PD 	EQU 	5
NOT_POR 	EQU 	1
NOT_RCM 	EQU 	0
NOT_RI 	EQU 	2
NOT_RMCLR 	EQU 	3
NOT_RVREG 	EQU 	2
NOT_RWDT 	EQU 	4
NOT_SYNC 	EQU 	2
NOT_T1SYNC 	EQU 	2
NOT_T3SYNC 	EQU 	2
NOT_T5SYNC 	EQU 	2
NOT_TO 	EQU 	6
NOT_W 	EQU 	2
NOT_WDTWV 	EQU 	5
NOT_WRITE 	EQU 	2
NSS 	EQU 	0
NVMADR 	EQU 	3961
NVMADR0 	EQU 	0
NVMADR1 	EQU 	1
NVMADR10 	EQU 	2
NVMADR11 	EQU 	3
NVMADR12 	EQU 	4
NVMADR13 	EQU 	5
NVMADR14 	EQU 	6
NVMADR15 	EQU 	7
NVMADR16 	EQU 	0
NVMADR17 	EQU 	1
NVMADR18 	EQU 	2
NVMADR19 	EQU 	3
NVMADR2 	EQU 	2
NVMADR20 	EQU 	4
NVMADR21 	EQU 	5
NVMADR3 	EQU 	3
NVMADR4 	EQU 	4
NVMADR5 	EQU 	5
NVMADR6 	EQU 	6
NVMADR7 	EQU 	7
NVMADR8 	EQU 	0
NVMADR9 	EQU 	1
NVMADRH 	EQU 	3962
NVMADRL 	EQU 	3961
NVMADRU 	EQU 	3963
NVMCON0 	EQU 	3967
NVMCON1 	EQU 	3968
NVMCON2 	EQU 	3969
NVMDAT 	EQU 	3964
NVMDAT0 	EQU 	0
NVMDAT1 	EQU 	1
NVMDAT10 	EQU 	2
NVMDAT11 	EQU 	3
NVMDAT12 	EQU 	4
NVMDAT13 	EQU 	5
NVMDAT14 	EQU 	6
NVMDAT15 	EQU 	7
NVMDAT2 	EQU 	2
NVMDAT3 	EQU 	3
NVMDAT4 	EQU 	4
NVMDAT5 	EQU 	5
NVMDAT6 	EQU 	6
NVMDAT7 	EQU 	7
NVMDAT8 	EQU 	0
NVMDAT9 	EQU 	1
NVMDATH 	EQU 	3965
NVMDATL 	EQU 	3964
NVMEN 	EQU 	7
NVMERR 	EQU 	4
NVMIE 	EQU 	5
NVMIF 	EQU 	5
NVMIP 	EQU 	5
NVMMD 	EQU 	2
ODCA0 	EQU 	0
ODCA1 	EQU 	1
ODCA2 	EQU 	2
ODCA3 	EQU 	3
ODCA4 	EQU 	4
ODCA5 	EQU 	5
ODCA6 	EQU 	6
ODCA7 	EQU 	7
ODCB0 	EQU 	0
ODCB1 	EQU 	1
ODCB2 	EQU 	2
ODCB3 	EQU 	3
ODCB4 	EQU 	4
ODCB5 	EQU 	5
ODCB6 	EQU 	6
ODCB7 	EQU 	7
ODCC0 	EQU 	0
ODCC1 	EQU 	1
ODCC2 	EQU 	2
ODCC3 	EQU 	3
ODCC4 	EQU 	4
ODCC5 	EQU 	5
ODCC6 	EQU 	6
ODCC7 	EQU 	7
ODCONA 	EQU 	3850
ODCONB 	EQU 	3858
ODCONC 	EQU 	3866
OE1 	EQU 	5
OE2 	EQU 	4
OERR 	EQU 	1
ON_T1CON 	EQU 	0
ON_T2CON 	EQU 	7
ON_T3CON 	EQU 	0
ON_T4CON 	EQU 	7
ON_T5CON 	EQU 	0
ON_T6CON 	EQU 	7
OPOL 	EQU 	4
ORDY 	EQU 	4
OSCCON1 	EQU 	3795
OSCCON2 	EQU 	3796
OSCCON3 	EQU 	3797
OSCEN 	EQU 	3799
OSCFIE 	EQU 	7
OSCFIF 	EQU 	7
OSCFIP 	EQU 	7
OSCFREQ 	EQU 	3801
OSCFRQ 	EQU 	3801
OSCFRQ_FRQ0 	EQU 	0
OSCFRQ_FRQ1 	EQU 	1
OSCFRQ_FRQ2 	EQU 	2
OSCFRQ_FRQ3 	EQU 	3
OSCSTAT 	EQU 	3798
OSCSTAT1 	EQU 	3798
OSCSTAT1_ADOR 	EQU 	2
OSCSTAT1_EXTOR 	EQU 	7
OSCSTAT1_HFOR 	EQU 	6
OSCSTAT1_LFOR 	EQU 	4
OSCSTAT1_MFOR 	EQU 	5
OSCSTAT1_PLLR 	EQU 	0
OSCSTAT1_SOR 	EQU 	3
OSCTUNE 	EQU 	3800
OUTPS0 	EQU 	0
OUTPS1 	EQU 	1
OUTPS2 	EQU 	2
OUTPS3 	EQU 	3
OUT_CCP1CON 	EQU 	5
OUT_CCP2CON 	EQU 	5
OUT_CM1CON0 	EQU 	6
OUT_CM2CON0 	EQU 	6
OUT_HLVDCON0 	EQU 	5
OUT_MDCON0 	EQU 	5
OUT_PWM3CON 	EQU 	5
OUT_PWM4CON 	EQU 	5
OUT_ZCDCON 	EQU 	5
OV 	EQU 	3
OVRA 	EQU 	4
OVRB 	EQU 	5
OVRC 	EQU 	6
OVRD 	EQU 	7
P 	EQU 	4
P3TSEL0 	EQU 	4
P3TSEL1 	EQU 	5
P4TSEL0 	EQU 	6
P4TSEL1 	EQU 	7
PC 	EQU 	4089
PCH0 	EQU 	0
PCH1 	EQU 	1
PCH2 	EQU 	2
PCIE 	EQU 	6
PCL 	EQU 	4089
PCLATH 	EQU 	4090
PCLATU 	EQU 	4091
PCON0 	EQU 	4055
PCON1 	EQU 	4054
PD 	EQU 	5
PEIE 	EQU 	6
PEIE_GIEL 	EQU 	6
PEN 	EQU 	2
PIE0 	EQU 	3773
PIE1 	EQU 	3774
PIE2 	EQU 	3775
PIE3 	EQU 	3776
PIE4 	EQU 	3777
PIE5 	EQU 	3778
PIE6 	EQU 	3779
PIE7 	EQU 	3780
PIR0 	EQU 	3781
PIR1 	EQU 	3782
PIR2 	EQU 	3783
PIR3 	EQU 	3784
PIR4 	EQU 	3785
PIR5 	EQU 	3786
PIR6 	EQU 	3787
PIR7 	EQU 	3788
PLEN0 	EQU 	0
PLEN1 	EQU 	1
PLEN2 	EQU 	2
PLEN3 	EQU 	3
PLLR 	EQU 	0
PLUSW0 	EQU 	4075
PLUSW1 	EQU 	4067
PLUSW2 	EQU 	4059
PMD0 	EQU 	3804
PMD1 	EQU 	3805
PMD2 	EQU 	3806
PMD3 	EQU 	3807
PMD4 	EQU 	3808
PMD5 	EQU 	3809
PMSYS0 	EQU 	4
PMSYS1 	EQU 	5
POL 	EQU 	4
POLA 	EQU 	0
POLB 	EQU 	1
POLC 	EQU 	2
POLD 	EQU 	3
POR 	EQU 	1
PORT 	EQU 	3
PORTA 	EQU 	3980
PORTB 	EQU 	3981
PORTC 	EQU 	3982
PORTE 	EQU 	3984
POSTDEC0 	EQU 	4077
POSTDEC1 	EQU 	4069
POSTDEC2 	EQU 	4061
POSTINC0 	EQU 	4078
POSTINC1 	EQU 	4070
POSTINC2 	EQU 	4062
PPSLOCK 	EQU 	3739
PPSLOCKED 	EQU 	0
PR0 	EQU 	4051
PR1 	EQU 	4047
PR2 	EQU 	4027
PR3 	EQU 	4041
PR3_GE 	EQU 	7
PR3_GGO_NOT_DONE 	EQU 	3
PR3_GPOL 	EQU 	6
PR3_GSPM 	EQU 	4
PR3_GTM 	EQU 	5
PR3_GVAL 	EQU 	2
PR4 	EQU 	4021
PR5 	EQU 	4035
PR5_GE 	EQU 	7
PR5_GGO_NOT_DONE 	EQU 	3
PR5_GPOL 	EQU 	6
PR5_GSPM 	EQU 	4
PR5_GTM 	EQU 	5
PR5_GVAL 	EQU 	2
PR6 	EQU 	4015
PREINC0 	EQU 	4076
PREINC1 	EQU 	4068
PREINC2 	EQU 	4060
PROD 	EQU 	4083
PRODH 	EQU 	4084
PRODL 	EQU 	4083
PSCNT0 	EQU 	0
PSCNT1 	EQU 	1
PSCNT10 	EQU 	2
PSCNT11 	EQU 	3
PSCNT12 	EQU 	4
PSCNT13 	EQU 	5
PSCNT14 	EQU 	6
PSCNT15 	EQU 	7
PSCNT16 	EQU 	0
PSCNT17 	EQU 	1
PSCNT2 	EQU 	2
PSCNT3 	EQU 	3
PSCNT4 	EQU 	4
PSCNT5 	EQU 	5
PSCNT6 	EQU 	6
PSCNT7 	EQU 	7
PSCNT8 	EQU 	0
PSCNT9 	EQU 	1
PSS0 	EQU 	2
PSS1 	EQU 	3
PSYNC 	EQU 	7
PWM3CON 	EQU 	4004
PWM3CON_EN 	EQU 	7
PWM3CON_POL 	EQU 	4
PWM3DC 	EQU 	4002
PWM3DC0 	EQU 	6
PWM3DC1 	EQU 	7
PWM3DC2 	EQU 	0
PWM3DC3 	EQU 	1
PWM3DC4 	EQU 	2
PWM3DC5 	EQU 	3
PWM3DC6 	EQU 	4
PWM3DC7 	EQU 	5
PWM3DC8 	EQU 	6
PWM3DC9 	EQU 	7
PWM3DCH 	EQU 	4003
PWM3DCH_DC2 	EQU 	0
PWM3DCH_DC3 	EQU 	1
PWM3DCH_DC4 	EQU 	2
PWM3DCH_DC5 	EQU 	3
PWM3DCH_DC6 	EQU 	4
PWM3DCH_DC7 	EQU 	5
PWM3DCH_DC8 	EQU 	6
PWM3DCH_DC9 	EQU 	7
PWM3DCH_PWMPW2 	EQU 	0
PWM3DCH_PWMPW3 	EQU 	1
PWM3DCH_PWMPW4 	EQU 	2
PWM3DCH_PWMPW5 	EQU 	3
PWM3DCH_PWMPW6 	EQU 	4
PWM3DCH_PWMPW7 	EQU 	5
PWM3DCH_PWMPW8 	EQU 	6
PWM3DCH_PWMPW9 	EQU 	7
PWM3DCL 	EQU 	4002
PWM3DCL_PWMPW0 	EQU 	6
PWM3DCL_PWMPW1 	EQU 	7
PWM3EN 	EQU 	7
PWM3MD 	EQU 	2
PWM3OUT 	EQU 	5
PWM3POL 	EQU 	4
PWM4CON 	EQU 	4001
PWM4CON_EN 	EQU 	7
PWM4CON_POL 	EQU 	4
PWM4DC 	EQU 	3999
PWM4DC0 	EQU 	6
PWM4DC1 	EQU 	7
PWM4DC2 	EQU 	0
PWM4DC3 	EQU 	1
PWM4DC4 	EQU 	2
PWM4DC5 	EQU 	3
PWM4DC6 	EQU 	4
PWM4DC7 	EQU 	5
PWM4DC8 	EQU 	6
PWM4DC9 	EQU 	7
PWM4DCH 	EQU 	4000
PWM4DCL 	EQU 	3999
PWM4EN 	EQU 	7
PWM4MD 	EQU 	3
PWM4OUT 	EQU 	5
PWM4POL 	EQU 	4
PWMPW0 	EQU 	6
PWMPW1 	EQU 	7
PWMPW2 	EQU 	0
PWMPW3 	EQU 	1
PWMPW4 	EQU 	2
PWMPW5 	EQU 	3
PWMPW6 	EQU 	4
PWMPW7 	EQU 	5
PWMPW8 	EQU 	6
PWMPW9 	EQU 	7
RA0 	EQU 	0
RA0PPS 	EQU 	3810
RA0PPS0 	EQU 	0
RA0PPS1 	EQU 	1
RA0PPS2 	EQU 	2
RA0PPS3 	EQU 	3
RA0PPS4 	EQU 	4
RA1 	EQU 	1
RA1PPS 	EQU 	3811
RA1PPS0 	EQU 	0
RA1PPS1 	EQU 	1
RA1PPS2 	EQU 	2
RA1PPS3 	EQU 	3
RA1PPS4 	EQU 	4
RA2 	EQU 	2
RA2PPS 	EQU 	3812
RA2PPS0 	EQU 	0
RA2PPS1 	EQU 	1
RA2PPS2 	EQU 	2
RA2PPS3 	EQU 	3
RA2PPS4 	EQU 	4
RA3 	EQU 	3
RA3PPS 	EQU 	3813
RA3PPS0 	EQU 	0
RA3PPS1 	EQU 	1
RA3PPS2 	EQU 	2
RA3PPS3 	EQU 	3
RA3PPS4 	EQU 	4
RA4 	EQU 	4
RA4PPS 	EQU 	3814
RA4PPS0 	EQU 	0
RA4PPS1 	EQU 	1
RA4PPS2 	EQU 	2
RA4PPS3 	EQU 	3
RA4PPS4 	EQU 	4
RA5 	EQU 	5
RA5PPS 	EQU 	3815
RA5PPS0 	EQU 	0
RA5PPS1 	EQU 	1
RA5PPS2 	EQU 	2
RA5PPS3 	EQU 	3
RA5PPS4 	EQU 	4
RA6 	EQU 	6
RA6PPS 	EQU 	3816
RA6PPS0 	EQU 	0
RA6PPS1 	EQU 	1
RA6PPS2 	EQU 	2
RA6PPS3 	EQU 	3
RA6PPS4 	EQU 	4
RA7 	EQU 	7
RA7PPS 	EQU 	3817
RA7PPS0 	EQU 	0
RA7PPS1 	EQU 	1
RA7PPS2 	EQU 	2
RA7PPS3 	EQU 	3
RA7PPS4 	EQU 	4
RB0 	EQU 	0
RB0PPS 	EQU 	3818
RB0PPS0 	EQU 	0
RB0PPS1 	EQU 	1
RB0PPS2 	EQU 	2
RB0PPS3 	EQU 	3
RB0PPS4 	EQU 	4
RB1 	EQU 	1
RB1PPS 	EQU 	3819
RB1PPS0 	EQU 	0
RB1PPS1 	EQU 	1
RB1PPS2 	EQU 	2
RB1PPS3 	EQU 	3
RB1PPS4 	EQU 	4
RB2 	EQU 	2
RB2PPS 	EQU 	3820
RB2PPS0 	EQU 	0
RB2PPS1 	EQU 	1
RB2PPS2 	EQU 	2
RB2PPS3 	EQU 	3
RB2PPS4 	EQU 	4
RB3 	EQU 	3
RB3PPS 	EQU 	3821
RB3PPS0 	EQU 	0
RB3PPS1 	EQU 	1
RB3PPS2 	EQU 	2
RB3PPS3 	EQU 	3
RB3PPS4 	EQU 	4
RB4 	EQU 	4
RB4PPS 	EQU 	3822
RB4PPS0 	EQU 	0
RB4PPS1 	EQU 	1
RB4PPS2 	EQU 	2
RB4PPS3 	EQU 	3
RB4PPS4 	EQU 	4
RB5 	EQU 	5
RB5PPS 	EQU 	3823
RB5PPS0 	EQU 	0
RB5PPS1 	EQU 	1
RB5PPS2 	EQU 	2
RB5PPS3 	EQU 	3
RB5PPS4 	EQU 	4
RB6 	EQU 	6
RB6PPS 	EQU 	3824
RB6PPS0 	EQU 	0
RB6PPS1 	EQU 	1
RB6PPS2 	EQU 	2
RB6PPS3 	EQU 	3
RB6PPS4 	EQU 	4
RB7 	EQU 	7
RB7PPS 	EQU 	3825
RB7PPS0 	EQU 	0
RB7PPS1 	EQU 	1
RB7PPS2 	EQU 	2
RB7PPS3 	EQU 	3
RB7PPS4 	EQU 	4
RC0 	EQU 	0
RC0PPS 	EQU 	3826
RC0PPS0 	EQU 	0
RC0PPS1 	EQU 	1
RC0PPS2 	EQU 	2
RC0PPS3 	EQU 	3
RC0PPS4 	EQU 	4
RC1 	EQU 	1
RC1IE 	EQU 	5
RC1IF 	EQU 	5
RC1IP 	EQU 	5
RC1PPS 	EQU 	3827
RC1PPS0 	EQU 	0
RC1PPS1 	EQU 	1
RC1PPS2 	EQU 	2
RC1PPS3 	EQU 	3
RC1PPS4 	EQU 	4
RC1REG 	EQU 	3992
RC1STA 	EQU 	3996
RC2 	EQU 	2
RC2PPS 	EQU 	3828
RC2PPS0 	EQU 	0
RC2PPS1 	EQU 	1
RC2PPS2 	EQU 	2
RC2PPS3 	EQU 	3
RC2PPS4 	EQU 	4
RC3 	EQU 	3
RC3PPS 	EQU 	3829
RC3PPS0 	EQU 	0
RC3PPS1 	EQU 	1
RC3PPS2 	EQU 	2
RC3PPS3 	EQU 	3
RC3PPS4 	EQU 	4
RC4 	EQU 	4
RC4PPS 	EQU 	3830
RC4PPS0 	EQU 	0
RC4PPS1 	EQU 	1
RC4PPS2 	EQU 	2
RC4PPS3 	EQU 	3
RC4PPS4 	EQU 	4
RC5 	EQU 	5
RC5PPS 	EQU 	3831
RC5PPS0 	EQU 	0
RC5PPS1 	EQU 	1
RC5PPS2 	EQU 	2
RC5PPS3 	EQU 	3
RC5PPS4 	EQU 	4
RC6 	EQU 	6
RC6PPS 	EQU 	3832
RC6PPS0 	EQU 	0
RC6PPS1 	EQU 	1
RC6PPS2 	EQU 	2
RC6PPS3 	EQU 	3
RC6PPS4 	EQU 	4
RC7 	EQU 	7
RC7PPS 	EQU 	3833
RC7PPS0 	EQU 	0
RC7PPS1 	EQU 	1
RC7PPS2 	EQU 	2
RC7PPS3 	EQU 	3
RC7PPS4 	EQU 	4
RCEN 	EQU 	3
RCIDL 	EQU 	6
RCIE 	EQU 	5
RCIF 	EQU 	5
RCIP 	EQU 	5
RCM 	EQU 	0
RCREG 	EQU 	3992
RCREG1 	EQU 	3992
RCSTA 	EQU 	3996
RCSTA1 	EQU 	3996
RCSTA1_ADDEN 	EQU 	3
RCSTA1_CREN 	EQU 	4
RCSTA1_FERR 	EQU 	2
RCSTA1_OERR 	EQU 	1
RCSTA1_RX9 	EQU 	6
RCSTA1_RX9D 	EQU 	0
RCSTA1_SPEN 	EQU 	7
RCSTA1_SREN 	EQU 	5
RCSTA_ADDEN 	EQU 	3
RCSTA_CREN 	EQU 	4
RCSTA_FERR 	EQU 	2
RCSTA_OERR 	EQU 	1
RCSTA_RX9 	EQU 	6
RCSTA_RX9D 	EQU 	0
RCSTA_SPEN 	EQU 	7
RCSTA_SREN 	EQU 	5
RD 	EQU 	0
RD16 	EQU 	1
RDY_FVRCON 	EQU 	6
RDY_HLVDCON0 	EQU 	4
RE3 	EQU 	3
READ_WRITE 	EQU 	2
REN 	EQU 	6
RI 	EQU 	2
RMCLR 	EQU 	3
ROI 	EQU 	5
RSEL0 	EQU 	0
RSEL1 	EQU 	1
RSEL2 	EQU 	2
RSEL3 	EQU 	3
RSEN 	EQU 	1
RVREG 	EQU 	2
RWDT 	EQU 	4
RX1PPS 	EQU 	3760
RX9 	EQU 	6
RX9D 	EQU 	0
RXDT1PPS 	EQU 	3760
RXDT1PPS_RXPPS0 	EQU 	0
RXDT1PPS_RXPPS1 	EQU 	1
RXDT1PPS_RXPPS2 	EQU 	2
RXDT1PPS_RXPPS3 	EQU 	3
RXDT1PPS_RXPPS4 	EQU 	4
RXPPS 	EQU 	3760
RXPPS0 	EQU 	0
RXPPS1 	EQU 	1
RXPPS2 	EQU 	2
RXPPS3 	EQU 	3
RXPPS4 	EQU 	4
RXPPS_RXPPS0 	EQU 	0
RXPPS_RXPPS1 	EQU 	1
RXPPS_RXPPS2 	EQU 	2
RXPPS_RXPPS3 	EQU 	3
RXPPS_RXPPS4 	EQU 	4
R_NOT_W 	EQU 	2
R_W 	EQU 	2
S 	EQU 	3
SBCDE 	EQU 	2
SBOREN 	EQU 	7
SCANBUSY 	EQU 	5
SCANCON0 	EQU 	3914
SCANCON0_EN 	EQU 	7
SCANCON0_MODE0 	EQU 	0
SCANCON0_MODE1 	EQU 	1
SCANEN 	EQU 	7
SCANGO 	EQU 	6
SCANHADR 	EQU 	3911
SCANHADR0 	EQU 	0
SCANHADR1 	EQU 	1
SCANHADR10 	EQU 	2
SCANHADR11 	EQU 	3
SCANHADR12 	EQU 	4
SCANHADR13 	EQU 	5
SCANHADR14 	EQU 	6
SCANHADR15 	EQU 	7
SCANHADR16 	EQU 	0
SCANHADR17 	EQU 	1
SCANHADR18 	EQU 	2
SCANHADR19 	EQU 	3
SCANHADR2 	EQU 	2
SCANHADR20 	EQU 	4
SCANHADR21 	EQU 	5
SCANHADR3 	EQU 	3
SCANHADR4 	EQU 	4
SCANHADR5 	EQU 	5
SCANHADR6 	EQU 	6
SCANHADR7 	EQU 	7
SCANHADR8 	EQU 	0
SCANHADR9 	EQU 	1
SCANHADRH 	EQU 	3912
SCANHADRL 	EQU 	3911
SCANHADRU 	EQU 	3913
SCANIE 	EQU 	7
SCANIF 	EQU 	7
SCANINTM 	EQU 	3
SCANINVALID 	EQU 	4
SCANIP 	EQU 	7
SCANLADR 	EQU 	3908
SCANLADR0 	EQU 	0
SCANLADR1 	EQU 	1
SCANLADR10 	EQU 	2
SCANLADR11 	EQU 	3
SCANLADR12 	EQU 	4
SCANLADR13 	EQU 	5
SCANLADR14 	EQU 	6
SCANLADR15 	EQU 	7
SCANLADR16 	EQU 	0
SCANLADR17 	EQU 	1
SCANLADR18 	EQU 	2
SCANLADR19 	EQU 	3
SCANLADR2 	EQU 	2
SCANLADR20 	EQU 	4
SCANLADR21 	EQU 	5
SCANLADR3 	EQU 	3
SCANLADR4 	EQU 	4
SCANLADR5 	EQU 	5
SCANLADR6 	EQU 	6
SCANLADR7 	EQU 	7
SCANLADR8 	EQU 	0
SCANLADR9 	EQU 	1
SCANLADRH 	EQU 	3909
SCANLADRL 	EQU 	3908
SCANLADRU 	EQU 	3910
SCANMD 	EQU 	3
SCANMODE0 	EQU 	0
SCANMODE1 	EQU 	1
SCANTRIG 	EQU 	3915
SCANTSEL0 	EQU 	0
SCANTSEL1 	EQU 	1
SCANTSEL2 	EQU 	2
SCANTSEL3 	EQU 	3
SCIE 	EQU 	5
SCKP 	EQU 	4
SDAHT 	EQU 	3
SECER 	EQU 	6
SECRD 	EQU 	1
SECWR 	EQU 	5
SEL0 	EQU 	0
SEL1 	EQU 	1
SEL2 	EQU 	2
SEL3 	EQU 	3
SENDB 	EQU 	3
SEN_SSP1CON2 	EQU 	0
SEN_WDTCON0 	EQU 	0
SEN_ZCDCON 	EQU 	7
SHFT0 	EQU 	0
SHFT1 	EQU 	1
SHFT10 	EQU 	2
SHFT11 	EQU 	3
SHFT12 	EQU 	4
SHFT13 	EQU 	5
SHFT14 	EQU 	6
SHFT15 	EQU 	7
SHFT2 	EQU 	2
SHFT3 	EQU 	3
SHFT4 	EQU 	4
SHFT5 	EQU 	5
SHFT6 	EQU 	6
SHFT7 	EQU 	7
SHFT8 	EQU 	0
SHFT9 	EQU 	1
SHIFTM 	EQU 	1
SHUTDOWN 	EQU 	7
SLRA0 	EQU 	0
SLRA1 	EQU 	1
SLRA2 	EQU 	2
SLRA3 	EQU 	3
SLRA4 	EQU 	4
SLRA5 	EQU 	5
SLRA6 	EQU 	6
SLRA7 	EQU 	7
SLRB0 	EQU 	0
SLRB1 	EQU 	1
SLRB2 	EQU 	2
SLRB3 	EQU 	3
SLRB4 	EQU 	4
SLRB5 	EQU 	5
SLRB6 	EQU 	6
SLRB7 	EQU 	7
SLRC0 	EQU 	0
SLRC1 	EQU 	1
SLRC2 	EQU 	2
SLRC3 	EQU 	3
SLRC4 	EQU 	4
SLRC5 	EQU 	5
SLRC6 	EQU 	6
SLRC7 	EQU 	7
SLRCONA 	EQU 	3849
SLRCONB 	EQU 	3857
SLRCONC 	EQU 	3865
SMP 	EQU 	7
SOR 	EQU 	3
SOSCEN 	EQU 	3
SOSCPWR 	EQU 	6
SP0 	EQU 	0
SP1 	EQU 	1
SP1BRG 	EQU 	3994
SP1BRGH 	EQU 	3995
SP1BRGL 	EQU 	3994
SP2 	EQU 	2
SP3 	EQU 	3
SP4 	EQU 	4
SP5 	EQU 	5
SPBRG 	EQU 	3994
SPBRG1 	EQU 	3994
SPBRGH 	EQU 	3995
SPBRGH1 	EQU 	3995
SPBRGL 	EQU 	3994
SPEN 	EQU 	7
SRCS0 	EQU 	0
SRCS1 	EQU 	1
SRCS2 	EQU 	2
SRCS3 	EQU 	3
SREN 	EQU 	5
SSP1ADD 	EQU 	3986
SSP1BUF 	EQU 	3985
SSP1CLKPPS 	EQU 	3762
SSP1CLKPPS0 	EQU 	0
SSP1CLKPPS1 	EQU 	1
SSP1CLKPPS2 	EQU 	2
SSP1CLKPPS3 	EQU 	3
SSP1CLKPPS4 	EQU 	4
SSP1CON1 	EQU 	3989
SSP1CON2 	EQU 	3990
SSP1CON3 	EQU 	3991
SSP1DATPPS 	EQU 	3763
SSP1DATPPS0 	EQU 	0
SSP1DATPPS1 	EQU 	1
SSP1DATPPS2 	EQU 	2
SSP1DATPPS3 	EQU 	3
SSP1DATPPS4 	EQU 	4
SSP1IE 	EQU 	0
SSP1IF 	EQU 	0
SSP1IP 	EQU 	0
SSP1MSK 	EQU 	3987
SSP1SSPPS 	EQU 	3764
SSP1SSPPS0 	EQU 	0
SSP1SSPPS1 	EQU 	1
SSP1SSPPS2 	EQU 	2
SSP1SSPPS3 	EQU 	3
SSP1SSPPS4 	EQU 	4
SSP1STAT 	EQU 	3988
SSPCLKPPS 	EQU 	3762
SSPCLKPPS0 	EQU 	0
SSPCLKPPS1 	EQU 	1
SSPCLKPPS2 	EQU 	2
SSPCLKPPS3 	EQU 	3
SSPCLKPPS4 	EQU 	4
SSPCLKPPS_SSP1CLKPPS0 	EQU 	0
SSPCLKPPS_SSP1CLKPPS1 	EQU 	1
SSPCLKPPS_SSP1CLKPPS2 	EQU 	2
SSPCLKPPS_SSP1CLKPPS3 	EQU 	3
SSPCLKPPS_SSP1CLKPPS4 	EQU 	4
SSPCLKPPS_SSPCLKPPS0 	EQU 	0
SSPCLKPPS_SSPCLKPPS1 	EQU 	1
SSPCLKPPS_SSPCLKPPS2 	EQU 	2
SSPCLKPPS_SSPCLKPPS3 	EQU 	3
SSPCLKPPS_SSPCLKPPS4 	EQU 	4
SSPDATPPS 	EQU 	3763
SSPDATPPS0 	EQU 	0
SSPDATPPS1 	EQU 	1
SSPDATPPS2 	EQU 	2
SSPDATPPS3 	EQU 	3
SSPDATPPS4 	EQU 	4
SSPDATPPS_SSP1DATPPS0 	EQU 	0
SSPDATPPS_SSP1DATPPS1 	EQU 	1
SSPDATPPS_SSP1DATPPS2 	EQU 	2
SSPDATPPS_SSP1DATPPS3 	EQU 	3
SSPDATPPS_SSP1DATPPS4 	EQU 	4
SSPDATPPS_SSPDATPPS0 	EQU 	0
SSPDATPPS_SSPDATPPS1 	EQU 	1
SSPDATPPS_SSPDATPPS2 	EQU 	2
SSPDATPPS_SSPDATPPS3 	EQU 	3
SSPDATPPS_SSPDATPPS4 	EQU 	4
SSPEN 	EQU 	5
SSPIE 	EQU 	0
SSPIF 	EQU 	0
SSPIP 	EQU 	0
SSPM0 	EQU 	0
SSPM1 	EQU 	1
SSPM2 	EQU 	2
SSPM3 	EQU 	3
SSPOV 	EQU 	6
SSPSSPPS 	EQU 	3764
SSPSSPPS0 	EQU 	0
SSPSSPPS1 	EQU 	1
SSPSSPPS2 	EQU 	2
SSPSSPPS3 	EQU 	3
SSPSSPPS4 	EQU 	4
SSPSSPPS_SSP1SSPPS0 	EQU 	0
SSPSSPPS_SSP1SSPPS1 	EQU 	1
SSPSSPPS_SSP1SSPPS2 	EQU 	2
SSPSSPPS_SSP1SSPPS3 	EQU 	3
SSPSSPPS_SSP1SSPPS4 	EQU 	4
SSPSSPPS_SSPSSPPS0 	EQU 	0
SSPSSPPS_SSPSSPPS1 	EQU 	1
SSPSSPPS_SSPSSPPS2 	EQU 	2
SSPSSPPS_SSPSSPPS3 	EQU 	3
SSPSSPPS_SSPSSPPS4 	EQU 	4
STATE 	EQU 	2
STATUS 	EQU 	4056
STKOVF 	EQU 	7
STKPTR 	EQU 	4092
STKPTR0 	EQU 	0
STKPTR1 	EQU 	1
STKPTR2 	EQU 	2
STKPTR3 	EQU 	3
STKPTR4 	EQU 	4
STKPTR5 	EQU 	5
STKUNF 	EQU 	6
STRA 	EQU 	0
STRB 	EQU 	1
STRC 	EQU 	2
STRD 	EQU 	3
SWDTEN 	EQU 	0
SYNC_CM1CON0 	EQU 	0
SYNC_CM2CON0 	EQU 	0
SYNC_TX1STA 	EQU 	4
SYNC_TXSTA 	EQU 	4
SYNC_TXSTA1 	EQU 	4
SYSCMD 	EQU 	7
SYSDOLOOP_E1 	EQU 	40
SYSDOLOOP_S1 	EQU 	16
SYSTEMP1 	EQU 	4
SYSWAITTEMPMS 	EQU 	2
SYSWAITTEMPMS_H 	EQU 	3
T016BIT 	EQU 	4
T0ASYNC 	EQU 	4
T0CKIPPS 	EQU 	3743
T0CKIPPS0 	EQU 	0
T0CKIPPS1 	EQU 	1
T0CKIPPS2 	EQU 	2
T0CKIPPS3 	EQU 	3
T0CKIPPS_PORT 	EQU 	3
T0CKPS0 	EQU 	0
T0CKPS1 	EQU 	1
T0CKPS2 	EQU 	2
T0CKPS3 	EQU 	3
T0CON0 	EQU 	4052
T0CON1 	EQU 	4053
T0CS0 	EQU 	5
T0CS1 	EQU 	6
T0CS2 	EQU 	7
T0EN 	EQU 	7
T0OUT 	EQU 	5
T0OUTPS0 	EQU 	0
T0OUTPS1 	EQU 	1
T0OUTPS2 	EQU 	2
T0OUTPS3 	EQU 	3
T0PR0 	EQU 	0
T0PR1 	EQU 	1
T0PR2 	EQU 	2
T0PR3 	EQU 	3
T0PR4 	EQU 	4
T0PR5 	EQU 	5
T0PR6 	EQU 	6
T0PR7 	EQU 	7
T0PS0 	EQU 	0
T0PS1 	EQU 	1
T0PS2 	EQU 	2
T0PS3 	EQU 	3
T1CKIPPS 	EQU 	3744
T1CKIPPS0 	EQU 	0
T1CKIPPS1 	EQU 	1
T1CKIPPS2 	EQU 	2
T1CKIPPS3 	EQU 	3
T1CKIPPS4 	EQU 	4
T1CKPS0 	EQU 	4
T1CKPS1 	EQU 	5
T1CLK 	EQU 	4049
T1CON 	EQU 	4046
T1CS0 	EQU 	0
T1CS1 	EQU 	1
T1CS2 	EQU 	2
T1CS3 	EQU 	3
T1GATE 	EQU 	4048
T1GCON 	EQU 	4047
T1GCON_GE 	EQU 	7
T1GCON_GGO_NOT_DONE 	EQU 	3
T1GCON_GPOL 	EQU 	6
T1GCON_GSPM 	EQU 	4
T1GCON_GTM 	EQU 	5
T1GCON_GVAL 	EQU 	2
T1GCON_T1GE 	EQU 	7
T1GCON_T1GGO 	EQU 	3
T1GCON_T1GGO_NOT_DONE 	EQU 	3
T1GCON_T1GPOL 	EQU 	6
T1GCON_T1GSPM 	EQU 	4
T1GCON_T1GTM 	EQU 	5
T1GCON_T1GVAL 	EQU 	2
T1GE 	EQU 	7
T1GGO 	EQU 	3
T1GGO_NOT_DONE 	EQU 	3
T1GPOL 	EQU 	6
T1GPPS 	EQU 	3745
T1GPPS0 	EQU 	0
T1GPPS1 	EQU 	1
T1GPPS2 	EQU 	2
T1GPPS3 	EQU 	3
T1GPPS4 	EQU 	4
T1GSPM 	EQU 	4
T1GSS0 	EQU 	0
T1GSS1 	EQU 	1
T1GSS2 	EQU 	2
T1GSS3 	EQU 	3
T1GTM 	EQU 	5
T1GVAL 	EQU 	2
T1RD16 	EQU 	1
T2CKPOL 	EQU 	6
T2CKPS0 	EQU 	4
T2CKPS1 	EQU 	5
T2CKPS2 	EQU 	6
T2CKSYNC 	EQU 	5
T2CLK 	EQU 	4030
T2CLKCON 	EQU 	4030
T2CLKCON_CS0 	EQU 	0
T2CLKCON_CS1 	EQU 	1
T2CLKCON_CS2 	EQU 	2
T2CLKCON_CS3 	EQU 	3
T2CLKCON_T2CS0 	EQU 	0
T2CLKCON_T2CS1 	EQU 	1
T2CLKCON_T2CS2 	EQU 	2
T2CLKCON_T2CS3 	EQU 	3
T2CLK_CS0 	EQU 	0
T2CLK_CS1 	EQU 	1
T2CLK_CS2 	EQU 	2
T2CLK_CS3 	EQU 	3
T2CON 	EQU 	4028
T2CON_CKPS0 	EQU 	4
T2CON_CKPS1 	EQU 	5
T2CON_CKPS2 	EQU 	6
T2CON_OUTPS0 	EQU 	0
T2CON_OUTPS1 	EQU 	1
T2CON_OUTPS2 	EQU 	2
T2CON_OUTPS3 	EQU 	3
T2CS0 	EQU 	0
T2CS1 	EQU 	1
T2CS2 	EQU 	2
T2CS3 	EQU 	3
T2HLT 	EQU 	4029
T2HLT_CKPOL 	EQU 	6
T2HLT_CKSYNC 	EQU 	5
T2HLT_MODE0 	EQU 	0
T2HLT_MODE1 	EQU 	1
T2HLT_MODE2 	EQU 	2
T2HLT_MODE3 	EQU 	3
T2HLT_MODE4 	EQU 	4
T2HLT_PSYNC 	EQU 	7
T2INPPS 	EQU 	3750
T2INPPS0 	EQU 	0
T2INPPS1 	EQU 	1
T2INPPS2 	EQU 	2
T2INPPS3 	EQU 	3
T2INPPS4 	EQU 	4
T2MODE0 	EQU 	0
T2MODE1 	EQU 	1
T2MODE2 	EQU 	2
T2MODE3 	EQU 	3
T2MODE4 	EQU 	4
T2ON 	EQU 	7
T2OUTPS0 	EQU 	0
T2OUTPS1 	EQU 	1
T2OUTPS2 	EQU 	2
T2OUTPS3 	EQU 	3
T2PR 	EQU 	4027
T2PSYNC 	EQU 	7
T2RSEL0 	EQU 	0
T2RSEL1 	EQU 	1
T2RSEL2 	EQU 	2
T2RSEL3 	EQU 	3
T2RST 	EQU 	4031
T2RST_RSEL0 	EQU 	0
T2RST_RSEL1 	EQU 	1
T2RST_RSEL2 	EQU 	2
T2RST_RSEL3 	EQU 	3
T2TMR 	EQU 	4026
T3CKIPPS 	EQU 	3746
T3CKIPPS0 	EQU 	0
T3CKIPPS1 	EQU 	1
T3CKIPPS2 	EQU 	2
T3CKIPPS3 	EQU 	3
T3CKIPPS4 	EQU 	4
T3CKPS0 	EQU 	4
T3CKPS1 	EQU 	5
T3CLK 	EQU 	4043
T3CLK_CS0 	EQU 	0
T3CLK_CS1 	EQU 	1
T3CLK_CS2 	EQU 	2
T3CLK_CS3 	EQU 	3
T3CON 	EQU 	4040
T3CON_CKPS0 	EQU 	4
T3CON_CKPS1 	EQU 	5
T3CON_NOT_SYNC 	EQU 	2
T3CON_RD16 	EQU 	1
T3CS0 	EQU 	0
T3CS1 	EQU 	1
T3CS2 	EQU 	2
T3CS3 	EQU 	3
T3GATE 	EQU 	4042
T3GATE_GSS0 	EQU 	0
T3GATE_GSS1 	EQU 	1
T3GATE_GSS2 	EQU 	2
T3GATE_GSS3 	EQU 	3
T3GCON 	EQU 	4041
T3GCON_GE 	EQU 	7
T3GCON_GGO_NOT_DONE 	EQU 	3
T3GCON_GPOL 	EQU 	6
T3GCON_GSPM 	EQU 	4
T3GCON_GTM 	EQU 	5
T3GCON_GVAL 	EQU 	2
T3GCON_T3GE 	EQU 	7
T3GCON_T3GGO 	EQU 	3
T3GCON_T3GGO_NOT_DONE 	EQU 	3
T3GCON_T3GPOL 	EQU 	6
T3GCON_T3GSPM 	EQU 	4
T3GCON_T3GTM 	EQU 	5
T3GCON_T3GVAL 	EQU 	2
T3GE 	EQU 	7
T3GGO 	EQU 	3
T3GGO_NOT_DONE 	EQU 	3
T3GPOL 	EQU 	6
T3GPPS 	EQU 	3747
T3GPPS0 	EQU 	0
T3GPPS1 	EQU 	1
T3GPPS2 	EQU 	2
T3GPPS3 	EQU 	3
T3GPPS4 	EQU 	4
T3GSPM 	EQU 	4
T3GSS0 	EQU 	0
T3GSS1 	EQU 	1
T3GSS2 	EQU 	2
T3GSS3 	EQU 	3
T3GTM 	EQU 	5
T3GVAL 	EQU 	2
T3RD16 	EQU 	1
T4CKPOL 	EQU 	6
T4CKPS0 	EQU 	4
T4CKPS1 	EQU 	5
T4CKPS2 	EQU 	6
T4CKSYNC 	EQU 	5
T4CLK 	EQU 	4024
T4CLKCON 	EQU 	4024
T4CLKCON_CS0 	EQU 	0
T4CLKCON_CS1 	EQU 	1
T4CLKCON_CS2 	EQU 	2
T4CLKCON_CS3 	EQU 	3
T4CLKCON_T4CS0 	EQU 	0
T4CLKCON_T4CS1 	EQU 	1
T4CLKCON_T4CS2 	EQU 	2
T4CLKCON_T4CS3 	EQU 	3
T4CLK_CS0 	EQU 	0
T4CLK_CS1 	EQU 	1
T4CLK_CS2 	EQU 	2
T4CLK_CS3 	EQU 	3
T4CON 	EQU 	4022
T4CON_CKPS0 	EQU 	4
T4CON_CKPS1 	EQU 	5
T4CON_CKPS2 	EQU 	6
T4CON_OUTPS0 	EQU 	0
T4CON_OUTPS1 	EQU 	1
T4CON_OUTPS2 	EQU 	2
T4CON_OUTPS3 	EQU 	3
T4CS0 	EQU 	0
T4CS1 	EQU 	1
T4CS2 	EQU 	2
T4CS3 	EQU 	3
T4HLT 	EQU 	4023
T4HLT_CKPOL 	EQU 	6
T4HLT_CKSYNC 	EQU 	5
T4HLT_MODE0 	EQU 	0
T4HLT_MODE1 	EQU 	1
T4HLT_MODE2 	EQU 	2
T4HLT_MODE3 	EQU 	3
T4HLT_MODE4 	EQU 	4
T4HLT_PSYNC 	EQU 	7
T4INPPS 	EQU 	3751
T4INPPS0 	EQU 	0
T4INPPS1 	EQU 	1
T4INPPS2 	EQU 	2
T4INPPS3 	EQU 	3
T4INPPS4 	EQU 	4
T4MODE0 	EQU 	0
T4MODE1 	EQU 	1
T4MODE2 	EQU 	2
T4MODE3 	EQU 	3
T4MODE4 	EQU 	4
T4ON 	EQU 	7
T4OUTPS0 	EQU 	0
T4OUTPS1 	EQU 	1
T4OUTPS2 	EQU 	2
T4OUTPS3 	EQU 	3
T4PR 	EQU 	4021
T4PSYNC 	EQU 	7
T4RSEL0 	EQU 	0
T4RSEL1 	EQU 	1
T4RSEL2 	EQU 	2
T4RSEL3 	EQU 	3
T4RST 	EQU 	4025
T4RST_RSEL0 	EQU 	0
T4RST_RSEL1 	EQU 	1
T4RST_RSEL2 	EQU 	2
T4RST_RSEL3 	EQU 	3
T4TMR 	EQU 	4020
T5CKIPPS 	EQU 	3748
T5CKIPPS0 	EQU 	0
T5CKIPPS1 	EQU 	1
T5CKIPPS2 	EQU 	2
T5CKIPPS3 	EQU 	3
T5CKIPPS4 	EQU 	4
T5CKPS0 	EQU 	4
T5CKPS1 	EQU 	5
T5CLK 	EQU 	4037
T5CLK_CS0 	EQU 	0
T5CLK_CS1 	EQU 	1
T5CLK_CS2 	EQU 	2
T5CLK_CS3 	EQU 	3
T5CON 	EQU 	4034
T5CON_CKPS0 	EQU 	4
T5CON_CKPS1 	EQU 	5
T5CON_NOT_SYNC 	EQU 	2
T5CON_RD16 	EQU 	1
T5CS0 	EQU 	0
T5CS1 	EQU 	1
T5CS2 	EQU 	2
T5CS3 	EQU 	3
T5GATE 	EQU 	4036
T5GATE_GSS0 	EQU 	0
T5GATE_GSS1 	EQU 	1
T5GATE_GSS2 	EQU 	2
T5GATE_GSS3 	EQU 	3
T5GCON 	EQU 	4035
T5GCON_GE 	EQU 	7
T5GCON_GGO_NOT_DONE 	EQU 	3
T5GCON_GPOL 	EQU 	6
T5GCON_GSPM 	EQU 	4
T5GCON_GTM 	EQU 	5
T5GCON_GVAL 	EQU 	2
T5GCON_T5GE 	EQU 	7
T5GCON_T5GGO 	EQU 	3
T5GCON_T5GGO_NOT_DONE 	EQU 	3
T5GCON_T5GPOL 	EQU 	6
T5GCON_T5GSPM 	EQU 	4
T5GCON_T5GTM 	EQU 	5
T5GCON_T5GVAL 	EQU 	2
T5GE 	EQU 	7
T5GGO 	EQU 	3
T5GGO_NOT_DONE 	EQU 	3
T5GPOL 	EQU 	6
T5GPPS 	EQU 	3749
T5GPPS0 	EQU 	0
T5GPPS1 	EQU 	1
T5GPPS2 	EQU 	2
T5GPPS3 	EQU 	3
T5GPPS4 	EQU 	4
T5GSPM 	EQU 	4
T5GSS0 	EQU 	0
T5GSS1 	EQU 	1
T5GSS2 	EQU 	2
T5GSS3 	EQU 	3
T5GTM 	EQU 	5
T5GVAL 	EQU 	2
T5RD16 	EQU 	1
T6CKPOL 	EQU 	6
T6CKPS0 	EQU 	4
T6CKPS1 	EQU 	5
T6CKPS2 	EQU 	6
T6CKSYNC 	EQU 	5
T6CLK 	EQU 	4018
T6CLKCON 	EQU 	4018
T6CLKCON_CS0 	EQU 	0
T6CLKCON_CS1 	EQU 	1
T6CLKCON_CS2 	EQU 	2
T6CLKCON_CS3 	EQU 	3
T6CLKCON_T6CS0 	EQU 	0
T6CLKCON_T6CS1 	EQU 	1
T6CLKCON_T6CS2 	EQU 	2
T6CLKCON_T6CS3 	EQU 	3
T6CLK_CS0 	EQU 	0
T6CLK_CS1 	EQU 	1
T6CLK_CS2 	EQU 	2
T6CLK_CS3 	EQU 	3
T6CON 	EQU 	4016
T6CON_CKPS0 	EQU 	4
T6CON_CKPS1 	EQU 	5
T6CS0 	EQU 	0
T6CS1 	EQU 	1
T6CS2 	EQU 	2
T6CS3 	EQU 	3
T6HLT 	EQU 	4017
T6HLT_MODE0 	EQU 	0
T6HLT_MODE1 	EQU 	1
T6HLT_MODE2 	EQU 	2
T6HLT_MODE3 	EQU 	3
T6INPPS 	EQU 	3752
T6INPPS0 	EQU 	0
T6INPPS1 	EQU 	1
T6INPPS2 	EQU 	2
T6INPPS3 	EQU 	3
T6INPPS4 	EQU 	4
T6MODE0 	EQU 	0
T6MODE1 	EQU 	1
T6MODE2 	EQU 	2
T6MODE3 	EQU 	3
T6MODE4 	EQU 	4
T6ON 	EQU 	7
T6OUTPS0 	EQU 	0
T6OUTPS1 	EQU 	1
T6OUTPS2 	EQU 	2
T6OUTPS3 	EQU 	3
T6PR 	EQU 	4015
T6PSYNC 	EQU 	7
T6RSEL0 	EQU 	0
T6RSEL1 	EQU 	1
T6RSEL2 	EQU 	2
T6RSEL3 	EQU 	3
T6RST 	EQU 	4019
T6TMR 	EQU 	4014
TABLAT 	EQU 	4085
TBLPTR 	EQU 	4086
TBLPTRH 	EQU 	4087
TBLPTRL 	EQU 	4086
TBLPTRU 	EQU 	4088
TMR0 	EQU 	4050
TMR0H 	EQU 	4051
TMR0H0 	EQU 	0
TMR0H1 	EQU 	1
TMR0H2 	EQU 	2
TMR0H3 	EQU 	3
TMR0H4 	EQU 	4
TMR0H5 	EQU 	5
TMR0H6 	EQU 	6
TMR0H7 	EQU 	7
TMR0H_T0PR0 	EQU 	0
TMR0H_T0PR1 	EQU 	1
TMR0H_T0PR2 	EQU 	2
TMR0H_T0PR3 	EQU 	3
TMR0H_T0PR4 	EQU 	4
TMR0H_T0PR5 	EQU 	5
TMR0H_T0PR6 	EQU 	6
TMR0H_T0PR7 	EQU 	7
TMR0H_TMR0H0 	EQU 	0
TMR0H_TMR0H1 	EQU 	1
TMR0H_TMR0H2 	EQU 	2
TMR0H_TMR0H3 	EQU 	3
TMR0H_TMR0H4 	EQU 	4
TMR0H_TMR0H5 	EQU 	5
TMR0H_TMR0H6 	EQU 	6
TMR0H_TMR0H7 	EQU 	7
TMR0IE 	EQU 	5
TMR0IF 	EQU 	5
TMR0IP 	EQU 	5
TMR0L 	EQU 	4050
TMR0L0 	EQU 	0
TMR0L1 	EQU 	1
TMR0L2 	EQU 	2
TMR0L3 	EQU 	3
TMR0L4 	EQU 	4
TMR0L5 	EQU 	5
TMR0L6 	EQU 	6
TMR0L7 	EQU 	7
TMR0L_TMR0L0 	EQU 	0
TMR0L_TMR0L1 	EQU 	1
TMR0L_TMR0L2 	EQU 	2
TMR0L_TMR0L3 	EQU 	3
TMR0L_TMR0L4 	EQU 	4
TMR0L_TMR0L5 	EQU 	5
TMR0L_TMR0L6 	EQU 	6
TMR0L_TMR0L7 	EQU 	7
TMR0MD 	EQU 	0
TMR1 	EQU 	4044
TMR10 	EQU 	0
TMR11 	EQU 	1
TMR110 	EQU 	2
TMR111 	EQU 	3
TMR112 	EQU 	4
TMR113 	EQU 	5
TMR114 	EQU 	6
TMR115 	EQU 	7
TMR12 	EQU 	2
TMR13 	EQU 	3
TMR14 	EQU 	4
TMR15 	EQU 	5
TMR16 	EQU 	6
TMR17 	EQU 	7
TMR18 	EQU 	0
TMR19 	EQU 	1
TMR1CLK 	EQU 	4049
TMR1CLK_CS0 	EQU 	0
TMR1CLK_CS1 	EQU 	1
TMR1CLK_CS2 	EQU 	2
TMR1CLK_CS3 	EQU 	3
TMR1CLK_T1CS0 	EQU 	0
TMR1CLK_T1CS1 	EQU 	1
TMR1CLK_T1CS2 	EQU 	2
TMR1CLK_T1CS3 	EQU 	3
TMR1GATE 	EQU 	4048
TMR1GATE_GSS0 	EQU 	0
TMR1GATE_GSS1 	EQU 	1
TMR1GATE_GSS2 	EQU 	2
TMR1GATE_GSS3 	EQU 	3
TMR1GATE_T1GSS0 	EQU 	0
TMR1GATE_T1GSS1 	EQU 	1
TMR1GATE_T1GSS2 	EQU 	2
TMR1GATE_T1GSS3 	EQU 	3
TMR1GIE 	EQU 	0
TMR1GIF 	EQU 	0
TMR1GIP 	EQU 	0
TMR1H 	EQU 	4045
TMR1H0 	EQU 	0
TMR1H1 	EQU 	1
TMR1H2 	EQU 	2
TMR1H3 	EQU 	3
TMR1H4 	EQU 	4
TMR1H5 	EQU 	5
TMR1H6 	EQU 	6
TMR1H7 	EQU 	7
TMR1IE 	EQU 	0
TMR1IF 	EQU 	0
TMR1IP 	EQU 	0
TMR1L 	EQU 	4044
TMR1L0 	EQU 	0
TMR1L1 	EQU 	1
TMR1L2 	EQU 	2
TMR1L3 	EQU 	3
TMR1L4 	EQU 	4
TMR1L5 	EQU 	5
TMR1L6 	EQU 	6
TMR1L7 	EQU 	7
TMR1MD 	EQU 	1
TMR1ON 	EQU 	0
TMR2 	EQU 	4026
TMR2IE 	EQU 	1
TMR2IF 	EQU 	1
TMR2IP 	EQU 	1
TMR2MD 	EQU 	2
TMR2ON 	EQU 	7
TMR3 	EQU 	4038
TMR30 	EQU 	0
TMR31 	EQU 	1
TMR310 	EQU 	2
TMR311 	EQU 	3
TMR312 	EQU 	4
TMR313 	EQU 	5
TMR314 	EQU 	6
TMR315 	EQU 	7
TMR32 	EQU 	2
TMR33 	EQU 	3
TMR34 	EQU 	4
TMR35 	EQU 	5
TMR36 	EQU 	6
TMR37 	EQU 	7
TMR38 	EQU 	0
TMR39 	EQU 	1
TMR3CLK 	EQU 	4043
TMR3CLK_CS0 	EQU 	0
TMR3CLK_CS1 	EQU 	1
TMR3CLK_CS2 	EQU 	2
TMR3CLK_CS3 	EQU 	3
TMR3CLK_T3CS0 	EQU 	0
TMR3CLK_T3CS1 	EQU 	1
TMR3CLK_T3CS2 	EQU 	2
TMR3CLK_T3CS3 	EQU 	3
TMR3GATE 	EQU 	4042
TMR3GATE_GSS0 	EQU 	0
TMR3GATE_GSS1 	EQU 	1
TMR3GATE_GSS2 	EQU 	2
TMR3GATE_GSS3 	EQU 	3
TMR3GATE_T3GSS0 	EQU 	0
TMR3GATE_T3GSS1 	EQU 	1
TMR3GATE_T3GSS2 	EQU 	2
TMR3GATE_T3GSS3 	EQU 	3
TMR3GIE 	EQU 	1
TMR3GIF 	EQU 	1
TMR3GIP 	EQU 	1
TMR3H 	EQU 	4039
TMR3H0 	EQU 	0
TMR3H1 	EQU 	1
TMR3H2 	EQU 	2
TMR3H3 	EQU 	3
TMR3H4 	EQU 	4
TMR3H5 	EQU 	5
TMR3H6 	EQU 	6
TMR3H7 	EQU 	7
TMR3IE 	EQU 	2
TMR3IF 	EQU 	2
TMR3IP 	EQU 	2
TMR3L 	EQU 	4038
TMR3L0 	EQU 	0
TMR3L1 	EQU 	1
TMR3L2 	EQU 	2
TMR3L3 	EQU 	3
TMR3L4 	EQU 	4
TMR3L5 	EQU 	5
TMR3L6 	EQU 	6
TMR3L7 	EQU 	7
TMR3MD 	EQU 	3
TMR3ON 	EQU 	0
TMR4 	EQU 	4020
TMR4IE 	EQU 	3
TMR4IF 	EQU 	3
TMR4IP 	EQU 	3
TMR4MD 	EQU 	4
TMR4ON 	EQU 	7
TMR5 	EQU 	4032
TMR50 	EQU 	0
TMR51 	EQU 	1
TMR510 	EQU 	2
TMR511 	EQU 	3
TMR512 	EQU 	4
TMR513 	EQU 	5
TMR514 	EQU 	6
TMR515 	EQU 	7
TMR52 	EQU 	2
TMR53 	EQU 	3
TMR54 	EQU 	4
TMR55 	EQU 	5
TMR56 	EQU 	6
TMR57 	EQU 	7
TMR58 	EQU 	0
TMR59 	EQU 	1
TMR5CLK 	EQU 	4037
TMR5CLK_CS0 	EQU 	0
TMR5CLK_CS1 	EQU 	1
TMR5CLK_CS2 	EQU 	2
TMR5CLK_CS3 	EQU 	3
TMR5CLK_T5CS0 	EQU 	0
TMR5CLK_T5CS1 	EQU 	1
TMR5CLK_T5CS2 	EQU 	2
TMR5CLK_T5CS3 	EQU 	3
TMR5GATE 	EQU 	4036
TMR5GATE_GSS0 	EQU 	0
TMR5GATE_GSS1 	EQU 	1
TMR5GATE_GSS2 	EQU 	2
TMR5GATE_GSS3 	EQU 	3
TMR5GATE_T5GSS0 	EQU 	0
TMR5GATE_T5GSS1 	EQU 	1
TMR5GATE_T5GSS2 	EQU 	2
TMR5GATE_T5GSS3 	EQU 	3
TMR5GIE 	EQU 	2
TMR5GIF 	EQU 	2
TMR5GIP 	EQU 	2
TMR5H 	EQU 	4033
TMR5H0 	EQU 	0
TMR5H1 	EQU 	1
TMR5H2 	EQU 	2
TMR5H3 	EQU 	3
TMR5H4 	EQU 	4
TMR5H5 	EQU 	5
TMR5H6 	EQU 	6
TMR5H7 	EQU 	7
TMR5IE 	EQU 	4
TMR5IF 	EQU 	4
TMR5IP 	EQU 	4
TMR5L 	EQU 	4032
TMR5L0 	EQU 	0
TMR5L1 	EQU 	1
TMR5L2 	EQU 	2
TMR5L3 	EQU 	3
TMR5L4 	EQU 	4
TMR5L5 	EQU 	5
TMR5L6 	EQU 	6
TMR5L7 	EQU 	7
TMR5MD 	EQU 	5
TMR5ON 	EQU 	0
TMR6 	EQU 	4014
TMR6IE 	EQU 	5
TMR6IF 	EQU 	5
TMR6IP 	EQU 	5
TMR6MD 	EQU 	6
TMR6ON 	EQU 	7
TO 	EQU 	6
TOS 	EQU 	4093
TOSH 	EQU 	4094
TOSL 	EQU 	4093
TOSU 	EQU 	4095
TRISA 	EQU 	3975
TRISA0 	EQU 	0
TRISA1 	EQU 	1
TRISA2 	EQU 	2
TRISA3 	EQU 	3
TRISA4 	EQU 	4
TRISA5 	EQU 	5
TRISA6 	EQU 	6
TRISA7 	EQU 	7
TRISA_TRISA0 	EQU 	0
TRISA_TRISA1 	EQU 	1
TRISA_TRISA2 	EQU 	2
TRISA_TRISA3 	EQU 	3
TRISA_TRISA4 	EQU 	4
TRISA_TRISA5 	EQU 	5
TRISA_TRISA6 	EQU 	6
TRISA_TRISA7 	EQU 	7
TRISB 	EQU 	3976
TRISB0 	EQU 	0
TRISB1 	EQU 	1
TRISB2 	EQU 	2
TRISB3 	EQU 	3
TRISB4 	EQU 	4
TRISB5 	EQU 	5
TRISB6 	EQU 	6
TRISB7 	EQU 	7
TRISB_TRISB0 	EQU 	0
TRISB_TRISB1 	EQU 	1
TRISB_TRISB2 	EQU 	2
TRISB_TRISB3 	EQU 	3
TRISB_TRISB4 	EQU 	4
TRISB_TRISB5 	EQU 	5
TRISB_TRISB6 	EQU 	6
TRISB_TRISB7 	EQU 	7
TRISC 	EQU 	3977
TRISC0 	EQU 	0
TRISC1 	EQU 	1
TRISC2 	EQU 	2
TRISC3 	EQU 	3
TRISC4 	EQU 	4
TRISC5 	EQU 	5
TRISC6 	EQU 	6
TRISC7 	EQU 	7
TRISC_TRISC0 	EQU 	0
TRISC_TRISC1 	EQU 	1
TRISC_TRISC2 	EQU 	2
TRISC_TRISC3 	EQU 	3
TRISC_TRISC4 	EQU 	4
TRISC_TRISC5 	EQU 	5
TRISC_TRISC6 	EQU 	6
TRISC_TRISC7 	EQU 	7
TRMT 	EQU 	1
TSEL0 	EQU 	0
TSEL1 	EQU 	1
TSEL2 	EQU 	2
TSEL3 	EQU 	3
TSEN 	EQU 	5
TSRNG 	EQU 	4
TUN0 	EQU 	0
TUN1 	EQU 	1
TUN2 	EQU 	2
TUN3 	EQU 	3
TUN4 	EQU 	4
TUN5 	EQU 	5
TX1IE 	EQU 	4
TX1IF 	EQU 	4
TX1IP 	EQU 	4
TX1PPS 	EQU 	3761
TX1PPS_TXPPS0 	EQU 	0
TX1PPS_TXPPS1 	EQU 	1
TX1PPS_TXPPS2 	EQU 	2
TX1PPS_TXPPS3 	EQU 	3
TX1PPS_TXPPS4 	EQU 	4
TX1REG 	EQU 	3993
TX1STA 	EQU 	3997
TX9 	EQU 	6
TX9D 	EQU 	0
TXCK1PPS 	EQU 	3761
TXCK1PPS_TXPPS0 	EQU 	0
TXCK1PPS_TXPPS1 	EQU 	1
TXCK1PPS_TXPPS2 	EQU 	2
TXCK1PPS_TXPPS3 	EQU 	3
TXCK1PPS_TXPPS4 	EQU 	4
TXEN 	EQU 	5
TXIE 	EQU 	4
TXIF 	EQU 	4
TXIP 	EQU 	4
TXPPS 	EQU 	3761
TXPPS0 	EQU 	0
TXPPS1 	EQU 	1
TXPPS2 	EQU 	2
TXPPS3 	EQU 	3
TXPPS4 	EQU 	4
TXPPS_TXPPS0 	EQU 	0
TXPPS_TXPPS1 	EQU 	1
TXPPS_TXPPS2 	EQU 	2
TXPPS_TXPPS3 	EQU 	3
TXPPS_TXPPS4 	EQU 	4
TXREG 	EQU 	3993
TXREG1 	EQU 	3993
TXSTA 	EQU 	3997
TXSTA1 	EQU 	3997
TXSTA1_BRGH 	EQU 	2
TXSTA1_CSRC 	EQU 	7
TXSTA1_SENDB 	EQU 	3
TXSTA1_TRMT 	EQU 	1
TXSTA1_TX9 	EQU 	6
TXSTA1_TX9D 	EQU 	0
TXSTA1_TXEN 	EQU 	5
TXSTA_BRGH 	EQU 	2
TXSTA_CSRC 	EQU 	7
TXSTA_SENDB 	EQU 	3
TXSTA_TRMT 	EQU 	1
TXSTA_TX9 	EQU 	6
TXSTA_TX9D 	EQU 	0
TXSTA_TXEN 	EQU 	5
UA 	EQU 	1
UART1MD 	EQU 	6
VREGCON 	EQU 	3802
VREGPM0 	EQU 	0
VREGPM1 	EQU 	1
W 	EQU 	0
WCOL 	EQU 	7
WDTCON0 	EQU 	3789
WDTCON1 	EQU 	3790
WDTCS0 	EQU 	4
WDTCS1 	EQU 	5
WDTCS2 	EQU 	6
WDTPS0 	EQU 	1
WDTPS1 	EQU 	2
WDTPS2 	EQU 	3
WDTPS3 	EQU 	4
WDTPS4 	EQU 	5
WDTPSCNT0 	EQU 	0
WDTPSCNT1 	EQU 	1
WDTPSCNT10 	EQU 	2
WDTPSCNT11 	EQU 	3
WDTPSCNT12 	EQU 	4
WDTPSCNT13 	EQU 	5
WDTPSCNT14 	EQU 	6
WDTPSCNT15 	EQU 	7
WDTPSCNT16 	EQU 	0
WDTPSCNT17 	EQU 	1
WDTPSCNT2 	EQU 	2
WDTPSCNT3 	EQU 	3
WDTPSCNT4 	EQU 	4
WDTPSCNT5 	EQU 	5
WDTPSCNT6 	EQU 	6
WDTPSCNT7 	EQU 	7
WDTPSCNT8 	EQU 	0
WDTPSCNT9 	EQU 	1
WDTPSH 	EQU 	3792
WDTPSL 	EQU 	3791
WDTSEN 	EQU 	0
WDTSTATE 	EQU 	2
WDTTMR 	EQU 	3793
WDTTMR0 	EQU 	3
WDTTMR1 	EQU 	4
WDTTMR2 	EQU 	5
WDTTMR3 	EQU 	6
WDTTMR4 	EQU 	7
WDTWINDOW0 	EQU 	0
WDTWINDOW1 	EQU 	1
WDTWINDOW2 	EQU 	2
WDTWV 	EQU 	5
WINDOW0 	EQU 	0
WINDOW1 	EQU 	1
WINDOW2 	EQU 	2
WPUA 	EQU 	3851
WPUA0 	EQU 	0
WPUA1 	EQU 	1
WPUA2 	EQU 	2
WPUA3 	EQU 	3
WPUA4 	EQU 	4
WPUA5 	EQU 	5
WPUA6 	EQU 	6
WPUA7 	EQU 	7
WPUB 	EQU 	3859
WPUB0 	EQU 	0
WPUB1 	EQU 	1
WPUB2 	EQU 	2
WPUB3 	EQU 	3
WPUB4 	EQU 	4
WPUB5 	EQU 	5
WPUB6 	EQU 	6
WPUB7 	EQU 	7
WPUC 	EQU 	3867
WPUC0 	EQU 	0
WPUC1 	EQU 	1
WPUC2 	EQU 	2
WPUC3 	EQU 	3
WPUC4 	EQU 	4
WPUC5 	EQU 	5
WPUC6 	EQU 	6
WPUC7 	EQU 	7
WPUE 	EQU 	3880
WPUE3 	EQU 	3
WR 	EQU 	4
WREG 	EQU 	4072
WUE 	EQU 	1
X1 	EQU 	1
X10 	EQU 	2
X11 	EQU 	3
X12 	EQU 	4
X13 	EQU 	5
X14 	EQU 	6
X15 	EQU 	7
X2 	EQU 	2
X3 	EQU 	3
X4 	EQU 	4
X5 	EQU 	5
X6 	EQU 	6
X7 	EQU 	7
X8 	EQU 	0
X9 	EQU 	1
Z 	EQU 	2
ZCDCON 	EQU 	3885
ZCDCON_INTN 	EQU 	0
ZCDCON_INTP 	EQU 	1
ZCDCON_POL 	EQU 	4
ZCDIE 	EQU 	6
ZCDIF 	EQU 	6
ZCDINTN 	EQU 	0
ZCDINTP 	EQU 	1
ZCDIP 	EQU 	6
ZCDMD 	EQU 	0
ZCDOUT 	EQU 	5
ZCDPOL 	EQU 	4
ZCDSEN 	EQU 	7

Code:
Loc	Obj Code	Original Assembly






000000	EF06 F000	GOTO BASPROGRAMSTART

000008	0010	RETFIE



		BASPROGRAMSTART
00000C	D81D	RCALL INITSYS

00000E	9287	BCF TRISA,1,ACCESS
		SYSDOLOOP_S1
000010	6A04	CLRF SYSTEMP1,ACCESS
000012	B28C	BTFSC PORTA,1,ACCESS
000014	2A04	INCF SYSTEMP1,F,ACCESS
000016	1E04	COMF SYSTEMP1,F,ACCESS
000018	9282	BCF LATA,1,ACCESS
00001A	B004	BTFSC SYSTEMP1,0,ACCESS
00001C	8282	BSF LATA,1,ACCESS
00001E	0E64	MOVLW 100
000020	6E02	MOVWF SYSWAITTEMPMS,ACCESS
000022	6A03	CLRF SYSWAITTEMPMS_H,ACCESS
000024	D803	RCALL DELAY_MS
000026	D7F4	BRA SYSDOLOOP_S1
		SYSDOLOOP_E1
		BASPROGRAMEND
000028	0003	SLEEP
00002A	D7FE	BRA BASPROGRAMEND


		DELAY_MS
00002C	2A03	INCF SYSWAITTEMPMS_H, F,ACCESS
		DMS_START
00002E	0E01	MOVLW 1
000030	6E01	MOVWF DELAYTEMP2,ACCESS
		DMS_OUTER
000032	0E01	MOVLW 1
000034	6E00	MOVWF DELAYTEMP,ACCESS
		DMS_INNER
000036	2E00	DECFSZ DELAYTEMP, F,ACCESS
000038	D7FE	BRA DMS_INNER
00003A	2E01	DECFSZ DELAYTEMP2, F,ACCESS
00003C	D7FA	BRA DMS_OUTER
00003E	2E02	DECFSZ SYSWAITTEMPMS, F,ACCESS
000040	D7F6	BRA DMS_START
000042	2E03	DECFSZ SYSWAITTEMPMS_H, F,ACCESS
000044	D7F4	BRA DMS_START
000046	0012	RETURN


		INITSYS
000048	0E50	MOVLW 80
000000	010E	BANKSEL OSCCON1
00004C	6FD3	MOVWF OSCCON1,BANKED
00004E	6BD5	CLRF OSCCON3,BANKED
000050	6BD7	CLRF OSCEN,BANKED
000052	6BD8	CLRF OSCTUNE,BANKED
000054	6AE0	CLRF BSR,ACCESS
000056	6AF8	CLRF TBLPTRU,ACCESS
000000	010F	BANKSEL ADCON0
00005A	955B	BCF ADCON0,ADFM,BANKED
00005C	9F5B	BCF ADCON0,ADON,BANKED
00005E	6B0C	CLRF ANSELA,BANKED
000060	6B14	CLRF ANSELB,BANKED
000062	6B1C	CLRF ANSELC,BANKED
000064	9F30	BCF CM2CON0,C2EN,BANKED
000066	9F34	BCF CM1CON0,C1EN,BANKED
000068	6A8C	CLRF PORTA,ACCESS
00006A	6A8D	CLRF PORTB,ACCESS
00006C	6A8E	CLRF PORTC,ACCESS
00006E	6A90	CLRF PORTE,ACCESS
000000	0100	BANKSEL 0
000072	0012	RETURN


