GCASM List File (GCBASIC 0.98.<<>> 2018-10-20 (Windows 32 bit))

Symbols:
A 	EQU 	0
ABDEN 	EQU 	0
ABDOVF 	EQU 	7
ACCESS 	EQU 	0
ACKDT 	EQU 	5
ACKEN 	EQU 	4
ACKSTAT 	EQU 	6
ACKTIM 	EQU 	7
ACQT0 	EQU 	3
ACQT1 	EQU 	4
ACQT2 	EQU 	5
ACTCON 	EQU 	4021
ACTD 	EQU 	6
ACTEN 	EQU 	7
ACTIE 	EQU 	7
ACTIF 	EQU 	7
ACTIP 	EQU 	7
ACTLOCK 	EQU 	3
ACTMD 	EQU 	4
ACTOR 	EQU 	1
ACTORS 	EQU 	1
ACTSEL 	EQU 	7
ACTSRC 	EQU 	4
ACTUD 	EQU 	6
ACTVIE 	EQU 	2
ACTVIF 	EQU 	2
ADCMD 	EQU 	2
ADCON0 	EQU 	4034
ADCON1 	EQU 	4033
ADCON2 	EQU 	4032
ADCS0 	EQU 	0
ADCS1 	EQU 	1
ADCS2 	EQU 	2
ADDEN 	EQU 	3
ADDR0 	EQU 	0
ADDR1 	EQU 	1
ADDR2 	EQU 	2
ADDR3 	EQU 	3
ADDR4 	EQU 	4
ADDR5 	EQU 	5
ADDR6 	EQU 	6
ADEN 	EQU 	3
ADFM 	EQU 	7
ADIE 	EQU 	6
ADIF 	EQU 	6
ADIP 	EQU 	6
ADON 	EQU 	0
ADREADPORT 	EQU 	10
ADRESH 	EQU 	4036
ADRESL 	EQU 	4035
AFSR0 	EQU 	4073
AFSR0_H 	EQU 	4074
AHEN 	EQU 	1
AN0 	EQU 	0
AN1 	EQU 	1
AN2 	EQU 	2
AN3 	EQU 	3
AN4 	EQU 	5
ANSA0 	EQU 	0
ANSA1 	EQU 	1
ANSA2 	EQU 	2
ANSA3 	EQU 	3
ANSA5 	EQU 	5
ANSB0 	EQU 	0
ANSB1 	EQU 	1
ANSB2 	EQU 	2
ANSB3 	EQU 	3
ANSB4 	EQU 	4
ANSB5 	EQU 	5
ANSC2 	EQU 	2
ANSC6 	EQU 	6
ANSC7 	EQU 	7
ANSELA 	EQU 	3931
ANSELB 	EQU 	3932
ANSELC 	EQU 	3933
B 	EQU 	1
BANKED 	EQU 	1
BASPROGRAMEND 	EQU 	154
BASPROGRAMSTART 	EQU 	12
BAUDCON 	EQU 	4024
BAUDCON1 	EQU 	4024
BAUDCON1_ABDEN 	EQU 	0
BAUDCON1_ABDOVF 	EQU 	7
BAUDCON1_BRG16 	EQU 	3
BAUDCON1_CKTXP 	EQU 	4
BAUDCON1_DTRXP 	EQU 	5
BAUDCON1_RCIDL 	EQU 	6
BAUDCON1_RCMT 	EQU 	6
BAUDCON1_RXDTP 	EQU 	5
BAUDCON1_SCKP 	EQU 	4
BAUDCON1_TXCKP 	EQU 	4
BAUDCON1_WUE 	EQU 	1
BCL1IE 	EQU 	3
BCL1IF 	EQU 	3
BCL1IP 	EQU 	3
BCLIE 	EQU 	3
BCLIF 	EQU 	3
BCLIP 	EQU 	3
BF 	EQU 	0
BGVST 	EQU 	6
BOEN 	EQU 	4
BOR 	EQU 	0
BRG0 	EQU 	0
BRG1 	EQU 	1
BRG10 	EQU 	2
BRG11 	EQU 	3
BRG12 	EQU 	4
BRG13 	EQU 	5
BRG14 	EQU 	6
BRG15 	EQU 	7
BRG16 	EQU 	3
BRG2 	EQU 	2
BRG3 	EQU 	3
BRG4 	EQU 	4
BRG5 	EQU 	5
BRG6 	EQU 	6
BRG7 	EQU 	7
BRG8 	EQU 	0
BRG9 	EQU 	1
BRGH 	EQU 	2
BSR 	EQU 	4064
BTOEE 	EQU 	4
BTOEF 	EQU 	4
BTSEE 	EQU 	7
BTSEF 	EQU 	7
C 	EQU 	0
C1CH0 	EQU 	0
C1CH1 	EQU 	1
C1HYS 	EQU 	3
C1IE 	EQU 	6
C1IF 	EQU 	6
C1IP 	EQU 	6
C1OE 	EQU 	5
C1ON 	EQU 	7
C1OUT 	EQU 	6
C1POL 	EQU 	4
C1R 	EQU 	2
C1RSEL 	EQU 	5
C1SP 	EQU 	3
C1SYNC 	EQU 	1
C1TSEL 	EQU 	0
C2CH0 	EQU 	0
C2CH1 	EQU 	1
C2HYS 	EQU 	2
C2IE 	EQU 	5
C2IF 	EQU 	5
C2IP 	EQU 	5
C2OE 	EQU 	5
C2ON 	EQU 	7
C2OUT 	EQU 	6
C2POL 	EQU 	4
C2R 	EQU 	2
C2RSEL 	EQU 	4
C2SP 	EQU 	3
C2SYNC 	EQU 	0
C2TSEL 	EQU 	3
CCH0 	EQU 	0
CCH1 	EQU 	1
CCP1 	EQU 	2
CCP1ASE 	EQU 	7
CCP1CON 	EQU 	4029
CCP1IE 	EQU 	2
CCP1IF 	EQU 	2
CCP1IP 	EQU 	2
CCP1M0 	EQU 	0
CCP1M1 	EQU 	1
CCP1M2 	EQU 	2
CCP1M3 	EQU 	3
CCP1MD 	EQU 	0
CCP1X 	EQU 	5
CCP1Y 	EQU 	4
CCP2CON 	EQU 	3991
CCP2IE 	EQU 	0
CCP2IF 	EQU 	0
CCP2IP 	EQU 	0
CCP2M0 	EQU 	0
CCP2M1 	EQU 	1
CCP2M2 	EQU 	2
CCP2M3 	EQU 	3
CCP2MD 	EQU 	1
CCP2X 	EQU 	5
CCP2Y 	EQU 	4
CCPR1 	EQU 	4030
CCPR1H 	EQU 	4031
CCPR1L 	EQU 	4030
CCPR2 	EQU 	3984
CCPR2H 	EQU 	3985
CCPR2L 	EQU 	3984
CCPTMRS 	EQU 	3929
CFGS 	EQU 	6
CHS0 	EQU 	2
CHS1 	EQU 	3
CHS2 	EQU 	4
CHS3 	EQU 	5
CHS4 	EQU 	6
CK 	EQU 	6
CKE 	EQU 	6
CKP 	EQU 	4
CKTXP 	EQU 	4
CM1CON0 	EQU 	3992
CM1IE 	EQU 	6
CM1IF 	EQU 	6
CM1IP 	EQU 	6
CM2CON0 	EQU 	3993
CM2CON0_CCH0 	EQU 	0
CM2CON0_CCH1 	EQU 	1
CM2CON0_COE 	EQU 	5
CM2CON0_CON 	EQU 	7
CM2CON0_CPOL 	EQU 	4
CM2CON0_CREF 	EQU 	2
CM2CON1 	EQU 	3994
CM2IE 	EQU 	5
CM2IF 	EQU 	5
CM2IP 	EQU 	5
CMP1MD 	EQU 	3
CMP2MD 	EQU 	4
COE 	EQU 	5
COMPORT 	EQU 	11
CON 	EQU 	7
COUT1 	EQU 	6
COUT2 	EQU 	6
CPOL 	EQU 	4
CRC16EE 	EQU 	2
CRC16EF 	EQU 	2
CRC5EE 	EQU 	1
CRC5EF 	EQU 	1
CREF 	EQU 	2
CREN 	EQU 	4
CSRC 	EQU 	7
CTMUCON0 	EQU 	3983
CTMUCON1 	EQU 	3982
CTMUCONH 	EQU 	3983
CTMUCONH_CTMUEN 	EQU 	7
CTMUCONH_CTMUSIDL 	EQU 	5
CTMUCONH_CTTRIG 	EQU 	0
CTMUCONH_EDGEN 	EQU 	3
CTMUCONH_EDGSEQEN 	EQU 	2
CTMUCONH_IDISSEN 	EQU 	1
CTMUCONH_ON 	EQU 	7
CTMUCONH_SIDL 	EQU 	5
CTMUCONH_TGEN 	EQU 	4
CTMUCONH_TRIGEN 	EQU 	0
CTMUCONL 	EQU 	3982
CTMUCONL_EDG1POL 	EQU 	4
CTMUCONL_EDG1SEL0 	EQU 	2
CTMUCONL_EDG1SEL1 	EQU 	3
CTMUCONL_EDG1STAT 	EQU 	0
CTMUCONL_EDG2POL 	EQU 	7
CTMUCONL_EDG2SEL0 	EQU 	5
CTMUCONL_EDG2SEL1 	EQU 	6
CTMUCONL_EDG2STAT 	EQU 	1
CTMUEN 	EQU 	7
CTMUICON 	EQU 	3976
CTMUIE 	EQU 	3
CTMUIF 	EQU 	3
CTMUIP 	EQU 	3
CTMUMD 	EQU 	5
CTMUSIDL 	EQU 	5
CTTRIG 	EQU 	0
D10US_START 	EQU 	206
DACEN 	EQU 	7
DACLPS 	EQU 	6
DACNSS 	EQU 	0
DACOE 	EQU 	5
DACPSS0 	EQU 	2
DACPSS1 	EQU 	3
DACR0 	EQU 	0
DACR1 	EQU 	1
DACR2 	EQU 	2
DACR3 	EQU 	3
DACR4 	EQU 	4
DC 	EQU 	1
DC1B0 	EQU 	4
DC1B1 	EQU 	5
DC2B0 	EQU 	4
DC2B1 	EQU 	5
DDRA 	EQU 	3986
DDRA_RA0 	EQU 	0
DDRA_RA1 	EQU 	1
DDRA_RA2 	EQU 	2
DDRA_RA3 	EQU 	3
DDRA_RA4 	EQU 	4
DDRA_RA5 	EQU 	5
DDRA_RA6 	EQU 	6
DDRA_RA7 	EQU 	7
DDRB 	EQU 	3987
DDRB_RB0 	EQU 	0
DDRB_RB1 	EQU 	1
DDRB_RB2 	EQU 	2
DDRB_RB3 	EQU 	3
DDRB_RB4 	EQU 	4
DDRB_RB5 	EQU 	5
DDRB_RB6 	EQU 	6
DDRB_RB7 	EQU 	7
DDRC 	EQU 	3988
DDRC_RC0 	EQU 	0
DDRC_RC1 	EQU 	1
DDRC_RC2 	EQU 	2
DDRC_RC6 	EQU 	6
DDRC_RC7 	EQU 	7
DELAYTEMP 	EQU 	0
DELAYTEMP2 	EQU 	1
DELAYUS0 	EQU 	210
DELAY_10US 	EQU 	206
DELAY_MS 	EQU 	220
DESCRIPTORHANDLER_CALLBACK 	EQU 	158
DFN8EE 	EQU 	3
DFN8EF 	EQU 	3
DHEN 	EQU 	0
DIR 	EQU 	2
DIV8NOTNEG 	EQU 	1634
DMS_INNER 	EQU 	230
DMS_OUTER 	EQU 	226
DMS_START 	EQU 	222
DONE 	EQU 	1
DTRXP 	EQU 	5
D_NOT_A 	EQU 	5
ECCP1AS 	EQU 	4022
ECCP1AS0 	EQU 	4
ECCP1AS1 	EQU 	5
ECCP1AS2 	EQU 	6
ECCP1ASE 	EQU 	7
ECCP1CON 	EQU 	4029
ECCP1CON_CCP1M0 	EQU 	0
ECCP1CON_CCP1M1 	EQU 	1
ECCP1CON_CCP1M2 	EQU 	2
ECCP1CON_CCP1M3 	EQU 	3
ECCP1CON_CCP1X 	EQU 	5
ECCP1CON_CCP1Y 	EQU 	4
ECCP1CON_DC1B0 	EQU 	4
ECCP1CON_DC1B1 	EQU 	5
ECCP1CON_P1M0 	EQU 	6
ECCP1CON_P1M1 	EQU 	7
ECCP1DEL 	EQU 	4023
ECCP2CON 	EQU 	3991
ECCP2CON_CCP2M0 	EQU 	0
ECCP2CON_CCP2M1 	EQU 	1
ECCP2CON_CCP2M2 	EQU 	2
ECCP2CON_CCP2M3 	EQU 	3
ECCP2CON_CCP2X 	EQU 	5
ECCP2CON_CCP2Y 	EQU 	4
ECCP2CON_DC2B0 	EQU 	4
ECCP2CON_DC2B1 	EQU 	5
EDG1POL 	EQU 	4
EDG1SEL0 	EQU 	2
EDG1SEL1 	EQU 	3
EDG1STAT 	EQU 	0
EDG2POL 	EQU 	7
EDG2SEL0 	EQU 	5
EDG2SEL1 	EQU 	6
EDG2STAT 	EQU 	1
EDGEN 	EQU 	3
EDGSEQEN 	EQU 	2
EEADR 	EQU 	4009
EECON1 	EQU 	4006
EECON2 	EQU 	4007
EEDATA 	EQU 	4008
EEIE 	EQU 	4
EEIF 	EQU 	4
EEIP 	EQU 	4
EEPGD 	EQU 	7
ELSE11_1 	EQU 	2442
ELSE12_1 	EQU 	2428
ELSE13_1 	EQU 	2466
ELSE14_1 	EQU 	2476
ELSE16_1 	EQU 	2534
ELSE20_1 	EQU 	2636
ELSE24_1 	EQU 	2738
ELSE27_1 	EQU 	2910
ELSE28_1 	EQU 	3210
ELSE29_1 	EQU 	3010
ELSE9_1 	EQU 	2146
ENDIF10 	EQU 	2286
ENDIF11 	EQU 	2480
ENDIF12 	EQU 	2432
ENDIF13 	EQU 	2480
ENDIF14 	EQU 	2480
ENDIF15 	EQU 	2520
ENDIF16 	EQU 	2538
ENDIF17 	EQU 	2548
ENDIF18 	EQU 	2592
ENDIF19 	EQU 	2622
ENDIF2 	EQU 	2094
ENDIF20 	EQU 	2640
ENDIF21 	EQU 	2650
ENDIF22 	EQU 	2694
ENDIF23 	EQU 	2724
ENDIF24 	EQU 	2742
ENDIF25 	EQU 	2752
ENDIF26 	EQU 	2796
ENDIF27 	EQU 	3190
ENDIF28 	EQU 	3214
ENDIF29 	EQU 	3018
ENDIF3 	EQU 	2104
ENDIF30 	EQU 	3072
ENDIF31 	EQU 	3168
ENDIF32 	EQU 	3182
ENDIF33 	EQU 	630
ENDIF34 	EQU 	466
ENDIF35 	EQU 	438
ENDIF36 	EQU 	466
ENDIF37 	EQU 	1318
ENDIF38 	EQU 	1326
ENDIF39 	EQU 	1368
ENDIF4 	EQU 	2112
ENDIF40 	EQU 	1376
ENDIF41 	EQU 	1494
ENDIF42 	EQU 	1502
ENDIF43 	EQU 	1242
ENDIF44 	EQU 	1246
ENDIF45 	EQU 	1250
ENDIF46 	EQU 	1254
ENDIF47 	EQU 	1258
ENDIF48 	EQU 	358
ENDIF49 	EQU 	382
ENDIF5 	EQU 	2312
ENDIF50 	EQU 	398
ENDIF51 	EQU 	504
ENDIF52 	EQU 	564
ENDIF6 	EQU 	2316
ENDIF7 	EQU 	2320
ENDIF8 	EQU 	2324
ENDIF9 	EQU 	2154
ENDP0 	EQU 	3
ENDP1 	EQU 	4
ENDP2 	EQU 	5
ENDP3 	EQU 	6
EPCONDIS 	EQU 	3
EPHSHK 	EQU 	4
EPINEN 	EQU 	1
EPOUTEN 	EQU 	2
EPSTALL 	EQU 	0
ERRORHANDLER_CALLBACK 	EQU 	248
F 	EQU 	1
FERR 	EQU 	2
FLTS 	EQU 	2
FN_GCBBUILDSTR 	EQU 	306
FN_GCBBUILDTIMESTR 	EQU 	320
FN_HEX 	EQU 	334
FN_PEEK 	EQU 	966
FN_READAD1022 	EQU 	986
FREE 	EQU 	4
FRM0 	EQU 	0
FRM1 	EQU 	1
FRM10 	EQU 	2
FRM2 	EQU 	2
FRM3 	EQU 	3
FRM4 	EQU 	4
FRM5 	EQU 	5
FRM6 	EQU 	6
FRM7 	EQU 	7
FRM8 	EQU 	0
FRM9 	EQU 	1
FSEN 	EQU 	2
FSR0H 	EQU 	4074
FSR0L 	EQU 	4073
FSR1H 	EQU 	4066
FSR1L 	EQU 	4065
FSR2H 	EQU 	4058
FSR2L 	EQU 	4057
FVREN 	EQU 	7
FVRS0 	EQU 	4
FVRS1 	EQU 	5
FVRST 	EQU 	6
GCBBUILDSTR 	EQU 	1901
GCBBUILDTIMESTR 	EQU 	1944
GCEN 	EQU 	7
GIE 	EQU 	7
GIEH 	EQU 	7
GIEL 	EQU 	6
GIE_GIEH 	EQU 	7
GO 	EQU 	1
GO_DONE 	EQU 	1
GO_NOT_DONE 	EQU 	1
HEX 	EQU 	1897
HFIOFR 	EQU 	1
HFIOFS 	EQU 	2
HLVDCON 	EQU 	3996
HLVDEN 	EQU 	4
HLVDIE 	EQU 	2
HLVDIF 	EQU 	2
HLVDIN 	EQU 	5
HLVDIP 	EQU 	2
HLVDL0 	EQU 	0
HLVDL1 	EQU 	1
HLVDL2 	EQU 	2
HLVDL3 	EQU 	3
HSERPRINT273 	EQU 	410
HSERPRINT274 	EQU 	468
HSERPRINTCRLF 	EQU 	574
HSERPRINTCRLFCOUNT 	EQU 	12
HSERSEND 	EQU 	602
IDISSEN 	EQU 	1
IDLEIE 	EQU 	4
IDLEIF 	EQU 	4
IDLEN 	EQU 	7
INDF0 	EQU 	4079
INDF1 	EQU 	4071
INDF2 	EQU 	4063
INITSYS 	EQU 	632
INITUSART 	EQU 	678
INITUSB 	EQU 	702
INT0 	EQU 	0
INT0E 	EQU 	4
INT0F 	EQU 	1
INT0IE 	EQU 	4
INT0IF 	EQU 	1
INT1 	EQU 	1
INT1E 	EQU 	3
INT1F 	EQU 	0
INT1IE 	EQU 	3
INT1IF 	EQU 	0
INT1IP 	EQU 	6
INT1P 	EQU 	6
INT2 	EQU 	2
INT2E 	EQU 	4
INT2F 	EQU 	1
INT2IE 	EQU 	4
INT2IF 	EQU 	1
INT2IP 	EQU 	7
INT2P 	EQU 	7
INTCON 	EQU 	4082
INTCON2 	EQU 	4081
INTCON3 	EQU 	4080
INTEDG0 	EQU 	6
INTEDG1 	EQU 	5
INTEDG2 	EQU 	4
INTERRUPT 	EQU 	798
INTERRUPTDONE 	EQU 	888
INTSRC 	EQU 	5
IOCB 	EQU 	3974
IOCB4 	EQU 	4
IOCB5 	EQU 	5
IOCB6 	EQU 	6
IOCB7 	EQU 	7
IOCC 	EQU 	3975
IOCC0 	EQU 	0
IOCC1 	EQU 	1
IOCC2 	EQU 	2
IOCC4 	EQU 	4
IOCC5 	EQU 	5
IOCC6 	EQU 	6
IOCC7 	EQU 	7
IOCIE 	EQU 	3
IOCIF 	EQU 	0
IOCIP 	EQU 	0
IPEN 	EQU 	7
IPR1 	EQU 	3999
IPR2 	EQU 	4002
IPR3 	EQU 	4005
IRCF0 	EQU 	4
IRCF1 	EQU 	5
IRCF2 	EQU 	6
IRNG0 	EQU 	0
IRNG1 	EQU 	1
IRVST 	EQU 	5
ITRIM0 	EQU 	2
ITRIM1 	EQU 	3
ITRIM2 	EQU 	4
ITRIM3 	EQU 	5
ITRIM4 	EQU 	6
ITRIM5 	EQU 	7
LATA 	EQU 	3977
LATA0 	EQU 	0
LATA1 	EQU 	1
LATA2 	EQU 	2
LATA3 	EQU 	3
LATA4 	EQU 	4
LATA5 	EQU 	5
LATA6 	EQU 	6
LATA7 	EQU 	7
LATB 	EQU 	3978
LATB0 	EQU 	0
LATB1 	EQU 	1
LATB2 	EQU 	2
LATB3 	EQU 	3
LATB4 	EQU 	4
LATB5 	EQU 	5
LATB6 	EQU 	6
LATB7 	EQU 	7
LATC 	EQU 	3979
LATC0 	EQU 	0
LATC1 	EQU 	1
LATC2 	EQU 	2
LATC4 	EQU 	4
LATC5 	EQU 	5
LATC6 	EQU 	6
LATC7 	EQU 	7
LFIOFS 	EQU 	0
LVDIE 	EQU 	2
LVDIF 	EQU 	2
LVDIN 	EQU 	5
LVDIP 	EQU 	2
MC1OUT 	EQU 	7
MC2OUT 	EQU 	6
MEMADR 	EQU 	4073
MEMADR_H 	EQU 	4074
MEMDATA 	EQU 	13
MSSP1MD 	EQU 	6
MSSPMD 	EQU 	6
N 	EQU 	4
NOTUSBIF 	EQU 	888
NOT_BOR 	EQU 	0
NOT_DONE 	EQU 	1
NOT_PD 	EQU 	2
NOT_POR 	EQU 	1
NOT_RBPU 	EQU 	7
NOT_RI 	EQU 	4
NOT_T1DONE 	EQU 	3
NOT_T1SYNC 	EQU 	2
NOT_T3DONE 	EQU 	3
NOT_T3SYNC 	EQU 	2
NOT_TO 	EQU 	3
NVCFG0 	EQU 	0
NVCFG1 	EQU 	1
OERR 	EQU 	1
ON 	EQU 	7
OSC2 	EQU 	6
OSCCON 	EQU 	4051
OSCCON2 	EQU 	4050
OSCFIE 	EQU 	7
OSCFIF 	EQU 	7
OSCFIP 	EQU 	7
OSCTUNE 	EQU 	3995
OSTS 	EQU 	3
OUTVALUETEMP 	EQU 	16
OV 	EQU 	3
P 	EQU 	4
P1A 	EQU 	2
P1M0 	EQU 	6
P1M1 	EQU 	7
P1RSEN 	EQU 	7
PC 	EQU 	4089
PCIE 	EQU 	6
PCL 	EQU 	4089
PCLATH 	EQU 	4090
PCLATU 	EQU 	4091
PD 	EQU 	2
PDC0 	EQU 	0
PDC1 	EQU 	1
PDC2 	EQU 	2
PDC3 	EQU 	3
PDC4 	EQU 	4
PDC5 	EQU 	5
PDC6 	EQU 	6
PEEK 	EQU 	17
PEIE 	EQU 	6
PEIE_GIEL 	EQU 	6
PEN 	EQU 	2
PGC 	EQU 	6
PGD 	EQU 	7
PGM 	EQU 	5
PIDEE 	EQU 	0
PIDEF 	EQU 	0
PIE1 	EQU 	3997
PIE2 	EQU 	4000
PIE3 	EQU 	4003
PIR1 	EQU 	3998
PIR2 	EQU 	4001
PIR3 	EQU 	4004
PKTDIS 	EQU 	4
PLLEN 	EQU 	4
PLLRDY 	EQU 	7
PLUSW0 	EQU 	4075
PLUSW1 	EQU 	4067
PLUSW2 	EQU 	4059
PMD0 	EQU 	3966
PMD1 	EQU 	3967
POKE 	EQU 	980
POR 	EQU 	1
PORTA 	EQU 	3968
PORTB 	EQU 	3969
PORTC 	EQU 	3970
PORTE 	EQU 	3972
POSTDEC0 	EQU 	4077
POSTDEC1 	EQU 	4069
POSTDEC2 	EQU 	4061
POSTINC0 	EQU 	4078
POSTINC1 	EQU 	4070
POSTINC2 	EQU 	4062
PPB0 	EQU 	0
PPB1 	EQU 	1
PPBI 	EQU 	1
PPBRST 	EQU 	6
PR1SEN 	EQU 	7
PR2 	EQU 	4027
PREINC0 	EQU 	4076
PREINC1 	EQU 	4068
PREINC2 	EQU 	4060
PRINTLEN 	EQU 	18
PRISD 	EQU 	2
PROD 	EQU 	4083
PRODH 	EQU 	4084
PRODL 	EQU 	4083
PSA 	EQU 	3
PSS1AC0 	EQU 	2
PSS1AC1 	EQU 	3
PSS1BD0 	EQU 	0
PSS1BD1 	EQU 	1
PSSAC0 	EQU 	2
PSSAC1 	EQU 	3
PSSBD0 	EQU 	0
PSSBD1 	EQU 	1
PSTR1CON 	EQU 	4025
PVCFG0 	EQU 	2
PVCFG1 	EQU 	3
PWM1CON 	EQU 	4023
PWM1CON_P1RSEN 	EQU 	7
PWM1CON_PDC0 	EQU 	0
PWM1CON_PDC1 	EQU 	1
PWM1CON_PDC2 	EQU 	2
PWM1CON_PDC3 	EQU 	3
PWM1CON_PDC4 	EQU 	4
PWM1CON_PDC5 	EQU 	5
PWM1CON_PDC6 	EQU 	6
PWM1CON_PR1SEN 	EQU 	7
RA0 	EQU 	0
RA1 	EQU 	1
RA2 	EQU 	2
RA3 	EQU 	3
RA4 	EQU 	4
RA5 	EQU 	5
RA6 	EQU 	6
RA7 	EQU 	7
RB0 	EQU 	0
RB1 	EQU 	1
RB2 	EQU 	2
RB3 	EQU 	3
RB4 	EQU 	4
RB5 	EQU 	5
RB6 	EQU 	6
RB7 	EQU 	7
RBPU 	EQU 	7
RC0 	EQU 	0
RC1 	EQU 	1
RC1IE 	EQU 	5
RC1IF 	EQU 	5
RC1IP 	EQU 	5
RC2 	EQU 	2
RC4 	EQU 	4
RC5 	EQU 	5
RC6 	EQU 	6
RC7 	EQU 	7
RCEN 	EQU 	3
RCIDL 	EQU 	6
RCIE 	EQU 	5
RCIF 	EQU 	5
RCIP 	EQU 	5
RCMT 	EQU 	6
RCON 	EQU 	4048
RCREG 	EQU 	4014
RCREG1 	EQU 	4014
RCSTA 	EQU 	4011
RCSTA1 	EQU 	4011
RCSTA1_ADDEN 	EQU 	3
RCSTA1_ADEN 	EQU 	3
RCSTA1_CREN 	EQU 	4
RCSTA1_FERR 	EQU 	2
RCSTA1_OERR 	EQU 	1
RCSTA1_RX9 	EQU 	6
RCSTA1_RX9D 	EQU 	0
RCSTA1_SPEN 	EQU 	7
RCSTA1_SREN 	EQU 	5
RD 	EQU 	0
RD16 	EQU 	1
RE3 	EQU 	3
READAD10 	EQU 	19
READAD10_H 	EQU 	21
RESUME 	EQU 	2
RI 	EQU 	4
RSEN 	EQU 	1
RX 	EQU 	7
RX9 	EQU 	6
RX9D 	EQU 	0
RXDTP 	EQU 	5
R_NOT_W 	EQU 	2
S 	EQU 	3
SAVEDELAYTEMP2 	EQU 	22
SAVEFSR0H 	EQU 	23
SAVEFSR0L 	EQU 	24
SAVEFSR1H 	EQU 	25
SAVEFSR1L 	EQU 	26
SAVESYSBYTETEMPA 	EQU 	27
SAVESYSBYTETEMPB 	EQU 	28
SAVESYSBYTETEMPX 	EQU 	29
SAVESYSDIVLOOP 	EQU 	30
SAVESYSSTRINGA 	EQU 	31
SAVESYSSTRINGLENGTH 	EQU 	32
SAVESYSTEMP1 	EQU 	33
SAVESYSTEMP1_H 	EQU 	34
SAVESYSTEMP2 	EQU 	35
SAVESYSWAITTEMPMS 	EQU 	36
SAVESYSWAITTEMPMS_H 	EQU 	37
SBCDE 	EQU 	2
SBOREN 	EQU 	6
SCIE 	EQU 	5
SCKP 	EQU 	4
SCS0 	EQU 	0
SCS1 	EQU 	1
SDAHT 	EQU 	3
SE0 	EQU 	5
SEN 	EQU 	0
SENDB 	EQU 	3
SERDATA 	EQU 	38
SERPRINTVAL 	EQU 	39
SETUPHANDLER_CALLBACK 	EQU 	1300
SIDL 	EQU 	5
SLRA 	EQU 	0
SLRB 	EQU 	1
SLRC 	EQU 	2
SLRCON 	EQU 	3962
SMP 	EQU 	7
SOFIE 	EQU 	6
SOFIF 	EQU 	6
SOSCEN 	EQU 	3
SOSCGO 	EQU 	3
SOSCRUN 	EQU 	6
SP0 	EQU 	0
SP1 	EQU 	1
SP2 	EQU 	2
SP3 	EQU 	3
SP4 	EQU 	4
SPBRG 	EQU 	4015
SPBRG1 	EQU 	4015
SPBRG1_BRG0 	EQU 	0
SPBRG1_BRG1 	EQU 	1
SPBRG1_BRG2 	EQU 	2
SPBRG1_BRG3 	EQU 	3
SPBRG1_BRG4 	EQU 	4
SPBRG1_BRG5 	EQU 	5
SPBRG1_BRG6 	EQU 	6
SPBRG1_BRG7 	EQU 	7
SPBRGH 	EQU 	4016
SPBRGH1 	EQU 	4016
SPBRGH1_BRG10 	EQU 	2
SPBRGH1_BRG11 	EQU 	3
SPBRGH1_BRG12 	EQU 	4
SPBRGH1_BRG13 	EQU 	5
SPBRGH1_BRG14 	EQU 	6
SPBRGH1_BRG15 	EQU 	7
SPBRGH1_BRG8 	EQU 	0
SPBRGH1_BRG9 	EQU 	1
SPEN 	EQU 	7
SPLLMULT 	EQU 	7
SRCLK0 	EQU 	4
SRCLK1 	EQU 	5
SRCLK2 	EQU 	6
SRCON0 	EQU 	3928
SRCON1 	EQU 	3927
SREN 	EQU 	5
SRLEN 	EQU 	7
SRNQEN 	EQU 	2
SRPR 	EQU 	0
SRPS 	EQU 	1
SRQEN 	EQU 	3
SRRC1E 	EQU 	0
SRRC2E 	EQU 	1
SRRCKE 	EQU 	2
SRRPE 	EQU 	3
SRSC1E 	EQU 	4
SRSC2E 	EQU 	5
SRSCKE 	EQU 	6
SRSPE 	EQU 	7
SSP1ADD 	EQU 	4040
SSP1ADD0 	EQU 	0
SSP1ADD1 	EQU 	1
SSP1ADD2 	EQU 	2
SSP1ADD3 	EQU 	3
SSP1ADD4 	EQU 	4
SSP1ADD5 	EQU 	5
SSP1ADD6 	EQU 	6
SSP1ADD7 	EQU 	7
SSP1BUF 	EQU 	4041
SSP1CON1 	EQU 	4038
SSP1CON2 	EQU 	4037
SSP1CON3 	EQU 	4043
SSP1IE 	EQU 	3
SSP1IF 	EQU 	3
SSP1IP 	EQU 	3
SSP1MD 	EQU 	6
SSP1MSK 	EQU 	4042
SSP1MSK0 	EQU 	0
SSP1MSK1 	EQU 	1
SSP1MSK2 	EQU 	2
SSP1MSK3 	EQU 	3
SSP1MSK4 	EQU 	4
SSP1MSK5 	EQU 	5
SSP1MSK6 	EQU 	6
SSP1MSK7 	EQU 	7
SSP1STAT 	EQU 	4039
SSPADD 	EQU 	4040
SSPADD_SSP1ADD0 	EQU 	0
SSPADD_SSP1ADD1 	EQU 	1
SSPADD_SSP1ADD2 	EQU 	2
SSPADD_SSP1ADD3 	EQU 	3
SSPADD_SSP1ADD4 	EQU 	4
SSPADD_SSP1ADD5 	EQU 	5
SSPADD_SSP1ADD6 	EQU 	6
SSPADD_SSP1ADD7 	EQU 	7
SSPBUF 	EQU 	4041
SSPCON 	EQU 	4038
SSPCON1 	EQU 	4038
SSPCON1_CKP 	EQU 	4
SSPCON1_SSPEN 	EQU 	5
SSPCON1_SSPM0 	EQU 	0
SSPCON1_SSPM1 	EQU 	1
SSPCON1_SSPM2 	EQU 	2
SSPCON1_SSPM3 	EQU 	3
SSPCON1_SSPOV 	EQU 	6
SSPCON1_WCOL 	EQU 	7
SSPCON2 	EQU 	4037
SSPCON2_ACKDT 	EQU 	5
SSPCON2_ACKEN 	EQU 	4
SSPCON2_ACKSTAT 	EQU 	6
SSPCON2_GCEN 	EQU 	7
SSPCON2_PEN 	EQU 	2
SSPCON2_RCEN 	EQU 	3
SSPCON2_RSEN 	EQU 	1
SSPCON2_SEN 	EQU 	0
SSPCON3 	EQU 	4043
SSPCON3_ACKTIM 	EQU 	7
SSPCON3_AHEN 	EQU 	1
SSPCON3_BOEN 	EQU 	4
SSPCON3_DHEN 	EQU 	0
SSPCON3_PCIE 	EQU 	6
SSPCON3_SBCDE 	EQU 	2
SSPCON3_SCIE 	EQU 	5
SSPCON3_SDAHT 	EQU 	3
SSPCON_CKP 	EQU 	4
SSPCON_SSPEN 	EQU 	5
SSPCON_SSPM0 	EQU 	0
SSPCON_SSPM1 	EQU 	1
SSPCON_SSPM2 	EQU 	2
SSPCON_SSPM3 	EQU 	3
SSPCON_SSPOV 	EQU 	6
SSPCON_WCOL 	EQU 	7
SSPEN 	EQU 	5
SSPIE 	EQU 	3
SSPIF 	EQU 	3
SSPIP 	EQU 	3
SSPM0 	EQU 	0
SSPM1 	EQU 	1
SSPM2 	EQU 	2
SSPM3 	EQU 	3
SSPMSK 	EQU 	4042
SSPMSK_SSP1MSK0 	EQU 	0
SSPMSK_SSP1MSK1 	EQU 	1
SSPMSK_SSP1MSK2 	EQU 	2
SSPMSK_SSP1MSK3 	EQU 	3
SSPMSK_SSP1MSK4 	EQU 	4
SSPMSK_SSP1MSK5 	EQU 	5
SSPMSK_SSP1MSK6 	EQU 	6
SSPMSK_SSP1MSK7 	EQU 	7
SSPOV 	EQU 	6
SSPSTAT 	EQU 	4039
SSPSTAT_BF 	EQU 	0
SSPSTAT_CKE 	EQU 	6
SSPSTAT_D_NOT_A 	EQU 	5
SSPSTAT_P 	EQU 	4
SSPSTAT_R_NOT_W 	EQU 	2
SSPSTAT_S 	EQU 	3
SSPSTAT_SMP 	EQU 	7
SSPSTAT_UA 	EQU 	1
STALLIE 	EQU 	5
STALLIF 	EQU 	5
STATUS 	EQU 	4056
STCON 	EQU 	4021
STCON_ACTD 	EQU 	6
STCON_ACTEN 	EQU 	7
STCON_ACTLOCK 	EQU 	3
STCON_ACTOR 	EQU 	1
STCON_ACTORS 	EQU 	1
STCON_ACTSEL 	EQU 	7
STCON_ACTSRC 	EQU 	4
STCON_ACTUD 	EQU 	6
STCON_STEN 	EQU 	7
STCON_STLOCK 	EQU 	3
STCON_STOR 	EQU 	1
STCON_STSRC 	EQU 	4
STCON_STUD 	EQU 	6
STEN 	EQU 	7
STIE 	EQU 	7
STIF 	EQU 	7
STIP 	EQU 	7
STKFUL 	EQU 	7
STKOVF 	EQU 	7
STKPTR 	EQU 	4092
STKUNF 	EQU 	6
STLOCK 	EQU 	3
STMD 	EQU 	4
STOR 	EQU 	1
STR1A 	EQU 	0
STR1B 	EQU 	1
STR1C 	EQU 	2
STR1D 	EQU 	3
STR1SYNC 	EQU 	4
STRA 	EQU 	0
STRB 	EQU 	1
STRC 	EQU 	2
STRD 	EQU 	3
STRINGPOINTER 	EQU 	40
STRINGTABLE1 	EQU 	1678
STRINGTABLE13 	EQU 	1750
STRINGTABLE20 	EQU 	1752
STRINGTABLE21 	EQU 	1756
STRINGTABLE3 	EQU 	1694
STRINGTABLE4 	EQU 	1700
STRINGTABLE5 	EQU 	1702
STRINGTABLE6 	EQU 	1712
STRINGTABLE7 	EQU 	1720
STRINGTABLE8 	EQU 	1726
STRINGTABLE9 	EQU 	1734
STRSYNC 	EQU 	4
STSRC 	EQU 	4
STUD 	EQU 	6
SUSPND 	EQU 	1
SWDTE 	EQU 	0
SWDTEN 	EQU 	0
SYNC 	EQU 	4
SYSBSR 	EQU 	41
SYSBYTETEMPA 	EQU 	5
SYSBYTETEMPB 	EQU 	9
SYSBYTETEMPX 	EQU 	0
SYSCALCTEMPA 	EQU 	5
SYSCALCTEMPX 	EQU 	0
SYSCOMPLESSTHAN 	EQU 	1558
SYSCOPYSTRING 	EQU 	1568
SYSCOPYSTRINGCHECK 	EQU 	1584
SYSCOPYSTRINGPART 	EQU 	1578
SYSDIV8START 	EQU 	1612
SYSDIVLOOP 	EQU 	4
SYSDIVSUB 	EQU 	1600
SYSDOLOOP_E1 	EQU 	152
SYSDOLOOP_E2 	EQU 	744
SYSDOLOOP_E3 	EQU 	2034
SYSDOLOOP_S1 	EQU 	150
SYSDOLOOP_S2 	EQU 	736
SYSDOLOOP_S3 	EQU 	2026
SYSFORLOOP1 	EQU 	2242
SYSFORLOOP2 	EQU 	2548
SYSFORLOOP3 	EQU 	2650
SYSFORLOOP4 	EQU 	2752
SYSFORLOOP5 	EQU 	3072
SYSFORLOOP6 	EQU 	438
SYSFORLOOP7 	EQU 	370
SYSFORLOOPEND1 	EQU 	2286
SYSFORLOOPEND2 	EQU 	2592
SYSFORLOOPEND3 	EQU 	2694
SYSFORLOOPEND4 	EQU 	2796
SYSFORLOOPEND5 	EQU 	3168
SYSFORLOOPEND6 	EQU 	466
SYSFORLOOPEND7 	EQU 	382
SYSHEX_0 	EQU 	1897
SYSHEX_1 	EQU 	1898
SYSHEX_2 	EQU 	1899
SYSPRINTDATAHANDLER 	EQU 	42
SYSPRINTDATAHANDLER_H 	EQU 	43
SYSPRINTTEMP 	EQU 	44
SYSREADAD10WORD 	EQU 	19
SYSREADAD10WORD_H 	EQU 	21
SYSREADSTRING 	EQU 	1640
SYSREADSTRINGPART 	EQU 	1652
SYSREPEATLOOP1 	EQU 	584
SYSREPEATLOOPEND1 	EQU 	600
SYSREPEATTEMP1 	EQU 	45
SYSSELECT1CASE1 	EQU 	2162
SYSSELECT1CASE2 	EQU 	2180
SYSSELECT1CASE3 	EQU 	2232
SYSSELECT1CASE4 	EQU 	2306
SYSSELECT2CASE1 	EQU 	2188
SYSSELECT2CASE2 	EQU 	2208
SYSSELECT2CASE3 	EQU 	2220
SYSSELECT3CASE1 	EQU 	2346
SYSSELECT3CASE2 	EQU 	2370
SYSSELECT3CASE3 	EQU 	2402
SYSSELECT3CASE4 	EQU 	2436
SYSSELECT4CASE1 	EQU 	2500
SYSSELECT4CASE2 	EQU 	2602
SYSSELECT4CASE3 	EQU 	2704
SYSSELECT4CASE4 	EQU 	2806
SYSSELECT4CASE5 	EQU 	3192
SYSSELECT5CASE1 	EQU 	2910
SYSSELECT5CASE2 	EQU 	2932
SYSSELECT5CASE3 	EQU 	2956
SYSSELECT6CASE1 	EQU 	1300
SYSSELECT6CASE2 	EQU 	1328
SYSSELECT6CASE3 	EQU 	1340
SYSSELECT6CASE4 	EQU 	1352
SYSSELECT6CASE5 	EQU 	1378
SYSSELECT6CASE6 	EQU 	1390
SYSSELECT6CASE7 	EQU 	1402
SYSSELECT6CASE8 	EQU 	1476
SYSSELECT6CASE9 	EQU 	1504
SYSSELECT7CASE1 	EQU 	988
SYSSELECT7CASE10 	EQU 	1110
SYSSELECT7CASE11 	EQU 	1124
SYSSELECT7CASE12 	EQU 	1138
SYSSELECT7CASE13 	EQU 	1152
SYSSELECT7CASE14 	EQU 	1166
SYSSELECT7CASE15 	EQU 	1180
SYSSELECT7CASE16 	EQU 	1194
SYSSELECT7CASE17 	EQU 	1208
SYSSELECT7CASE2 	EQU 	1000
SYSSELECT7CASE3 	EQU 	1012
SYSSELECT7CASE4 	EQU 	1026
SYSSELECT7CASE5 	EQU 	1040
SYSSELECT7CASE6 	EQU 	1054
SYSSELECT7CASE7 	EQU 	1068
SYSSELECT7CASE8 	EQU 	1082
SYSSELECT7CASE9 	EQU 	1096
SYSSELECTEND1 	EQU 	2306
SYSSELECTEND2 	EQU 	2230
SYSSELECTEND3 	EQU 	2440
SYSSELECTEND4 	EQU 	3198
SYSSELECTEND5 	EQU 	2970
SYSSELECTEND6 	EQU 	1554
SYSSELECTEND7 	EQU 	1220
SYSSTATUS 	EQU 	15
SYSSTRINGA 	EQU 	7
SYSSTRINGA_H 	EQU 	8
SYSSTRINGCOPY 	EQU 	1590
SYSSTRINGLENGTH 	EQU 	6
SYSSTRINGPARAM1 	EQU 	1917
SYSSTRINGPARAM2 	EQU 	1907
SYSSTRINGREAD 	EQU 	1666
SYSSTRINGREADCHECK 	EQU 	1660
SYSSTRINGTABLES 	EQU 	1678
SYSSTRINGTEMP 	EQU 	46
SYSTEMP1 	EQU 	47
SYSTEMP1_H 	EQU 	48
SYSTEMP2 	EQU 	49
SYSUSBTEMPBUFFER_0 	EQU 	1927
SYSUSBTEMPBUFFER_1 	EQU 	1928
SYSUSBTEMPBUFFER_2 	EQU 	1929
SYSUSBTEMPBUFFER_3 	EQU 	1930
SYSUSBTEMPBUFFER_6 	EQU 	1933
SYSUSBTEMPSTRING_0 	EQU 	2005
SYSVALTEMP 	EQU 	50
SYSW 	EQU 	14
SYSWAITLOOP1 	EQU 	2080
SYSWAITLOOP2 	EQU 	642
SYSWAITLOOP3 	EQU 	608
SYSWAITLOOP4 	EQU 	616
SYSWAITLOOP5 	EQU 	1270
SYSWAITTEMP10US 	EQU 	5
SYSWAITTEMPMS 	EQU 	2
SYSWAITTEMPMS_H 	EQU 	3
T08BIT 	EQU 	6
T0CKI 	EQU 	4
T0CON 	EQU 	4053
T0CS 	EQU 	5
T0IE 	EQU 	5
T0IF 	EQU 	2
T0IP 	EQU 	2
T0PS0 	EQU 	0
T0PS1 	EQU 	1
T0PS2 	EQU 	2
T0SE 	EQU 	4
T13CKI 	EQU 	0
T1CKPS0 	EQU 	4
T1CKPS1 	EQU 	5
T1CON 	EQU 	4045
T1DONE 	EQU 	3
T1GCON 	EQU 	4044
T1GGO 	EQU 	3
T1GGO_NOT_DONE 	EQU 	3
T1GGO_NOT_T1DONE 	EQU 	3
T1GPOL 	EQU 	6
T1GSPM 	EQU 	4
T1GSS0 	EQU 	0
T1GSS1 	EQU 	1
T1GTM 	EQU 	5
T1GVAL 	EQU 	2
T1OSCEN 	EQU 	3
T1OSI 	EQU 	1
T1OSO 	EQU 	0
T1RD16 	EQU 	1
T1SOSCEN 	EQU 	3
T1SYNC 	EQU 	2
T2CKPS0 	EQU 	0
T2CKPS1 	EQU 	1
T2CON 	EQU 	4026
T2OUTPS0 	EQU 	3
T2OUTPS1 	EQU 	4
T2OUTPS2 	EQU 	5
T2OUTPS3 	EQU 	6
T3CKPS0 	EQU 	4
T3CKPS1 	EQU 	5
T3CON 	EQU 	4017
T3CON_RD16 	EQU 	1
T3CON_SOSCEN 	EQU 	3
T3DONE 	EQU 	3
T3GCON 	EQU 	4020
T3GGO 	EQU 	3
T3GGO_NOT_DONE 	EQU 	3
T3GGO_NOT_T3DONE 	EQU 	3
T3GPOL 	EQU 	6
T3GSPM 	EQU 	4
T3GSS0 	EQU 	0
T3GSS1 	EQU 	1
T3GTM 	EQU 	5
T3GVAL 	EQU 	2
T3OSCEN 	EQU 	3
T3RD16 	EQU 	1
T3SOSCEN 	EQU 	3
T3SYNC 	EQU 	2
TABLAT 	EQU 	4085
TABLEUSBCONFIGDESCRIPTOR 	EQU 	1912
TABLEUSBDEVICEDESCRIPTOR 	EQU 	1956
TABLEUSBDEVICEQUALDESCRIPTOR 	EQU 	2002
TBLPTR 	EQU 	4086
TBLPTRH 	EQU 	4087
TBLPTRL 	EQU 	4086
TBLPTRU 	EQU 	4088
TGEN 	EQU 	4
TMR0 	EQU 	4054
TMR0H 	EQU 	4055
TMR0IE 	EQU 	5
TMR0IF 	EQU 	2
TMR0IP 	EQU 	2
TMR0L 	EQU 	4054
TMR0ON 	EQU 	7
TMR1 	EQU 	4046
TMR1CS0 	EQU 	6
TMR1CS1 	EQU 	7
TMR1GE 	EQU 	7
TMR1GIE 	EQU 	0
TMR1GIF 	EQU 	0
TMR1GIP 	EQU 	0
TMR1H 	EQU 	4047
TMR1IE 	EQU 	0
TMR1IF 	EQU 	0
TMR1IP 	EQU 	0
TMR1L 	EQU 	4046
TMR1MD 	EQU 	0
TMR1ON 	EQU 	0
TMR2 	EQU 	4028
TMR2IE 	EQU 	1
TMR2IF 	EQU 	1
TMR2IP 	EQU 	1
TMR2MD 	EQU 	1
TMR2ON 	EQU 	2
TMR3 	EQU 	4018
TMR3CS0 	EQU 	6
TMR3CS1 	EQU 	7
TMR3GE 	EQU 	7
TMR3GIE 	EQU 	1
TMR3GIF 	EQU 	1
TMR3GIP 	EQU 	1
TMR3H 	EQU 	4019
TMR3IE 	EQU 	1
TMR3IF 	EQU 	1
TMR3IP 	EQU 	1
TMR3L 	EQU 	4018
TMR3MD 	EQU 	2
TMR3ON 	EQU 	0
TO 	EQU 	3
TOS 	EQU 	4093
TOSH 	EQU 	4094
TOSL 	EQU 	4093
TOSU 	EQU 	4095
TRIGEN 	EQU 	0
TRIGSEL 	EQU 	7
TRISA 	EQU 	3986
TRISA0 	EQU 	0
TRISA1 	EQU 	1
TRISA2 	EQU 	2
TRISA3 	EQU 	3
TRISA4 	EQU 	4
TRISA5 	EQU 	5
TRISA6 	EQU 	6
TRISA7 	EQU 	7
TRISA_RA0 	EQU 	0
TRISA_RA1 	EQU 	1
TRISA_RA2 	EQU 	2
TRISA_RA3 	EQU 	3
TRISA_RA4 	EQU 	4
TRISA_RA5 	EQU 	5
TRISA_RA6 	EQU 	6
TRISA_RA7 	EQU 	7
TRISA_TRISA0 	EQU 	0
TRISA_TRISA1 	EQU 	1
TRISA_TRISA2 	EQU 	2
TRISA_TRISA3 	EQU 	3
TRISA_TRISA4 	EQU 	4
TRISA_TRISA5 	EQU 	5
TRISA_TRISA6 	EQU 	6
TRISA_TRISA7 	EQU 	7
TRISB 	EQU 	3987
TRISB0 	EQU 	0
TRISB1 	EQU 	1
TRISB2 	EQU 	2
TRISB3 	EQU 	3
TRISB4 	EQU 	4
TRISB5 	EQU 	5
TRISB6 	EQU 	6
TRISB7 	EQU 	7
TRISB_RB0 	EQU 	0
TRISB_RB1 	EQU 	1
TRISB_RB2 	EQU 	2
TRISB_RB3 	EQU 	3
TRISB_RB4 	EQU 	4
TRISB_RB5 	EQU 	5
TRISB_RB6 	EQU 	6
TRISB_RB7 	EQU 	7
TRISB_TRISB0 	EQU 	0
TRISB_TRISB1 	EQU 	1
TRISB_TRISB2 	EQU 	2
TRISB_TRISB3 	EQU 	3
TRISB_TRISB4 	EQU 	4
TRISB_TRISB5 	EQU 	5
TRISB_TRISB6 	EQU 	6
TRISB_TRISB7 	EQU 	7
TRISC 	EQU 	3988
TRISC0 	EQU 	0
TRISC1 	EQU 	1
TRISC2 	EQU 	2
TRISC4 	EQU 	4
TRISC5 	EQU 	5
TRISC6 	EQU 	6
TRISC7 	EQU 	7
TRISC_RC0 	EQU 	0
TRISC_RC1 	EQU 	1
TRISC_RC2 	EQU 	2
TRISC_RC6 	EQU 	6
TRISC_RC7 	EQU 	7
TRISC_TRISC0 	EQU 	0
TRISC_TRISC1 	EQU 	1
TRISC_TRISC2 	EQU 	2
TRISC_TRISC4 	EQU 	4
TRISC_TRISC5 	EQU 	5
TRISC_TRISC6 	EQU 	6
TRISC_TRISC7 	EQU 	7
TRMT 	EQU 	1
TRNIE 	EQU 	3
TRNIF 	EQU 	3
TSEN 	EQU 	3
TSRNG 	EQU 	2
TUN0 	EQU 	0
TUN1 	EQU 	1
TUN2 	EQU 	2
TUN3 	EQU 	3
TUN4 	EQU 	4
TUN5 	EQU 	5
TUN6 	EQU 	6
TX 	EQU 	6
TX1IE 	EQU 	4
TX1IF 	EQU 	4
TX1IP 	EQU 	4
TX9 	EQU 	6
TX9D 	EQU 	0
TXCKP 	EQU 	4
TXEN 	EQU 	5
TXIE 	EQU 	4
TXIF 	EQU 	4
TXIP 	EQU 	4
TXREG 	EQU 	4013
TXREG1 	EQU 	4013
TXSTA 	EQU 	4012
TXSTA1 	EQU 	4012
TXSTA1_BRGH 	EQU 	2
TXSTA1_CSRC 	EQU 	7
TXSTA1_SENDB 	EQU 	3
TXSTA1_SYNC 	EQU 	4
TXSTA1_TRMT 	EQU 	1
TXSTA1_TX9 	EQU 	6
TXSTA1_TX9D 	EQU 	0
TXSTA1_TXEN 	EQU 	5
UA 	EQU 	1
UADDR 	EQU 	3939
UART1MD 	EQU 	6
UARTMD 	EQU 	6
UCFG 	EQU 	3938
UCON 	EQU 	3936
UEIE 	EQU 	3942
UEIR 	EQU 	3943
UEP0 	EQU 	3946
UEP0_EPCONDIS 	EQU 	3
UEP0_EPHSHK 	EQU 	4
UEP0_EPINEN 	EQU 	1
UEP0_EPOUTEN 	EQU 	2
UEP0_EPSTALL 	EQU 	0
UEP1 	EQU 	3947
UEP10 	EQU 	3956
UEP10_EPCONDIS 	EQU 	3
UEP10_EPHSHK 	EQU 	4
UEP10_EPINEN 	EQU 	1
UEP10_EPOUTEN 	EQU 	2
UEP10_EPSTALL 	EQU 	0
UEP11 	EQU 	3957
UEP11_EPCONDIS 	EQU 	3
UEP11_EPHSHK 	EQU 	4
UEP11_EPINEN 	EQU 	1
UEP11_EPOUTEN 	EQU 	2
UEP11_EPSTALL 	EQU 	0
UEP12 	EQU 	3958
UEP12_EPCONDIS 	EQU 	3
UEP12_EPHSHK 	EQU 	4
UEP12_EPINEN 	EQU 	1
UEP12_EPOUTEN 	EQU 	2
UEP12_EPSTALL 	EQU 	0
UEP13 	EQU 	3959
UEP13_EPCONDIS 	EQU 	3
UEP13_EPHSHK 	EQU 	4
UEP13_EPINEN 	EQU 	1
UEP13_EPOUTEN 	EQU 	2
UEP13_EPSTALL 	EQU 	0
UEP14 	EQU 	3960
UEP14_EPCONDIS 	EQU 	3
UEP14_EPHSHK 	EQU 	4
UEP14_EPINEN 	EQU 	1
UEP14_EPOUTEN 	EQU 	2
UEP14_EPSTALL 	EQU 	0
UEP15 	EQU 	3961
UEP15_EPCONDIS 	EQU 	3
UEP15_EPHSHK 	EQU 	4
UEP15_EPINEN 	EQU 	1
UEP15_EPOUTEN 	EQU 	2
UEP15_EPSTALL 	EQU 	0
UEP2 	EQU 	3948
UEP2_EPCONDIS 	EQU 	3
UEP2_EPHSHK 	EQU 	4
UEP2_EPINEN 	EQU 	1
UEP2_EPOUTEN 	EQU 	2
UEP2_EPSTALL 	EQU 	0
UEP3 	EQU 	3949
UEP3_EPCONDIS 	EQU 	3
UEP3_EPHSHK 	EQU 	4
UEP3_EPINEN 	EQU 	1
UEP3_EPOUTEN 	EQU 	2
UEP3_EPSTALL 	EQU 	0
UEP4 	EQU 	3950
UEP4_EPCONDIS 	EQU 	3
UEP4_EPHSHK 	EQU 	4
UEP4_EPINEN 	EQU 	1
UEP4_EPOUTEN 	EQU 	2
UEP4_EPSTALL 	EQU 	0
UEP5 	EQU 	3951
UEP5_EPCONDIS 	EQU 	3
UEP5_EPHSHK 	EQU 	4
UEP5_EPINEN 	EQU 	1
UEP5_EPOUTEN 	EQU 	2
UEP5_EPSTALL 	EQU 	0
UEP6 	EQU 	3952
UEP6_EPCONDIS 	EQU 	3
UEP6_EPHSHK 	EQU 	4
UEP6_EPINEN 	EQU 	1
UEP6_EPOUTEN 	EQU 	2
UEP6_EPSTALL 	EQU 	0
UEP7 	EQU 	3953
UEP7_EPCONDIS 	EQU 	3
UEP7_EPHSHK 	EQU 	4
UEP7_EPINEN 	EQU 	1
UEP7_EPOUTEN 	EQU 	2
UEP7_EPSTALL 	EQU 	0
UEP8 	EQU 	3954
UEP8_EPCONDIS 	EQU 	3
UEP8_EPHSHK 	EQU 	4
UEP8_EPINEN 	EQU 	1
UEP8_EPOUTEN 	EQU 	2
UEP8_EPSTALL 	EQU 	0
UEP9 	EQU 	3955
UEP9_EPCONDIS 	EQU 	3
UEP9_EPHSHK 	EQU 	4
UEP9_EPINEN 	EQU 	1
UEP9_EPOUTEN 	EQU 	2
UEP9_EPSTALL 	EQU 	0
UERRIE 	EQU 	1
UERRIF 	EQU 	1
UFRM 	EQU 	3944
UFRMH 	EQU 	3945
UFRML 	EQU 	3944
UIE 	EQU 	3940
UIR 	EQU 	3941
UOEMON 	EQU 	6
UPUEN 	EQU 	4
URSTIE 	EQU 	0
URSTIF 	EQU 	0
USBBMREQUESTTYPE 	EQU 	51
USBBUFFERSTAT 	EQU 	52
USBBUFFERWRITE14 	EQU 	1776
USBBUFFERWRITE15 	EQU 	1808
USBCONFIGDESCRIPTOR 	EQU 	1886
USBCURRBYTE 	EQU 	53
USBCURRCONFIGURATION 	EQU 	54
USBCURRENDPOINT 	EQU 	55
USBDESCINDEX 	EQU 	56
USBDESCSIZEIN 	EQU 	57
USBDESCSTART 	EQU 	58
USBDESCTYPE 	EQU 	59
USBDEVICEDESCRIPTOR 	EQU 	1930
USBDEVICEQUALDESCRIPTOR 	EQU 	1976
USBEN 	EQU 	3
USBHASDATA 	EQU 	60
USBIE 	EQU 	2
USBIF 	EQU 	2
USBINTERRUPTHANDLER 	EQU 	2012
USBIP 	EQU 	2
USBLASTCONTROL 	EQU 	61
USBMD 	EQU 	5
USBNEWADDRESS 	EQU 	62
USBPID 	EQU 	63
USBPROCESSSETUP 	EQU 	2326
USBRAM 	EQU 	1024
USBREQUEST 	EQU 	1928
USBSENDDATA1ACK 	EQU 	2484
USBSENDDESCRIPTOR 	EQU 	2496
USBSIZE 	EQU 	64
USBSTATE 	EQU 	65
USBTEMPBUFFER 	EQU 	1927
USBTEMPBYTE 	EQU 	66
USBTEMPSTRING 	EQU 	2005
USB_CNT_POINTER 	EQU 	67
USB_IN0_ADDR 	EQU 	1030
USB_IN0_ADDR_H 	EQU 	1031
USB_IN0_CNT 	EQU 	1029
USB_IN0_STAT 	EQU 	1028
USB_OUT0_ADDR 	EQU 	1026
USB_OUT0_ADDR_H 	EQU 	1027
USB_OUT0_CNT 	EQU 	1025
USB_OUT0_STAT 	EQU 	1024
USTAT 	EQU 	3937
UTEYE 	EQU 	7
UTRDIS 	EQU 	3
VDIRMAG 	EQU 	7
VERSIONSTRING 	EQU 	1964
VREFCON0 	EQU 	3965
VREFCON1 	EQU 	3964
VREFCON2 	EQU 	3963
VREFM 	EQU 	2
VREFP 	EQU 	3
VREGCON 	EQU 	3930
W 	EQU 	0
WCOL 	EQU 	7
WDTCON 	EQU 	4049
WPUB 	EQU 	3973
WPUB0 	EQU 	0
WPUB1 	EQU 	1
WPUB2 	EQU 	2
WPUB3 	EQU 	3
WPUB4 	EQU 	4
WPUB5 	EQU 	5
WPUB6 	EQU 	6
WPUB7 	EQU 	7
WR 	EQU 	1
WREG 	EQU 	4072
WREN 	EQU 	2
WRERR 	EQU 	3
WUE 	EQU 	1
Z 	EQU 	2
_USBINVALUE 	EQU 	68
_USBINVALUE_H 	EQU 	69

Code:
Loc	Obj Code	Original Assembly











































































































000000	EF06 F000	GOTO BASPROGRAMSTART

000008	D18A	BRA INTERRUPT



		BASPROGRAMSTART
00000C	D935	RCALL INITSYS
00000E	D94B	RCALL INITUSART
000010	D956	RCALL INITUSB
000012	8EF2	BSF INTCON,GIE,ACCESS
000014	8CF2	BSF INTCON,PEIE,ACCESS

000016	D88D	RCALL FN_GCBBUILDSTR
000018	EE17 F0AC	LFSR 1,VERSIONSTRING
00001C	6A06	CLRF SYSSTRINGLENGTH,ACCESS
00001E	0E9E	MOVLW LOW STRINGTABLE3
000020	6EF6	MOVWF TBLPTRL,ACCESS
000022	0E06	MOVLW HIGH STRINGTABLE3
000024	6EF7	MOVWF TBLPTRH,ACCESS
000026	DB26	RCALL SYSREADSTRINGPART
000028	EE07 F06D	LFSR 0,GCBBUILDSTR
00002C	DAFE	RCALL SYSCOPYSTRINGPART
00002E	EE07 F0AC	LFSR 0,VERSIONSTRING
000032	C006 FFEF	MOVFF SYSSTRINGLENGTH, INDF0
000036	D884	RCALL FN_GCBBUILDTIMESTR
000038	EE17 F0AC	LFSR 1,VERSIONSTRING
00003C	6A06	CLRF SYSSTRINGLENGTH,ACCESS
00003E	EE07 F0AC	LFSR 0,VERSIONSTRING
000042	DAF3	RCALL SYSCOPYSTRINGPART
000044	0EA4	MOVLW LOW STRINGTABLE4
000046	6EF6	MOVWF TBLPTRL,ACCESS
000048	0E06	MOVLW HIGH STRINGTABLE4
00004A	6EF7	MOVWF TBLPTRH,ACCESS
00004C	DB13	RCALL SYSREADSTRINGPART
00004E	EE07 F098	LFSR 0,GCBBUILDTIMESTR
000052	DAEB	RCALL SYSCOPYSTRINGPART
000054	EE07 F0AC	LFSR 0,VERSIONSTRING
000058	C006 FFEF	MOVFF SYSSTRINGLENGTH, INDF0
00005C	EE17 F07D	LFSR 1,SYSSTRINGPARAM1
000060	0EA6	MOVLW LOW STRINGTABLE5
000062	6EF6	MOVWF TBLPTRL,ACCESS
000064	0E06	MOVLW HIGH STRINGTABLE5
000066	6EF7	MOVWF TBLPTRH,ACCESS
000068	DAFF	RCALL SYSREADSTRING
00006A	0E7D	MOVLW LOW SYSSTRINGPARAM1
00006C	6F2A	MOVWF SYSPRINTDATAHANDLER,BANKED
00006E	0E07	MOVLW HIGH SYSSTRINGPARAM1
000070	6F2B	MOVWF SYSPRINTDATAHANDLER_H,BANKED
000072	0E01	MOVLW 1
000074	6F0B	MOVWF COMPORT,BANKED
000076	D891	RCALL HSERPRINT273
000078	0EAC	MOVLW LOW VERSIONSTRING
00007A	6F2A	MOVWF SYSPRINTDATAHANDLER,BANKED
00007C	0E07	MOVLW HIGH VERSIONSTRING
00007E	6F2B	MOVWF SYSPRINTDATAHANDLER_H,BANKED
000080	0E01	MOVLW 1
000082	6F0B	MOVWF COMPORT,BANKED
000084	D88A	RCALL HSERPRINT273
000086	0E01	MOVLW 1
000088	6F0C	MOVWF HSERPRINTCRLFCOUNT,BANKED
00008A	0E01	MOVLW 1
00008C	6F0B	MOVWF COMPORT,BANKED
00008E	D8D7	RCALL HSERPRINTCRLF
000090	9893	BCF TRISB,4,ACCESS
000092	9A93	BCF TRISB,5,ACCESS
000094	9E94	BCF TRISC,7,ACCESS
		SYSDOLOOP_S1
000096	D7FF	BRA SYSDOLOOP_S1
		SYSDOLOOP_E1
000098	D000	BRA BASPROGRAMEND
		BASPROGRAMEND
00009A	0003	SLEEP
00009C	D7FE	BRA BASPROGRAMEND


		DESCRIPTORHANDLER_CALLBACK
00009E	EE17 F073	LFSR 1,SYSSTRINGPARAM2
0000A2	0EBE	MOVLW LOW STRINGTABLE8
0000A4	6EF6	MOVWF TBLPTRL,ACCESS
0000A6	0E06	MOVLW HIGH STRINGTABLE8
0000A8	6EF7	MOVWF TBLPTRH,ACCESS
0000AA	DADE	RCALL SYSREADSTRING
0000AC	0E73	MOVLW LOW SYSSTRINGPARAM2
0000AE	6F2A	MOVWF SYSPRINTDATAHANDLER,BANKED
0000B0	0E07	MOVLW HIGH SYSSTRINGPARAM2
0000B2	6F2B	MOVWF SYSPRINTDATAHANDLER_H,BANKED
0000B4	0E01	MOVLW 1
0000B6	6F0B	MOVWF COMPORT,BANKED
0000B8	D870	RCALL HSERPRINT273
0000BA	C03B F027	MOVFF USBDESCTYPE,SERPRINTVAL
0000BE	0E01	MOVLW 1
0000C0	6F0B	MOVWF COMPORT,BANKED
0000C2	D888	RCALL HSERPRINT274
0000C4	0E01	MOVLW 1
0000C6	6F0C	MOVWF HSERPRINTCRLFCOUNT,BANKED
0000C8	0E01	MOVLW 1
0000CA	6F0B	MOVWF COMPORT,BANKED
0000CC	D0B8	BRA HSERPRINTCRLF


		DELAY_10US
		D10US_START
0000CE	0E27	MOVLW 39
0000D0	6E00	MOVWF DELAYTEMP,ACCESS
		DELAYUS0
0000D2	2E00	DECFSZ DELAYTEMP,F,ACCESS
0000D4	D7FE	BRA DELAYUS0
0000D6	2E05	DECFSZ SYSWAITTEMP10US, F,ACCESS
0000D8	D7FA	BRA D10US_START
0000DA	0012	RETURN


		DELAY_MS
0000DC	2A03	INCF SYSWAITTEMPMS_H, F,ACCESS
		DMS_START
0000DE	0EB3	MOVLW 179
0000E0	6E01	MOVWF DELAYTEMP2,ACCESS
		DMS_OUTER
0000E2	0E15	MOVLW 21
0000E4	6E00	MOVWF DELAYTEMP,ACCESS
		DMS_INNER
0000E6	2E00	DECFSZ DELAYTEMP, F,ACCESS
0000E8	D7FE	BRA DMS_INNER
0000EA	2E01	DECFSZ DELAYTEMP2, F,ACCESS
0000EC	D7FA	BRA DMS_OUTER
0000EE	2E02	DECFSZ SYSWAITTEMPMS, F,ACCESS
0000F0	D7F6	BRA DMS_START
0000F2	2E03	DECFSZ SYSWAITTEMPMS_H, F,ACCESS
0000F4	D7F4	BRA DMS_START
0000F6	0012	RETURN


		ERRORHANDLER_CALLBACK
0000F8	EE17 F073	LFSR 1,SYSSTRINGPARAM2
0000FC	0EB0	MOVLW LOW STRINGTABLE6
0000FE	6EF6	MOVWF TBLPTRL,ACCESS
000100	0E06	MOVLW HIGH STRINGTABLE6
000102	6EF7	MOVWF TBLPTRH,ACCESS
000104	DAB1	RCALL SYSREADSTRING
000106	0E73	MOVLW LOW SYSSTRINGPARAM2
000108	6F2A	MOVWF SYSPRINTDATAHANDLER,BANKED
00010A	0E07	MOVLW HIGH SYSSTRINGPARAM2
00010C	6F2B	MOVWF SYSPRINTDATAHANDLER_H,BANKED
00010E	0E01	MOVLW 1
000110	6F0B	MOVWF COMPORT,BANKED
000112	D843	RCALL HSERPRINT273
000114	CF67 F032	MOVFF UEIR,SYSVALTEMP
000118	D81A	RCALL FN_HEX
00011A	0E69	MOVLW LOW HEX
00011C	6F2A	MOVWF SYSPRINTDATAHANDLER,BANKED
00011E	0E07	MOVLW HIGH HEX
000120	6F2B	MOVWF SYSPRINTDATAHANDLER_H,BANKED
000122	0E01	MOVLW 1
000124	6F0B	MOVWF COMPORT,BANKED
000126	D839	RCALL HSERPRINT273
000128	0E01	MOVLW 1
00012A	6F0C	MOVWF HSERPRINTCRLFCOUNT,BANKED
00012C	0E01	MOVLW 1
00012E	6F0B	MOVWF COMPORT,BANKED
000130	D086	BRA HSERPRINTCRLF


		FN_GCBBUILDSTR
000132	EE17 F06D	LFSR 1,GCBBUILDSTR
000136	0ED8	MOVLW LOW STRINGTABLE20
000138	6EF6	MOVWF TBLPTRL,ACCESS
00013A	0E06	MOVLW HIGH STRINGTABLE20
00013C	6EF7	MOVWF TBLPTRH,ACCESS
00013E	D294	BRA SYSREADSTRING


		FN_GCBBUILDTIMESTR
000140	EE17 F098	LFSR 1,GCBBUILDTIMESTR
000144	0EDC	MOVLW LOW STRINGTABLE21
000146	6EF6	MOVWF TBLPTRL,ACCESS
000148	0E06	MOVLW HIGH STRINGTABLE21
00014A	6EF7	MOVWF TBLPTRH,ACCESS
00014C	D28D	BRA SYSREADSTRING


		FN_HEX
00014E	0E02	MOVLW 2
000000	0107	BANKSEL SYSHEX_0
000152	6F69	MOVWF SYSHEX_0,BANKED
000154	0E0F	MOVLW 15
000000	0100	BANKSEL SYSVALTEMP
000158	1532	ANDWF SYSVALTEMP,W,BANKED
00015A	6F2E	MOVWF SYSSTRINGTEMP,BANKED
00015C	0809	SUBLW 9
00015E	B0D8	BTFSC STATUS, C,ACCESS
000160	D002	BRA ENDIF48
000162	0E07	MOVLW 7
000164	272E	ADDWF SYSSTRINGTEMP,F,BANKED
		ENDIF48
000166	0E30	MOVLW 48
000168	252E	ADDWF SYSSTRINGTEMP,W,BANKED
000000	0107	BANKSEL SYSHEX_2
00016C	6F6B	MOVWF SYSHEX_2,BANKED
000000	0100	BANKSEL SYSSTRINGTEMP
000170	6B2E	CLRF SYSSTRINGTEMP,BANKED
		SYSFORLOOP7
000172	2B2E	INCF SYSSTRINGTEMP,F,BANKED
000174	3332	RRCF SYSVALTEMP,F,BANKED
000176	0E04	MOVLW 4
000178	5D2E	SUBWF SYSSTRINGTEMP,W,BANKED
00017A	A0D8	BTFSS STATUS, C,ACCESS
00017C	D7FA	BRA SYSFORLOOP7
		ENDIF49
		SYSFORLOOPEND7
00017E	0E0F	MOVLW 15
000180	1532	ANDWF SYSVALTEMP,W,BANKED
000182	6F2E	MOVWF SYSSTRINGTEMP,BANKED
000184	0809	SUBLW 9
000186	B0D8	BTFSC STATUS, C,ACCESS
000188	D002	BRA ENDIF50
00018A	0E07	MOVLW 7
00018C	272E	ADDWF SYSSTRINGTEMP,F,BANKED
		ENDIF50
00018E	0E30	MOVLW 48
000190	252E	ADDWF SYSSTRINGTEMP,W,BANKED
000000	0107	BANKSEL SYSHEX_1
000194	6F6A	MOVWF SYSHEX_1,BANKED
000000	0100	BANKSEL 0
000198	0012	RETURN


		HSERPRINT273
00019A	C02A FFE9	MOVFF SYSPRINTDATAHANDLER,AFSR0
00019E	C02B FFEA	MOVFF SYSPRINTDATAHANDLER_H,AFSR0_H
0001A2	CFEF F012	MOVFF INDF0,PRINTLEN
0001A6	5312	MOVF PRINTLEN,F,BANKED
0001A8	B4D8	BTFSC STATUS, Z,ACCESS
0001AA	D013	BRA ENDIF34
0001AC	6B2C	CLRF SYSPRINTTEMP,BANKED
0001AE	0E01	MOVLW 1
0001B0	5D12	SUBWF PRINTLEN,W,BANKED
0001B2	A0D8	BTFSS STATUS, C,ACCESS
0001B4	D00E	BRA SYSFORLOOPEND6
		ENDIF35
		SYSFORLOOP6
0001B6	2B2C	INCF SYSPRINTTEMP,F,BANKED
0001B8	512C	MOVF SYSPRINTTEMP,W,BANKED
0001BA	252A	ADDWF SYSPRINTDATAHANDLER,W,BANKED
0001BC	6EE9	MOVWF AFSR0,ACCESS
0001BE	0E00	MOVLW 0
0001C0	212B	ADDWFC SYSPRINTDATAHANDLER_H,W,BANKED
0001C2	6EEA	MOVWF AFSR0_H,ACCESS
0001C4	CFEF F026	MOVFF INDF0,SERDATA
0001C8	D848	RCALL HSERSEND
0001CA	5112	MOVF PRINTLEN,W,BANKED
0001CC	5D2C	SUBWF SYSPRINTTEMP,W,BANKED
0001CE	A0D8	BTFSS STATUS, C,ACCESS
0001D0	D7F2	BRA SYSFORLOOP6
		ENDIF36
		SYSFORLOOPEND6
		ENDIF34
0001D2	0012	RETURN


		HSERPRINT274
0001D4	6B10	CLRF OUTVALUETEMP,BANKED
0001D6	0E64	MOVLW 100
0001D8	5D27	SUBWF SERPRINTVAL,W,BANKED
0001DA	A0D8	BTFSS STATUS, C,ACCESS
0001DC	D00D	BRA ENDIF51
0001DE	C027 F005	MOVFF SERPRINTVAL,SYSBYTETEMPA
0001E2	0E64	MOVLW 100
0001E4	6E09	MOVWF SYSBYTETEMPB,ACCESS
0001E6	DA2C	RCALL SYSDIVSUB
0001E8	C005 F010	MOVFF SYSBYTETEMPA,OUTVALUETEMP
0001EC	C000 F027	MOVFF SYSCALCTEMPX,SERPRINTVAL
0001F0	0E30	MOVLW 48
0001F2	2510	ADDWF OUTVALUETEMP,W,BANKED
0001F4	6F26	MOVWF SERDATA,BANKED
0001F6	D831	RCALL HSERSEND
		ENDIF51
0001F8	C010 F009	MOVFF OUTVALUETEMP,SYSBYTETEMPB
0001FC	6A05	CLRF SYSBYTETEMPA,ACCESS
0001FE	DA0B	RCALL SYSCOMPLESSTHAN
000200	C000 F031	MOVFF SYSBYTETEMPX,SYSTEMP2
000204	C027 F005	MOVFF SERPRINTVAL,SYSBYTETEMPA
000208	0E0A	MOVLW 10
00020A	6E09	MOVWF SYSBYTETEMPB,ACCESS
00020C	DA04	RCALL SYSCOMPLESSTHAN
00020E	1E00	COMF SYSBYTETEMPX,F,ACCESS
000210	5131	MOVF SYSTEMP2,W,BANKED
000212	1000	IORWF SYSBYTETEMPX,W,ACCESS
000214	6F2F	MOVWF SYSTEMP1,BANKED
000216	A12F	BTFSS SYSTEMP1,0,BANKED
000218	D00D	BRA ENDIF52
00021A	C027 F005	MOVFF SERPRINTVAL,SYSBYTETEMPA
00021E	0E0A	MOVLW 10
000220	6E09	MOVWF SYSBYTETEMPB,ACCESS
000222	DA0E	RCALL SYSDIVSUB
000224	C005 F010	MOVFF SYSBYTETEMPA,OUTVALUETEMP
000228	C000 F027	MOVFF SYSCALCTEMPX,SERPRINTVAL
00022C	0E30	MOVLW 48
00022E	2510	ADDWF OUTVALUETEMP,W,BANKED
000230	6F26	MOVWF SERDATA,BANKED
000232	D813	RCALL HSERSEND
		ENDIF52
000234	0E30	MOVLW 48
000236	2527	ADDWF SERPRINTVAL,W,BANKED
000238	6F26	MOVWF SERDATA,BANKED
00023A	D80F	RCALL HSERSEND
00023C	0012	RETURN


		HSERPRINTCRLF
00023E	C00C F02D	MOVFF HSERPRINTCRLFCOUNT,SYSREPEATTEMP1
000242	532D	MOVF SYSREPEATTEMP1,F,BANKED
000244	B4D8	BTFSC STATUS, Z,ACCESS
000246	D008	BRA SYSREPEATLOOPEND1
		SYSREPEATLOOP1
000248	0E0D	MOVLW 13
00024A	6F26	MOVWF SERDATA,BANKED
00024C	D806	RCALL HSERSEND
00024E	0E0A	MOVLW 10
000250	6F26	MOVWF SERDATA,BANKED
000252	D803	RCALL HSERSEND
000254	2F2D	DECFSZ SYSREPEATTEMP1,F,BANKED
000256	D7F8	BRA SYSREPEATLOOP1
		SYSREPEATLOOPEND1
000258	0012	RETURN


		HSERSEND
00025A	050B	DECF COMPORT,W,BANKED
00025C	A4D8	BTFSS STATUS, Z,ACCESS
00025E	D00B	BRA ENDIF33
		SYSWAITLOOP3
000260	A89E	BTFSS PIR1,TXIF,ACCESS
000262	D7FE	BRA SYSWAITLOOP3
000264	C026 FFAD	MOVFF SERDATA,TXREG
		SYSWAITLOOP4
000268	A2AC	BTFSS TXSTA,TRMT,ACCESS
00026A	D7FE	BRA SYSWAITLOOP4
00026C	0E01	MOVLW 1
00026E	6E02	MOVWF SYSWAITTEMPMS,ACCESS
000270	6A03	CLRF SYSWAITTEMPMS_H,ACCESS
000272	DF34	RCALL DELAY_MS
000274	0012	RETURN
		ENDIF33
000276	0012	RETURN


		INITSYS
000278	8CD3	BSF OSCCON,IRCF2,ACCESS
00027A	8AD3	BSF OSCCON,IRCF1,ACCESS
00027C	88D3	BSF OSCCON,IRCF0,ACCESS
00027E	8E9B	BSF OSCTUNE,SPLLMULT,ACCESS
000280	88D2	BSF OSCCON2,PLLEN,ACCESS
		SYSWAITLOOP2
000282	AED2	BTFSS OSCCON2,PLLRDY,ACCESS
000284	D7FE	BRA SYSWAITLOOP2
000286	6AE0	CLRF BSR,ACCESS
000288	6AF8	CLRF TBLPTRU,ACCESS
00028A	9EC0	BCF ADCON2,ADFM,ACCESS
00028C	90C2	BCF ADCON0,ADON,ACCESS
000000	010F	BANKSEL ANSELA
000290	6B5B	CLRF ANSELA,BANKED
000292	6B5C	CLRF ANSELB,BANKED
000294	6B5D	CLRF ANSELC,BANKED
000296	9E99	BCF CM2CON0,C2ON,ACCESS
000298	9E98	BCF CM1CON0,C1ON,ACCESS
00029A	6A80	CLRF PORTA,ACCESS
00029C	6A81	CLRF PORTB,ACCESS
00029E	6A82	CLRF PORTC,ACCESS
0002A0	6A84	CLRF PORTE,ACCESS
000000	0100	BANKSEL 0
0002A4	0012	RETURN


		INITUSART
0002A6	0E01	MOVLW 1
0002A8	6F0B	MOVWF COMPORT,BANKED
0002AA	0E67	MOVLW 103
0002AC	6EAF	MOVWF SPBRG,ACCESS
0002AE	6AB0	CLRF SPBRGH,ACCESS
0002B0	86B8	BSF BAUDCON,BRG16,ACCESS
0002B2	84AC	BSF TXSTA,BRGH,ACCESS
0002B4	98AC	BCF TXSTA,SYNC,ACCESS
0002B6	8EAB	BSF RCSTA,SPEN,ACCESS
0002B8	88AB	BSF RCSTA,CREN,ACCESS
0002BA	8AAC	BSF TXSTA,TXEN,ACCESS
0002BC	0012	RETURN


		INITUSB
0002BE	0E02	MOVLW 2
0002C0	6E02	MOVWF SYSWAITTEMPMS,ACCESS
0002C2	6A03	CLRF SYSWAITTEMPMS_H,ACCESS
0002C4	DF0B	RCALL DELAY_MS
0002C6	0E7F	MOVLW 127
0002C8	6E64	MOVWF UIE,ACCESS
0002CA	0E9F	MOVLW 159
0002CC	6E66	MOVWF UEIE,ACCESS
0002CE	84A3	BSF PIE3,USBIE,ACCESS
0002D0	8462	BSF UCFG,FSEN,ACCESS
0002D2	9662	BCF UCFG,UTRDIS,ACCESS
0002D4	8862	BSF UCFG,UPUEN,ACCESS
0002D6	0E08	MOVLW 8
000000	0104	BANKSEL USB_OUT0_STAT
0002DA	6F00	MOVWF USB_OUT0_STAT,BANKED
0002DC	0E08	MOVLW 8
0002DE	6F04	MOVWF USB_IN0_STAT,BANKED
		SYSDOLOOP_S2
0002E0	A665	BTFSS UIR,TRNIF,ACCESS
0002E2	D002	BRA SYSDOLOOP_E2
0002E4	9665	BCF UIR,TRNIF,ACCESS
0002E6	D7FC	BRA SYSDOLOOP_S2
		SYSDOLOOP_E2
0002E8	6A6A	CLRF UEP0,ACCESS
0002EA	0E40	MOVLW 64
0002EC	6F06	MOVWF USB_IN0_ADDR,BANKED
0002EE	0E04	MOVLW 4
0002F0	6F07	MOVWF USB_IN0_ADDR_H,BANKED
0002F2	0EC0	MOVLW 192
0002F4	6F02	MOVWF USB_OUT0_ADDR,BANKED
0002F6	0E04	MOVLW 4
0002F8	6F03	MOVWF USB_OUT0_ADDR_H,BANKED
0002FA	6B05	CLRF USB_IN0_CNT,BANKED
0002FC	0E80	MOVLW 128
0002FE	6F01	MOVWF USB_OUT0_CNT,BANKED
000300	0E08	MOVLW 8
000302	6F04	MOVWF USB_IN0_STAT,BANKED
000304	0E88	MOVLW 136
000306	6F00	MOVWF USB_OUT0_STAT,BANKED
000308	9860	BCF UCON,PKTDIS,ACCESS
00030A	0E16	MOVLW 22
00030C	6E6A	MOVWF UEP0,ACCESS
00030E	6A65	CLRF UIR,ACCESS
000310	6A67	CLRF UEIR,ACCESS
000312	6A63	CLRF UADDR,ACCESS
000000	0100	BANKSEL USBSTATE
000316	6B41	CLRF USBSTATE,BANKED
000318	6B36	CLRF USBCURRCONFIGURATION,BANKED
00031A	8660	BSF UCON,USBEN,ACCESS
00031C	0012	RETURN


		INTERRUPT
00031E	CFE8 F00E	MOVFF WREG,SYSW
000322	CFD8 F00F	MOVFF STATUS,SYSSTATUS
000326	CFE0 F029	MOVFF BSR,SYSBSR
00032A	C02F F021	MOVFF SYSTEMP1,SAVESYSTEMP1
00032E	C005 F01B	MOVFF SYSBYTETEMPA,SAVESYSBYTETEMPA
000332	C009 F01C	MOVFF SYSBYTETEMPB,SAVESYSBYTETEMPB
000336	CFE9 F018	MOVFF FSR0L,SAVEFSR0L
00033A	CFEA F017	MOVFF FSR0H,SAVEFSR0H
00033E	C000 F01D	MOVFF SYSBYTETEMPX,SAVESYSBYTETEMPX
000342	C004 F01E	MOVFF SYSDIVLOOP,SAVESYSDIVLOOP
000346	C031 F023	MOVFF SYSTEMP2,SAVESYSTEMP2
00034A	CFE1 F01A	MOVFF FSR1L,SAVEFSR1L
00034E	CFE2 F019	MOVFF FSR1H,SAVEFSR1H
000352	C006 F020	MOVFF SYSSTRINGLENGTH,SAVESYSSTRINGLENGTH
000356	C002 F024	MOVFF SYSWAITTEMPMS,SAVESYSWAITTEMPMS
00035A	C003 F025	MOVFF SYSWAITTEMPMS_H,SAVESYSWAITTEMPMS_H
00035E	C001 F016	MOVFF DELAYTEMP2,SAVEDELAYTEMP2
000362	C030 F022	MOVFF SYSTEMP1_H,SAVESYSTEMP1_H
000366	C007 F01F	MOVFF SYSSTRINGA,SAVESYSSTRINGA
00036A	A4A3	BTFSS PIE3,USBIE,ACCESS
00036C	D005	BRA NOTUSBIF
00036E	A4A4	BTFSS PIR3,USBIF,ACCESS
000370	D003	BRA NOTUSBIF
000372	DA34	RCALL USBINTERRUPTHANDLER
000374	94A4	BCF PIR3,USBIF,ACCESS
000376	D000	BRA INTERRUPTDONE
		NOTUSBIF
		INTERRUPTDONE
000378	C021 F02F	MOVFF SAVESYSTEMP1,SYSTEMP1
00037C	C01B F005	MOVFF SAVESYSBYTETEMPA,SYSBYTETEMPA
000380	C01C F009	MOVFF SAVESYSBYTETEMPB,SYSBYTETEMPB
000384	C018 FFE9	MOVFF SAVEFSR0L,FSR0L
000388	C017 FFEA	MOVFF SAVEFSR0H,FSR0H
00038C	C01D F000	MOVFF SAVESYSBYTETEMPX,SYSBYTETEMPX
000390	C01E F004	MOVFF SAVESYSDIVLOOP,SYSDIVLOOP
000394	C023 F031	MOVFF SAVESYSTEMP2,SYSTEMP2
000398	C01A FFE1	MOVFF SAVEFSR1L,FSR1L
00039C	C019 FFE2	MOVFF SAVEFSR1H,FSR1H
0003A0	C020 F006	MOVFF SAVESYSSTRINGLENGTH,SYSSTRINGLENGTH
0003A4	C024 F002	MOVFF SAVESYSWAITTEMPMS,SYSWAITTEMPMS
0003A8	C025 F003	MOVFF SAVESYSWAITTEMPMS_H,SYSWAITTEMPMS_H
0003AC	C016 F001	MOVFF SAVEDELAYTEMP2,DELAYTEMP2
0003B0	C022 F030	MOVFF SAVESYSTEMP1_H,SYSTEMP1_H
0003B4	C01F F007	MOVFF SAVESYSSTRINGA,SYSSTRINGA
0003B8	C00E FFE8	MOVFF SYSW,WREG
0003BC	C00F FFD8	MOVFF SYSSTATUS,STATUS
0003C0	C029 FFE0	MOVFF SYSBSR,BSR
0003C4	0010	RETFIE 0


		FN_PEEK
0003C6	CFEA FFEA	MOVFF MEMADR_H,FSR0H
0003CA	CFE9 FFE9	MOVFF MEMADR,FSR0L
0003CE	CFEF F011	MOVFF INDF0,PEEK
0003D2	0012	RETURN


		POKE
0003D4	C00D FFEF	MOVFF MEMDATA,INDF0
0003D8	0012	RETURN


		FN_READAD1022
0003DA	8EC0	BSF ADCON2,ADFM,ACCESS
		SYSSELECT7CASE1
0003DC	530A	MOVF ADREADPORT,F,BANKED
0003DE	A4D8	BTFSS STATUS, Z,ACCESS
0003E0	D003	BRA SYSSELECT7CASE2
000000	010F	BANKSEL ANSELA
0003E4	815B	BSF ANSELA,0,BANKED
0003E6	D06E	BRA SYSSELECTEND7
		SYSSELECT7CASE2
0003E8	050A	DECF ADREADPORT,W,BANKED
0003EA	A4D8	BTFSS STATUS, Z,ACCESS
0003EC	D003	BRA SYSSELECT7CASE3
000000	010F	BANKSEL ANSELA
0003F0	835B	BSF ANSELA,1,BANKED
0003F2	D068	BRA SYSSELECTEND7
		SYSSELECT7CASE3
0003F4	0E02	MOVLW 2
0003F6	5D0A	SUBWF ADREADPORT,W,BANKED
0003F8	A4D8	BTFSS STATUS, Z,ACCESS
0003FA	D003	BRA SYSSELECT7CASE4
000000	010F	BANKSEL ANSELA
0003FE	855B	BSF ANSELA,2,BANKED
000400	D061	BRA SYSSELECTEND7
		SYSSELECT7CASE4
000402	0E03	MOVLW 3
000404	5D0A	SUBWF ADREADPORT,W,BANKED
000406	A4D8	BTFSS STATUS, Z,ACCESS
000408	D003	BRA SYSSELECT7CASE5
000000	010F	BANKSEL ANSELA
00040C	875B	BSF ANSELA,3,BANKED
00040E	D05A	BRA SYSSELECTEND7
		SYSSELECT7CASE5
000410	0E04	MOVLW 4
000412	5D0A	SUBWF ADREADPORT,W,BANKED
000414	A4D8	BTFSS STATUS, Z,ACCESS
000416	D003	BRA SYSSELECT7CASE6
000000	010F	BANKSEL ANSELA
00041A	8B5B	BSF ANSELA,5,BANKED
00041C	D053	BRA SYSSELECTEND7
		SYSSELECT7CASE6
00041E	0E0C	MOVLW 12
000420	5D0A	SUBWF ADREADPORT,W,BANKED
000422	A4D8	BTFSS STATUS, Z,ACCESS
000424	D003	BRA SYSSELECT7CASE7
000000	010F	BANKSEL ANSELB
000428	815C	BSF ANSELB,0,BANKED
00042A	D04C	BRA SYSSELECTEND7
		SYSSELECT7CASE7
00042C	0E0A	MOVLW 10
00042E	5D0A	SUBWF ADREADPORT,W,BANKED
000430	A4D8	BTFSS STATUS, Z,ACCESS
000432	D003	BRA SYSSELECT7CASE8
000000	010F	BANKSEL ANSELB
000436	835C	BSF ANSELB,1,BANKED
000438	D045	BRA SYSSELECTEND7
		SYSSELECT7CASE8
00043A	0E08	MOVLW 8
00043C	5D0A	SUBWF ADREADPORT,W,BANKED
00043E	A4D8	BTFSS STATUS, Z,ACCESS
000440	D003	BRA SYSSELECT7CASE9
000000	010F	BANKSEL ANSELB
000444	855C	BSF ANSELB,2,BANKED
000446	D03E	BRA SYSSELECTEND7
		SYSSELECT7CASE9
000448	0E09	MOVLW 9
00044A	5D0A	SUBWF ADREADPORT,W,BANKED
00044C	A4D8	BTFSS STATUS, Z,ACCESS
00044E	D003	BRA SYSSELECT7CASE10
000000	010F	BANKSEL ANSELB
000452	875C	BSF ANSELB,3,BANKED
000454	D037	BRA SYSSELECTEND7
		SYSSELECT7CASE10
000456	0E0B	MOVLW 11
000458	5D0A	SUBWF ADREADPORT,W,BANKED
00045A	A4D8	BTFSS STATUS, Z,ACCESS
00045C	D003	BRA SYSSELECT7CASE11
000000	010F	BANKSEL ANSELB
000460	895C	BSF ANSELB,4,BANKED
000462	D030	BRA SYSSELECTEND7
		SYSSELECT7CASE11
000464	0E0D	MOVLW 13
000466	5D0A	SUBWF ADREADPORT,W,BANKED
000468	A4D8	BTFSS STATUS, Z,ACCESS
00046A	D003	BRA SYSSELECT7CASE12
000000	010F	BANKSEL ANSELB
00046E	8B5C	BSF ANSELB,5,BANKED
000470	D029	BRA SYSSELECTEND7
		SYSSELECT7CASE12
000472	0E0E	MOVLW 14
000474	5D0A	SUBWF ADREADPORT,W,BANKED
000476	A4D8	BTFSS STATUS, Z,ACCESS
000478	D003	BRA SYSSELECT7CASE13
000000	010F	BANKSEL ANSELC
00047C	855D	BSF ANSELC,2,BANKED
00047E	D022	BRA SYSSELECTEND7
		SYSSELECT7CASE13
000480	0E0F	MOVLW 15
000482	5D0A	SUBWF ADREADPORT,W,BANKED
000484	A4D8	BTFSS STATUS, Z,ACCESS
000486	D003	BRA SYSSELECT7CASE14
000000	010F	BANKSEL ANSELC
00048A	875D	BSF ANSELC,3,BANKED
00048C	D01B	BRA SYSSELECTEND7
		SYSSELECT7CASE14
00048E	0E10	MOVLW 16
000490	5D0A	SUBWF ADREADPORT,W,BANKED
000492	A4D8	BTFSS STATUS, Z,ACCESS
000494	D003	BRA SYSSELECT7CASE15
000000	010F	BANKSEL ANSELC
000498	895D	BSF ANSELC,4,BANKED
00049A	D014	BRA SYSSELECTEND7
		SYSSELECT7CASE15
00049C	0E11	MOVLW 17
00049E	5D0A	SUBWF ADREADPORT,W,BANKED
0004A0	A4D8	BTFSS STATUS, Z,ACCESS
0004A2	D003	BRA SYSSELECT7CASE16
000000	010F	BANKSEL ANSELC
0004A6	8B5D	BSF ANSELC,5,BANKED
0004A8	D00D	BRA SYSSELECTEND7
		SYSSELECT7CASE16
0004AA	0E12	MOVLW 18
0004AC	5D0A	SUBWF ADREADPORT,W,BANKED
0004AE	A4D8	BTFSS STATUS, Z,ACCESS
0004B0	D003	BRA SYSSELECT7CASE17
000000	010F	BANKSEL ANSELC
0004B4	8D5D	BSF ANSELC,6,BANKED
0004B6	D006	BRA SYSSELECTEND7
		SYSSELECT7CASE17
0004B8	0E13	MOVLW 19
0004BA	5D0A	SUBWF ADREADPORT,W,BANKED
0004BC	A4D8	BTFSS STATUS, Z,ACCESS
0004BE	D002	BRA SYSSELECTEND7
000000	010F	BANKSEL ANSELC
0004C2	8F5D	BSF ANSELC,7,BANKED
		SYSSELECTEND7
0004C4	94C0	BCF ADCON2,ADCS2,ACCESS
0004C6	82C0	BSF ADCON2,ADCS1,ACCESS
0004C8	90C0	BCF ADCON2,ADCS0,ACCESS
0004CA	94C2	BCF ADCON0,CHS0,ACCESS
0004CC	96C2	BCF ADCON0,CHS1,ACCESS
0004CE	98C2	BCF ADCON0,CHS2,ACCESS
0004D0	9AC2	BCF ADCON0,CHS3,ACCESS
0004D2	9CC2	BCF ADCON0,CHS4,ACCESS
000000	0100	BANKSEL ADREADPORT
0004D6	B10A	BTFSC ADREADPORT,0,BANKED
0004D8	84C2	BSF ADCON0,CHS0,ACCESS
		ENDIF43
0004DA	B30A	BTFSC ADREADPORT,1,BANKED
0004DC	86C2	BSF ADCON0,CHS1,ACCESS
		ENDIF44
0004DE	B50A	BTFSC ADREADPORT,2,BANKED
0004E0	88C2	BSF ADCON0,CHS2,ACCESS
		ENDIF45
0004E2	B70A	BTFSC ADREADPORT,3,BANKED
0004E4	8AC2	BSF ADCON0,CHS3,ACCESS
		ENDIF46
0004E6	B90A	BTFSC ADREADPORT,4,BANKED
0004E8	8CC2	BSF ADCON0,CHS4,ACCESS
		ENDIF47
0004EA	80C2	BSF ADCON0,ADON,ACCESS
0004EC	0E02	MOVLW 2
0004EE	6E05	MOVWF SYSWAITTEMP10US,ACCESS
0004F0	DDEE	RCALL DELAY_10US
0004F2	82C2	BSF ADCON0,GO_NOT_DONE,ACCESS
0004F4	0000	NOP
		SYSWAITLOOP5
0004F6	B2C2	BTFSC ADCON0,GO_NOT_DONE,ACCESS
0004F8	D7FE	BRA SYSWAITLOOP5
0004FA	90C2	BCF ADCON0,ADON,ACCESS
000000	010F	BANKSEL ANSELA
0004FE	6B5B	CLRF ANSELA,BANKED
000500	6B5C	CLRF ANSELB,BANKED
000502	6B5D	CLRF ANSELC,BANKED
000504	CFC3 F013	MOVFF ADRESL,READAD10
000000	0100	BANKSEL READAD10_H
00050A	6B15	CLRF READAD10_H,BANKED
00050C	CFC4 F015	MOVFF ADRESH,READAD10_H
000510	9EC0	BCF ADCON2,ADFM,ACCESS
000512	0012	RETURN


		SETUPHANDLER_CALLBACK
		SYSSELECT6CASE1
000514	0E86	MOVLW 134
000000	0107	BANKSEL USBREQUEST
000518	5D88	SUBWF USBREQUEST,W,BANKED
00051A	A4D8	BTFSS STATUS, Z,ACCESS
00051C	D009	BRA SYSSELECT6CASE2
000000	0100	BANKSEL _USBINVALUE
000520	6B44	CLRF _USBINVALUE,BANKED
000522	B881	BTFSC PORTB,4,ACCESS
000524	2B44	INCF _USBINVALUE,F,BANKED
		ENDIF37
000526	D8E4	RCALL USBBUFFERWRITE14
000528	988A	BCF LATB,4,ACCESS
00052A	B144	BTFSC _USBINVALUE,0,BANKED
00052C	888A	BSF LATB,4,ACCESS
		ENDIF38
00052E	D071	BRA SYSSELECTEND6
		SYSSELECT6CASE2
000530	0E87	MOVLW 135
000532	5D88	SUBWF USBREQUEST,W,BANKED
000534	A4D8	BTFSS STATUS, Z,ACCESS
000536	D002	BRA SYSSELECT6CASE3
000538	888A	BSF LATB,4,ACCESS
00053A	D06B	BRA SYSSELECTEND6
		SYSSELECT6CASE3
00053C	0E88	MOVLW 136
00053E	5D88	SUBWF USBREQUEST,W,BANKED
000540	A4D8	BTFSS STATUS, Z,ACCESS
000542	D002	BRA SYSSELECT6CASE4
000544	988A	BCF LATB,4,ACCESS
000546	D065	BRA SYSSELECTEND6
		SYSSELECT6CASE4
000548	0E82	MOVLW 130
00054A	5D88	SUBWF USBREQUEST,W,BANKED
00054C	A4D8	BTFSS STATUS, Z,ACCESS
00054E	D009	BRA SYSSELECT6CASE5
000000	0100	BANKSEL _USBINVALUE
000552	6B44	CLRF _USBINVALUE,BANKED
000554	BA81	BTFSC PORTB,5,ACCESS
000556	2B44	INCF _USBINVALUE,F,BANKED
		ENDIF39
000558	D8CB	RCALL USBBUFFERWRITE14
00055A	9A8A	BCF LATB,5,ACCESS
00055C	B144	BTFSC _USBINVALUE,0,BANKED
00055E	8A8A	BSF LATB,5,ACCESS
		ENDIF40
000560	D058	BRA SYSSELECTEND6
		SYSSELECT6CASE5
000562	0E83	MOVLW 131
000564	5D88	SUBWF USBREQUEST,W,BANKED
000566	A4D8	BTFSS STATUS, Z,ACCESS
000568	D002	BRA SYSSELECT6CASE6
00056A	8A8A	BSF LATB,5,ACCESS
00056C	D052	BRA SYSSELECTEND6
		SYSSELECT6CASE6
00056E	0E84	MOVLW 132
000570	5D88	SUBWF USBREQUEST,W,BANKED
000572	A4D8	BTFSS STATUS, Z,ACCESS
000574	D002	BRA SYSSELECT6CASE7
000576	9A8A	BCF LATB,5,ACCESS
000578	D04C	BRA SYSSELECTEND6
		SYSSELECT6CASE7
00057A	0E85	MOVLW 133
00057C	5D88	SUBWF USBREQUEST,W,BANKED
00057E	A4D8	BTFSS STATUS, Z,ACCESS
000580	D021	BRA SYSSELECT6CASE8
000000	0100	BANKSEL ADREADPORT
000584	6B0A	CLRF ADREADPORT,BANKED
000586	DF29	RCALL FN_READAD1022
000588	C013 F044	MOVFF SYSREADAD10WORD,_USBINVALUE
00058C	C015 F045	MOVFF SYSREADAD10WORD_H,_USBINVALUE_H
000590	D8BF	RCALL USBBUFFERWRITE15
000592	0E01	MOVLW 1
000594	6F0A	MOVWF ADREADPORT,BANKED
000596	DF21	RCALL FN_READAD1022
000598	C013 F044	MOVFF SYSREADAD10WORD,_USBINVALUE
00059C	C015 F045	MOVFF SYSREADAD10WORD_H,_USBINVALUE_H
0005A0	D8B7	RCALL USBBUFFERWRITE15
0005A2	0E02	MOVLW 2
0005A4	6F0A	MOVWF ADREADPORT,BANKED
0005A6	DF19	RCALL FN_READAD1022
0005A8	C013 F044	MOVFF SYSREADAD10WORD,_USBINVALUE
0005AC	C015 F045	MOVFF SYSREADAD10WORD_H,_USBINVALUE_H
0005B0	D8AF	RCALL USBBUFFERWRITE15
0005B2	0E03	MOVLW 3
0005B4	6F0A	MOVWF ADREADPORT,BANKED
0005B6	DF11	RCALL FN_READAD1022
0005B8	C013 F044	MOVFF SYSREADAD10WORD,_USBINVALUE
0005BC	C015 F045	MOVFF SYSREADAD10WORD_H,_USBINVALUE_H
0005C0	D8A7	RCALL USBBUFFERWRITE15
0005C2	D027	BRA SYSSELECTEND6
		SYSSELECT6CASE8
0005C4	2988	INCF USBREQUEST,W,BANKED
0005C6	A4D8	BTFSS STATUS, Z,ACCESS
0005C8	D00B	BRA SYSSELECT6CASE9
000000	0100	BANKSEL _USBINVALUE
0005CC	6944	SETF _USBINVALUE,BANKED
0005CE	D890	RCALL USBBUFFERWRITE14
0005D0	6B31	CLRF SYSTEMP2,BANKED
0005D2	BE82	BTFSC PORTC,7,ACCESS
0005D4	2B31	INCF SYSTEMP2,F,BANKED
		ENDIF41
0005D6	1F31	COMF SYSTEMP2,F,BANKED
0005D8	9E8B	BCF LATC,7,ACCESS
0005DA	B131	BTFSC SYSTEMP2,0,BANKED
0005DC	8E8B	BSF LATC,7,ACCESS
		ENDIF42
0005DE	D019	BRA SYSSELECTEND6
		SYSSELECT6CASE9
0005E0	EE17 F073	LFSR 1,SYSSTRINGPARAM2
0005E4	0EB8	MOVLW LOW STRINGTABLE7
0005E6	6EF6	MOVWF TBLPTRL,ACCESS
0005E8	0E06	MOVLW HIGH STRINGTABLE7
0005EA	6EF7	MOVWF TBLPTRH,ACCESS
000000	0100	BANKSEL 0
0005EE	D83C	RCALL SYSREADSTRING
0005F0	0E73	MOVLW LOW SYSSTRINGPARAM2
0005F2	6F2A	MOVWF SYSPRINTDATAHANDLER,BANKED
0005F4	0E07	MOVLW HIGH SYSSTRINGPARAM2
0005F6	6F2B	MOVWF SYSPRINTDATAHANDLER_H,BANKED
0005F8	0E01	MOVLW 1
0005FA	6F0B	MOVWF COMPORT,BANKED
0005FC	DDCE	RCALL HSERPRINT273
0005FE	C788 F027	MOVFF SYSUSBTEMPBUFFER_1,SERPRINTVAL
000602	0E01	MOVLW 1
000604	6F0B	MOVWF COMPORT,BANKED
000606	DDE6	RCALL HSERPRINT274
000608	0E01	MOVLW 1
00060A	6F0C	MOVWF HSERPRINTCRLFCOUNT,BANKED
00060C	0E01	MOVLW 1
00060E	6F0B	MOVWF COMPORT,BANKED
000610	DE16	RCALL HSERPRINTCRLF
		SYSSELECTEND6
000000	0100	BANKSEL 0
000614	0012	RETURN


		SYSCOMPLESSTHAN
000616	6800	SETF SYSBYTETEMPX,ACCESS
000618	5009	MOVF SYSBYTETEMPB, W,ACCESS
00061A	6005	CPFSLT SYSBYTETEMPA,ACCESS
00061C	6A00	CLRF SYSBYTETEMPX,ACCESS
00061E	0012	RETURN


		SYSCOPYSTRING
000620	CFEF F005	MOVFF INDF0, SYSCALCTEMPA
000624	C005 FFE7	MOVFF SYSCALCTEMPA, INDF1
000628	D003	BRA SYSCOPYSTRINGCHECK
		SYSCOPYSTRINGPART
00062A	50EF	MOVF INDF0, W,ACCESS
00062C	6E05	MOVWF SYSCALCTEMPA,ACCESS
00062E	2606	ADDWF SYSSTRINGLENGTH, F,ACCESS
		SYSCOPYSTRINGCHECK
000630	5205	MOVF SYSCALCTEMPA,F,ACCESS
000632	B4D8	BTFSC STATUS,Z,ACCESS
000634	0012	RETURN
		SYSSTRINGCOPY
000636	CFEC FFE4	MOVFF PREINC0, PREINC1
00063A	2E05	DECFSZ SYSCALCTEMPA, F,ACCESS
00063C	D7FC	BRA SYSSTRINGCOPY
00063E	0012	RETURN


		SYSDIVSUB
000640	5209	MOVF SYSBYTETEMPB, F,ACCESS
000642	B4D8	BTFSC STATUS, Z,ACCESS
000644	0012	RETURN
000646	6A00	CLRF SYSBYTETEMPX,ACCESS
000648	0E08	MOVLW 8
00064A	6E04	MOVWF SYSDIVLOOP,ACCESS
		SYSDIV8START
00064C	90D8	BCF STATUS, C,ACCESS
00064E	3605	RLCF SYSBYTETEMPA, F,ACCESS
000650	3600	RLCF SYSBYTETEMPX, F,ACCESS
000652	5009	MOVF SYSBYTETEMPB, W,ACCESS
000654	5E00	SUBWF SYSBYTETEMPX, F,ACCESS
000656	8005	BSF SYSBYTETEMPA, 0,ACCESS
000658	B0D8	BTFSC STATUS, C,ACCESS
00065A	D003	BRA DIV8NOTNEG
00065C	9005	BCF SYSBYTETEMPA, 0,ACCESS
00065E	5009	MOVF SYSBYTETEMPB, W,ACCESS
000660	2600	ADDWF SYSBYTETEMPX, F,ACCESS
		DIV8NOTNEG
000662	2E04	DECFSZ SYSDIVLOOP, F,ACCESS
000664	D7F3	BRA SYSDIV8START
000666	0012	RETURN


		SYSREADSTRING
000668	0009	TBLRD*+
00066A	CFF5 F005	MOVFF TABLAT,SYSCALCTEMPA
00066E	CFF5 FFE7	MOVFF TABLAT,INDF1
000672	D004	BRA SYSSTRINGREADCHECK
		SYSREADSTRINGPART
000674	0009	TBLRD*+
000676	50F5	MOVF TABLAT, W,ACCESS
000678	6E05	MOVWF SYSCALCTEMPA,ACCESS
00067A	2606	ADDWF SYSSTRINGLENGTH,F,ACCESS
		SYSSTRINGREADCHECK
00067C	5205	MOVF SYSCALCTEMPA,F,ACCESS
00067E	B4D8	BTFSC STATUS,Z,ACCESS
000680	0012	RETURN
		SYSSTRINGREAD
000682	0009	TBLRD*+
000684	CFF5 FFE4	MOVFF TABLAT,PREINC1
000688	2E05	DECFSZ SYSCALCTEMPA, F,ACCESS
00068A	D7FB	BRA SYSSTRINGREAD
00068C	0012	RETURN


		SYSSTRINGTABLES

		STRINGTABLE1
00068E	430E 4344 5520 4253 7620 2E31 2E34 0032	RAW 430E,4344,5520,4253,7620,2E31,2E34,0032


		STRINGTABLE3
00069E	4205 6975 646C	RAW 4205,6975,646C


		STRINGTABLE4
0006A4	4001	RAW 4001


		STRINGTABLE5
0006A6	5509 4253 4320 4247 2020	RAW 5509,4253,4320,4247,2020


		STRINGTABLE6
0006B0	4507 7272 726F 203A	RAW 4507,7272,726F,203A


		STRINGTABLE7
0006B8	5204 7165 0020	RAW 5204,7165,0020


		STRINGTABLE8
0006BE	4406 7365 3A63 0020	RAW 4406,7365,3A63,0020


		STRINGTABLE9
0006C6	470F 6572 7461 4320 776F 4220 5341 4349	RAW 470F,6572,7461,4320,776F,4220,5341,4349


		STRINGTABLE13
0006D6	0000	RAW 0000


		STRINGTABLE20
0006D8	3102 0030	RAW 3102,0030


		STRINGTABLE21
0006DC	3113 2D30 3033 322D 3130 2038 3132 303A 3A38 3732	RAW 3113,2D30,3033,322D,3130,2038,3132,303A,3A38,3732



		USBBUFFERWRITE14
000000	0104	BANKSEL USB_IN0_CNT
0006F2	2B05	INCF USB_IN0_CNT,F,BANKED
000000	0100	BANKSEL USB_CNT_POINTER
0006F6	5143	MOVF USB_CNT_POINTER,W,BANKED
000000	0104	BANKSEL USB_IN0_ADDR
0006FA	2506	ADDWF USB_IN0_ADDR,W,BANKED
0006FC	6EE9	MOVWF MEMADR,ACCESS
0006FE	0E00	MOVLW 0
000700	2107	ADDWFC USB_IN0_ADDR_H,W,BANKED
000702	6EEA	MOVWF MEMADR_H,ACCESS
000704	C044 F00D	MOVFF _USBINVALUE,MEMDATA
000000	0100	BANKSEL 0
00070A	DE64	RCALL POKE
00070C	2B43	INCF USB_CNT_POINTER,F,BANKED
00070E	0012	RETURN


		USBBUFFERWRITE15
000000	0104	BANKSEL USB_IN0_CNT
000712	2B05	INCF USB_IN0_CNT,F,BANKED
000000	0100	BANKSEL USB_CNT_POINTER
000716	5143	MOVF USB_CNT_POINTER,W,BANKED
000000	0104	BANKSEL USB_IN0_ADDR
00071A	2506	ADDWF USB_IN0_ADDR,W,BANKED
00071C	6EE9	MOVWF MEMADR,ACCESS
00071E	0E00	MOVLW 0
000720	2107	ADDWFC USB_IN0_ADDR_H,W,BANKED
000722	6EEA	MOVWF MEMADR_H,ACCESS
000724	C044 F00D	MOVFF _USBINVALUE,MEMDATA
000000	0100	BANKSEL 0
00072A	DE54	RCALL POKE
000000	0104	BANKSEL USB_IN0_CNT
00072E	2B05	INCF USB_IN0_CNT,F,BANKED
000000	0100	BANKSEL USB_CNT_POINTER
000732	5143	MOVF USB_CNT_POINTER,W,BANKED
000000	0104	BANKSEL USB_IN0_ADDR
000736	2506	ADDWF USB_IN0_ADDR,W,BANKED
000000	0100	BANKSEL SYSTEMP1
00073A	6F2F	MOVWF SYSTEMP1,BANKED
00073C	0E00	MOVLW 0
000000	0104	BANKSEL USB_IN0_ADDR_H
000740	2107	ADDWFC USB_IN0_ADDR_H,W,BANKED
000000	0100	BANKSEL SYSTEMP1_H
000744	6F30	MOVWF SYSTEMP1_H,BANKED
000746	0E01	MOVLW 1
000748	252F	ADDWF SYSTEMP1,W,BANKED
00074A	6EE9	MOVWF MEMADR,ACCESS
00074C	0E00	MOVLW 0
00074E	2130	ADDWFC SYSTEMP1_H,W,BANKED
000750	6EEA	MOVWF MEMADR_H,ACCESS
000752	C045 F00D	MOVFF _USBINVALUE_H,MEMDATA
000756	DE3E	RCALL POKE
000758	0E02	MOVLW 2
00075A	2743	ADDWF USB_CNT_POINTER,F,BANKED
00075C	0012	RETURN


		USBCONFIGDESCRIPTOR
00075E	0E12	MOVLW 18
000760	6007	CPFSLT SYSSTRINGA,ACCESS
000762	0C00	RETLW 0
000764	5007	MOVF SYSSTRINGA, W,ACCESS
000766	0F78	ADDLW LOW TABLEUSBCONFIGDESCRIPTOR
000768	6EF6	MOVWF TBLPTRL,ACCESS
00076A	0E07	MOVLW HIGH TABLEUSBCONFIGDESCRIPTOR
00076C	B0D8	BTFSC STATUS, C,ACCESS
00076E	0F01	ADDLW 1
000770	6EF7	MOVWF TBLPTRH,ACCESS
000772	0008	TBLRD*
000774	50F5	MOVF TABLAT, W,ACCESS
000776	0012	RETURN
		TABLEUSBCONFIGDESCRIPTOR
000778	0912 1202 0100 0001 1980 0409 0001 0200 0102	RAW 0912,1202,0100,0001,1980,0409,0001,0200,0102


		USBDEVICEDESCRIPTOR
00078A	0E13	MOVLW 19
00078C	6007	CPFSLT SYSSTRINGA,ACCESS
00078E	0C00	RETLW 0
000790	5007	MOVF SYSSTRINGA, W,ACCESS
000792	0FA4	ADDLW LOW TABLEUSBDEVICEDESCRIPTOR
000794	6EF6	MOVWF TBLPTRL,ACCESS
000796	0E07	MOVLW HIGH TABLEUSBDEVICEDESCRIPTOR
000798	B0D8	BTFSC STATUS, C,ACCESS
00079A	0F01	ADDLW 1
00079C	6EF7	MOVWF TBLPTRH,ACCESS
00079E	0008	TBLRD*
0007A0	50F5	MOVF TABLAT, W,ACCESS
0007A2	0012	RETURN
		TABLEUSBDEVICEDESCRIPTOR
0007A4	1212 0001 0202 0000 D840 0A04 0100 0000 0100 0001	RAW 1212,0001,0202,0000,D840,0A04,0100,0000,0100,0001


		USBDEVICEQUALDESCRIPTOR
0007B8	0E0A	MOVLW 10
0007BA	6007	CPFSLT SYSSTRINGA,ACCESS
0007BC	0C00	RETLW 0
0007BE	5007	MOVF SYSSTRINGA, W,ACCESS
0007C0	0FD2	ADDLW LOW TABLEUSBDEVICEQUALDESCRIPTOR
0007C2	6EF6	MOVWF TBLPTRL,ACCESS
0007C4	0E07	MOVLW HIGH TABLEUSBDEVICEQUALDESCRIPTOR
0007C6	B0D8	BTFSC STATUS, C,ACCESS
0007C8	0F01	ADDLW 1
0007CA	6EF7	MOVWF TBLPTRH,ACCESS
0007CC	0008	TBLRD*
0007CE	50F5	MOVF TABLAT, W,ACCESS
0007D0	0012	RETURN
		TABLEUSBDEVICEQUALDESCRIPTOR
0007D2	0A0A 0006 0202 0000 0140	RAW 0A0A,0006,0202,0000,0140


		USBINTERRUPTHANDLER
0007DC	A065	BTFSS UIR,URSTIF,ACCESS
0007DE	D027	BRA ENDIF2
0007E0	0E08	MOVLW 8
000000	0104	BANKSEL USB_OUT0_STAT
0007E4	6F00	MOVWF USB_OUT0_STAT,BANKED
0007E6	0E08	MOVLW 8
0007E8	6F04	MOVWF USB_IN0_STAT,BANKED
		SYSDOLOOP_S3
0007EA	A665	BTFSS UIR,TRNIF,ACCESS
0007EC	D002	BRA SYSDOLOOP_E3
0007EE	9665	BCF UIR,TRNIF,ACCESS
0007F0	D7FC	BRA SYSDOLOOP_S3
		SYSDOLOOP_E3
0007F2	6A6A	CLRF UEP0,ACCESS
0007F4	0E40	MOVLW 64
0007F6	6F06	MOVWF USB_IN0_ADDR,BANKED
0007F8	0E04	MOVLW 4
0007FA	6F07	MOVWF USB_IN0_ADDR_H,BANKED
0007FC	0EC0	MOVLW 192
0007FE	6F02	MOVWF USB_OUT0_ADDR,BANKED
000800	0E04	MOVLW 4
000802	6F03	MOVWF USB_OUT0_ADDR_H,BANKED
000804	6B05	CLRF USB_IN0_CNT,BANKED
000806	0E80	MOVLW 128
000808	6F01	MOVWF USB_OUT0_CNT,BANKED
00080A	0E08	MOVLW 8
00080C	6F04	MOVWF USB_IN0_STAT,BANKED
00080E	0E88	MOVLW 136
000810	6F00	MOVWF USB_OUT0_STAT,BANKED
000812	9860	BCF UCON,PKTDIS,ACCESS
000814	0E16	MOVLW 22
000816	6E6A	MOVWF UEP0,ACCESS
000818	6A63	CLRF UADDR,ACCESS
00081A	6A67	CLRF UEIR,ACCESS
00081C	6A65	CLRF UIR,ACCESS
00081E	9260	BCF UCON,SUSPND,ACCESS
		SYSWAITLOOP1
000820	BA60	BTFSC UCON,SE0,ACCESS
000822	D7FE	BRA SYSWAITLOOP1
000000	0100	BANKSEL USBLASTCONTROL
000826	693D	SETF USBLASTCONTROL,BANKED
000828	0E01	MOVLW 1
00082A	6F41	MOVWF USBSTATE,BANKED
00082C	6B36	CLRF USBCURRCONFIGURATION,BANKED
		ENDIF2
00082E	A265	BTFSS UIR,UERRIF,ACCESS
000830	D003	BRA ENDIF3
000832	DC62	RCALL ERRORHANDLER_CALLBACK
000834	6A67	CLRF UEIR,ACCESS
000836	9265	BCF UIR,UERRIF,ACCESS
		ENDIF3
000838	A465	BTFSS UIR,ACTVIF,ACCESS
00083A	D002	BRA ENDIF4
00083C	9260	BCF UCON,SUSPND,ACCESS
00083E	9465	BCF UIR,ACTVIF,ACCESS
		ENDIF4
000840	A665	BTFSS UIR,TRNIF,ACCESS
000842	D062	BRA ENDIF5
000844	0E78	MOVLW 120
000846	1461	ANDWF USTAT,W,ACCESS
000848	6F2F	MOVWF SYSTEMP1,BANKED
00084A	C02F F005	MOVFF SYSTEMP1,SYSBYTETEMPA
00084E	0E08	MOVLW 8
000850	6E09	MOVWF SYSBYTETEMPB,ACCESS
000852	DEF6	RCALL SYSDIVSUB
000854	C005 F037	MOVFF SYSBYTETEMPA,USBCURRENDPOINT
000858	A461	BTFSS USTAT,DIR,ACCESS
00085A	D003	BRA ELSE9_1
00085C	C404 F034	MOVFF USB_IN0_STAT,USBBUFFERSTAT
000860	D004	BRA ENDIF9
		ELSE9_1
000862	C400 F034	MOVFF USB_OUT0_STAT,USBBUFFERSTAT
000000	0104	BANKSEL USB_OUT0_STAT
000868	9F00	BCF USB_OUT0_STAT,7,BANKED
		ENDIF9
00086A	0E3C	MOVLW 60
000000	0100	BANKSEL USBBUFFERSTAT
00086E	1534	ANDWF USBBUFFERSTAT,W,BANKED
000870	6F3F	MOVWF USBPID,BANKED
		SYSSELECT1CASE1
000872	0E04	MOVLW 4
000874	5D3F	SUBWF USBPID,W,BANKED
000876	A4D8	BTFSS STATUS, Z,ACCESS
000878	D005	BRA SYSSELECT1CASE2
00087A	0E80	MOVLW 128
000000	0104	BANKSEL USB_OUT0_CNT
00087E	6F01	MOVWF USB_OUT0_CNT,BANKED
000880	8F00	BSF USB_OUT0_STAT,7,BANKED
000882	D03F	BRA SYSSELECTEND1
		SYSSELECT1CASE2
000884	0E24	MOVLW 36
000886	5D3F	SUBWF USBPID,W,BANKED
000888	A4D8	BTFSS STATUS, Z,ACCESS
00088A	D016	BRA SYSSELECT1CASE3
		SYSSELECT2CASE1
00088C	0E05	MOVLW 5
00088E	5D3D	SUBWF USBLASTCONTROL,W,BANKED
000890	A4D8	BTFSS STATUS, Z,ACCESS
000892	D006	BRA SYSSELECT2CASE2
000894	C03E FF63	MOVFF USBNEWADDRESS,UADDR
000898	0E02	MOVLW 2
00089A	6F41	MOVWF USBSTATE,BANKED
00089C	693D	SETF USBLASTCONTROL,BANKED
00089E	D00B	BRA SYSSELECTEND2
		SYSSELECT2CASE2
0008A0	0E06	MOVLW 6
0008A2	5D3D	SUBWF USBLASTCONTROL,W,BANKED
0008A4	A4D8	BTFSS STATUS, Z,ACCESS
0008A6	D002	BRA SYSSELECT2CASE3
0008A8	D88B	RCALL USBSENDDESCRIPTOR
0008AA	D005	BRA SYSSELECTEND2
		SYSSELECT2CASE3
0008AC	0E80	MOVLW 128
000000	0104	BANKSEL USB_OUT0_CNT
0008B0	6F01	MOVWF USB_OUT0_CNT,BANKED
0008B2	0E88	MOVLW 136
0008B4	6F00	MOVWF USB_OUT0_STAT,BANKED
		SYSSELECTEND2
0008B6	D025	BRA SYSSELECTEND1
		SYSSELECT1CASE3
0008B8	0E34	MOVLW 52
0008BA	5D3F	SUBWF USBPID,W,BANKED
0008BC	A4D8	BTFSS STATUS, Z,ACCESS
0008BE	D021	BRA SYSSELECT1CASE4
0008C0	6935	SETF USBCURRBYTE,BANKED
		SYSFORLOOP1
0008C2	2B35	INCF USBCURRBYTE,F,BANKED
0008C4	5135	MOVF USBCURRBYTE,W,BANKED
000000	0104	BANKSEL USB_OUT0_ADDR
0008C8	2502	ADDWF USB_OUT0_ADDR,W,BANKED
0008CA	6EE9	MOVWF MEMADR,ACCESS
0008CC	0E00	MOVLW 0
0008CE	2103	ADDWFC USB_OUT0_ADDR_H,W,BANKED
0008D0	6EEA	MOVWF MEMADR_H,ACCESS
000000	0100	BANKSEL 0
0008D4	DD78	RCALL FN_PEEK
0008D6	EE07 F087	LFSR 0,USBTEMPBUFFER
0008DA	5135	MOVF USBCURRBYTE,W,BANKED
0008DC	26E9	ADDWF AFSR0,F,ACCESS
0008DE	0E00	MOVLW 0
0008E0	22EA	ADDWFC AFSR0_H,F,ACCESS
0008E2	C011 FFEF	MOVFF PEEK,INDF0
0008E6	0E07	MOVLW 7
0008E8	5D35	SUBWF USBCURRBYTE,W,BANKED
0008EA	A0D8	BTFSS STATUS, C,ACCESS
0008EC	D7EA	BRA SYSFORLOOP1
		ENDIF10
		SYSFORLOOPEND1
0008EE	0E08	MOVLW 8
000000	0104	BANKSEL USB_IN0_STAT
0008F2	6F04	MOVWF USB_IN0_STAT,BANKED
0008F4	0E80	MOVLW 128
0008F6	6F01	MOVWF USB_OUT0_CNT,BANKED
0008F8	0E88	MOVLW 136
0008FA	6F00	MOVWF USB_OUT0_STAT,BANKED
000000	0100	BANKSEL 0
0008FE	D80B	RCALL USBPROCESSSETUP
000900	D000	BRA SYSSELECTEND1
		SYSSELECT1CASE4
		SYSSELECTEND1
000000	0100	BANKSEL USBHASDATA
000904	693C	SETF USBHASDATA,BANKED
000906	9665	BCF UIR,TRNIF,ACCESS
		ENDIF5
000908	B865	BTFSC UIR,IDLEIF,ACCESS
00090A	9865	BCF UIR,IDLEIF,ACCESS
		ENDIF6
00090C	BA65	BTFSC UIR,STALLIF,ACCESS
00090E	9A65	BCF UIR,STALLIF,ACCESS
		ENDIF7
000910	BC65	BTFSC UIR,SOFIF,ACCESS
000912	9C65	BCF UIR,SOFIF,ACCESS
		ENDIF8
000914	0012	RETURN


		USBPROCESSSETUP
000916	0E7F	MOVLW 127
000000	0107	BANKSEL SYSUSBTEMPBUFFER_0
00091A	1587	ANDWF SYSUSBTEMPBUFFER_0,W,BANKED
000000	0100	BANKSEL USBBMREQUESTTYPE
00091E	6F33	MOVWF USBBMREQUESTTYPE,BANKED
000920	9860	BCF UCON,PKTDIS,ACCESS
000922	5333	MOVF USBBMREQUESTTYPE,F,BANKED
000924	A4D8	BTFSS STATUS, Z,ACCESS
000926	D031	BRA ELSE11_1
000928	693D	SETF USBLASTCONTROL,BANKED
		SYSSELECT3CASE1
00092A	0E05	MOVLW 5
000000	0107	BANKSEL SYSUSBTEMPBUFFER_1
00092E	5D88	SUBWF SYSUSBTEMPBUFFER_1,W,BANKED
000930	A4D8	BTFSS STATUS, Z,ACCESS
000932	D007	BRA SYSSELECT3CASE2
000934	0E05	MOVLW 5
000000	0100	BANKSEL USBLASTCONTROL
000938	6F3D	MOVWF USBLASTCONTROL,BANKED
00093A	C789 F03E	MOVFF SYSUSBTEMPBUFFER_2,USBNEWADDRESS
00093E	D83A	RCALL USBSENDDATA1ACK
000940	D023	BRA SYSSELECTEND3
		SYSSELECT3CASE2
000942	0E06	MOVLW 6
000944	5D88	SUBWF SYSUSBTEMPBUFFER_1,W,BANKED
000946	A4D8	BTFSS STATUS, Z,ACCESS
000948	D00C	BRA SYSSELECT3CASE3
00094A	0E06	MOVLW 6
000000	0100	BANKSEL USBLASTCONTROL
00094E	6F3D	MOVWF USBLASTCONTROL,BANKED
000950	C78A F03B	MOVFF SYSUSBTEMPBUFFER_3,USBDESCTYPE
000954	C789 F038	MOVFF SYSUSBTEMPBUFFER_2,USBDESCINDEX
000958	C78D F039	MOVFF SYSUSBTEMPBUFFER_6,USBDESCSIZEIN
00095C	6B3A	CLRF USBDESCSTART,BANKED
00095E	D830	RCALL USBSENDDESCRIPTOR
000960	D013	BRA SYSSELECTEND3
		SYSSELECT3CASE3
000962	0E09	MOVLW 9
000964	5D88	SUBWF SYSUSBTEMPBUFFER_1,W,BANKED
000966	A4D8	BTFSS STATUS, Z,ACCESS
000968	D00D	BRA SYSSELECT3CASE4
00096A	C789 F036	MOVFF SYSUSBTEMPBUFFER_2,USBCURRCONFIGURATION
000000	0100	BANKSEL USBCURRCONFIGURATION
000970	5336	MOVF USBCURRCONFIGURATION,F,BANKED
000972	A4D8	BTFSS STATUS, Z,ACCESS
000974	D003	BRA ELSE12_1
000976	0E02	MOVLW 2
000978	6F41	MOVWF USBSTATE,BANKED
00097A	D002	BRA ENDIF12
		ELSE12_1
00097C	0E03	MOVLW 3
00097E	6F41	MOVWF USBSTATE,BANKED
		ENDIF12
000980	D819	RCALL USBSENDDATA1ACK
000982	D002	BRA SYSSELECTEND3
		SYSSELECT3CASE4
000000	0100	BANKSEL 0
000986	DDC6	RCALL SETUPHANDLER_CALLBACK
		SYSSELECTEND3
000988	D013	BRA ENDIF11
		ELSE11_1
000000	0104	BANKSEL USB_IN0_CNT
00098C	6B05	CLRF USB_IN0_CNT,BANKED
000000	0100	BANKSEL USB_CNT_POINTER
000990	6B43	CLRF USB_CNT_POINTER,BANKED
000992	DDC0	RCALL SETUPHANDLER_CALLBACK
000000	0104	BANKSEL USB_IN0_CNT
000996	5305	MOVF USB_IN0_CNT,F,BANKED
000998	A4D8	BTFSS STATUS, Z,ACCESS
00099A	D003	BRA ELSE13_1
000000	0100	BANKSEL 0
00099E	D80A	RCALL USBSENDDATA1ACK
0009A0	D007	BRA ENDIF13
		ELSE13_1
0009A2	AD04	BTFSS USB_IN0_STAT,6,BANKED
0009A4	D003	BRA ELSE14_1
0009A6	0E88	MOVLW 136
0009A8	6F04	MOVWF USB_IN0_STAT,BANKED
0009AA	D002	BRA ENDIF14
		ELSE14_1
0009AC	0EC8	MOVLW 200
0009AE	6F04	MOVWF USB_IN0_STAT,BANKED
		ENDIF14
		ENDIF13
		ENDIF11
000000	0100	BANKSEL 0
0009B2	0012	RETURN


		USBSENDDATA1ACK
000000	0104	BANKSEL USB_IN0_CNT
0009B6	6B05	CLRF USB_IN0_CNT,BANKED
0009B8	0EC8	MOVLW 200
0009BA	6F04	MOVWF USB_IN0_STAT,BANKED
000000	0100	BANKSEL 0
0009BE	0012	RETURN


		USBSENDDESCRIPTOR
000000	0104	BANKSEL USB_IN0_STAT
0009C2	9F04	BCF USB_IN0_STAT,7,BANKED
		SYSSELECT4CASE1
000000	0100	BANKSEL USBDESCTYPE
0009C6	053B	DECF USBDESCTYPE,W,BANKED
0009C8	A4D8	BTFSS STATUS, Z,ACCESS
0009CA	D02F	BRA SYSSELECT4CASE2
0009CC	0E12	MOVLW 18
0009CE	6F40	MOVWF USBSIZE,BANKED
0009D0	5D39	SUBWF USBDESCSIZEIN,W,BANKED
0009D2	A0D8	BTFSS STATUS, C,ACCESS
0009D4	C039 F040	MOVFF USBDESCSIZEIN,USBSIZE
		ENDIF15
0009D8	5140	MOVF USBSIZE,W,BANKED
0009DA	5D3A	SUBWF USBDESCSTART,W,BANKED
0009DC	A0D8	BTFSS STATUS, C,ACCESS
0009DE	D003	BRA ELSE16_1
0009E0	6B40	CLRF USBSIZE,BANKED
0009E2	693D	SETF USBLASTCONTROL,BANKED
0009E4	D002	BRA ENDIF16
		ELSE16_1
0009E6	513A	MOVF USBDESCSTART,W,BANKED
0009E8	5F40	SUBWF USBSIZE,F,BANKED
		ENDIF16
0009EA	6B35	CLRF USBCURRBYTE,BANKED
0009EC	0E01	MOVLW 1
0009EE	5D40	SUBWF USBSIZE,W,BANKED
0009F0	A0D8	BTFSS STATUS, C,ACCESS
0009F2	D016	BRA SYSFORLOOPEND2
		ENDIF17
		SYSFORLOOP2
0009F4	2B35	INCF USBCURRBYTE,F,BANKED
0009F6	513A	MOVF USBDESCSTART,W,BANKED
0009F8	2535	ADDWF USBCURRBYTE,W,BANKED
0009FA	6E07	MOVWF SYSSTRINGA,ACCESS
0009FC	DEC6	RCALL USBDEVICEDESCRIPTOR
0009FE	6F42	MOVWF USBTEMPBYTE,BANKED
000A00	0535	DECF USBCURRBYTE,W,BANKED
000A02	6F2F	MOVWF SYSTEMP1,BANKED
000000	0104	BANKSEL USB_IN0_ADDR
000A06	2506	ADDWF USB_IN0_ADDR,W,BANKED
000A08	6EE9	MOVWF MEMADR,ACCESS
000A0A	0E00	MOVLW 0
000A0C	2107	ADDWFC USB_IN0_ADDR_H,W,BANKED
000A0E	6EEA	MOVWF MEMADR_H,ACCESS
000A10	C042 F00D	MOVFF USBTEMPBYTE,MEMDATA
000000	0100	BANKSEL 0
000A16	DCDE	RCALL POKE
000A18	5140	MOVF USBSIZE,W,BANKED
000A1A	5D35	SUBWF USBCURRBYTE,W,BANKED
000A1C	A0D8	BTFSS STATUS, C,ACCESS
000A1E	D7EA	BRA SYSFORLOOP2
		ENDIF18
		SYSFORLOOPEND2
000A20	C040 F405	MOVFF USBSIZE,USB_IN0_CNT
000A24	5140	MOVF USBSIZE,W,BANKED
000A26	273A	ADDWF USBDESCSTART,F,BANKED
000A28	D12A	BRA SYSSELECTEND4
		SYSSELECT4CASE2
000A2A	0E02	MOVLW 2
000A2C	5D3B	SUBWF USBDESCTYPE,W,BANKED
000A2E	A4D8	BTFSS STATUS, Z,ACCESS
000A30	D02F	BRA SYSSELECT4CASE3
000A32	0E12	MOVLW 18
000A34	6F40	MOVWF USBSIZE,BANKED
000A36	5D39	SUBWF USBDESCSIZEIN,W,BANKED
000A38	A0D8	BTFSS STATUS, C,ACCESS
000A3A	C039 F040	MOVFF USBDESCSIZEIN,USBSIZE
		ENDIF19
000A3E	5140	MOVF USBSIZE,W,BANKED
000A40	5D3A	SUBWF USBDESCSTART,W,BANKED
000A42	A0D8	BTFSS STATUS, C,ACCESS
000A44	D003	BRA ELSE20_1
000A46	6B40	CLRF USBSIZE,BANKED
000A48	693D	SETF USBLASTCONTROL,BANKED
000A4A	D002	BRA ENDIF20
		ELSE20_1
000A4C	513A	MOVF USBDESCSTART,W,BANKED
000A4E	5F40	SUBWF USBSIZE,F,BANKED
		ENDIF20
000A50	6B35	CLRF USBCURRBYTE,BANKED
000A52	0E01	MOVLW 1
000A54	5D40	SUBWF USBSIZE,W,BANKED
000A56	A0D8	BTFSS STATUS, C,ACCESS
000A58	D016	BRA SYSFORLOOPEND3
		ENDIF21
		SYSFORLOOP3
000A5A	2B35	INCF USBCURRBYTE,F,BANKED
000A5C	513A	MOVF USBDESCSTART,W,BANKED
000A5E	2535	ADDWF USBCURRBYTE,W,BANKED
000A60	6E07	MOVWF SYSSTRINGA,ACCESS
000A62	DE7D	RCALL USBCONFIGDESCRIPTOR
000A64	6F42	MOVWF USBTEMPBYTE,BANKED
000A66	0535	DECF USBCURRBYTE,W,BANKED
000A68	6F2F	MOVWF SYSTEMP1,BANKED
000000	0104	BANKSEL USB_IN0_ADDR
000A6C	2506	ADDWF USB_IN0_ADDR,W,BANKED
000A6E	6EE9	MOVWF MEMADR,ACCESS
000A70	0E00	MOVLW 0
000A72	2107	ADDWFC USB_IN0_ADDR_H,W,BANKED
000A74	6EEA	MOVWF MEMADR_H,ACCESS
000A76	C042 F00D	MOVFF USBTEMPBYTE,MEMDATA
000000	0100	BANKSEL 0
000A7C	DCAB	RCALL POKE
000A7E	5140	MOVF USBSIZE,W,BANKED
000A80	5D35	SUBWF USBCURRBYTE,W,BANKED
000A82	A0D8	BTFSS STATUS, C,ACCESS
000A84	D7EA	BRA SYSFORLOOP3
		ENDIF22
		SYSFORLOOPEND3
000A86	C040 F405	MOVFF USBSIZE,USB_IN0_CNT
000A8A	5140	MOVF USBSIZE,W,BANKED
000A8C	273A	ADDWF USBDESCSTART,F,BANKED
000A8E	D0F7	BRA SYSSELECTEND4
		SYSSELECT4CASE3
000A90	0E06	MOVLW 6
000A92	5D3B	SUBWF USBDESCTYPE,W,BANKED
000A94	A4D8	BTFSS STATUS, Z,ACCESS
000A96	D02F	BRA SYSSELECT4CASE4
000A98	0E0A	MOVLW 10
000A9A	6F40	MOVWF USBSIZE,BANKED
000A9C	5D39	SUBWF USBDESCSIZEIN,W,BANKED
000A9E	A0D8	BTFSS STATUS, C,ACCESS
000AA0	C039 F040	MOVFF USBDESCSIZEIN,USBSIZE
		ENDIF23
000AA4	5140	MOVF USBSIZE,W,BANKED
000AA6	5D3A	SUBWF USBDESCSTART,W,BANKED
000AA8	A0D8	BTFSS STATUS, C,ACCESS
000AAA	D003	BRA ELSE24_1
000AAC	6B40	CLRF USBSIZE,BANKED
000AAE	693D	SETF USBLASTCONTROL,BANKED
000AB0	D002	BRA ENDIF24
		ELSE24_1
000AB2	513A	MOVF USBDESCSTART,W,BANKED
000AB4	5F40	SUBWF USBSIZE,F,BANKED
		ENDIF24
000AB6	6B35	CLRF USBCURRBYTE,BANKED
000AB8	0E01	MOVLW 1
000ABA	5D40	SUBWF USBSIZE,W,BANKED
000ABC	A0D8	BTFSS STATUS, C,ACCESS
000ABE	D016	BRA SYSFORLOOPEND4
		ENDIF25
		SYSFORLOOP4
000AC0	2B35	INCF USBCURRBYTE,F,BANKED
000AC2	513A	MOVF USBDESCSTART,W,BANKED
000AC4	2535	ADDWF USBCURRBYTE,W,BANKED
000AC6	6E07	MOVWF SYSSTRINGA,ACCESS
000AC8	DE77	RCALL USBDEVICEQUALDESCRIPTOR
000ACA	6F42	MOVWF USBTEMPBYTE,BANKED
000ACC	0535	DECF USBCURRBYTE,W,BANKED
000ACE	6F2F	MOVWF SYSTEMP1,BANKED
000000	0104	BANKSEL USB_IN0_ADDR
000AD2	2506	ADDWF USB_IN0_ADDR,W,BANKED
000AD4	6EE9	MOVWF MEMADR,ACCESS
000AD6	0E00	MOVLW 0
000AD8	2107	ADDWFC USB_IN0_ADDR_H,W,BANKED
000ADA	6EEA	MOVWF MEMADR_H,ACCESS
000ADC	C042 F00D	MOVFF USBTEMPBYTE,MEMDATA
000000	0100	BANKSEL 0
000AE2	DC78	RCALL POKE
000AE4	5140	MOVF USBSIZE,W,BANKED
000AE6	5D35	SUBWF USBCURRBYTE,W,BANKED
000AE8	A0D8	BTFSS STATUS, C,ACCESS
000AEA	D7EA	BRA SYSFORLOOP4
		ENDIF26
		SYSFORLOOPEND4
000AEC	C040 F405	MOVFF USBSIZE,USB_IN0_CNT
000AF0	5140	MOVF USBSIZE,W,BANKED
000AF2	273A	ADDWF USBDESCSTART,F,BANKED
000AF4	D0C4	BRA SYSSELECTEND4
		SYSSELECT4CASE4
000AF6	0E03	MOVLW 3
000AF8	5D3B	SUBWF USBDESCTYPE,W,BANKED
000AFA	A4D8	BTFSS STATUS, Z,ACCESS
000AFC	D0BD	BRA SYSSELECT4CASE5
000AFE	5338	MOVF USBDESCINDEX,F,BANKED
000B00	A4D8	BTFSS STATUS, Z,ACCESS
000B02	D02D	BRA ELSE27_1
000B04	693D	SETF USBLASTCONTROL,BANKED
000B06	C406 FFE9	MOVFF USB_IN0_ADDR,MEMADR
000B0A	C407 FFEA	MOVFF USB_IN0_ADDR_H,MEMADR_H
000B0E	0E04	MOVLW 4
000B10	6F0D	MOVWF MEMDATA,BANKED
000B12	DC60	RCALL POKE
000B14	0E01	MOVLW 1
000000	0104	BANKSEL USB_IN0_ADDR
000B18	2506	ADDWF USB_IN0_ADDR,W,BANKED
000B1A	6EE9	MOVWF MEMADR,ACCESS
000B1C	0E00	MOVLW 0
000B1E	2107	ADDWFC USB_IN0_ADDR_H,W,BANKED
000B20	6EEA	MOVWF MEMADR_H,ACCESS
000B22	0E03	MOVLW 3
000000	0100	BANKSEL MEMDATA
000B26	6F0D	MOVWF MEMDATA,BANKED
000B28	DC55	RCALL POKE
000B2A	0E02	MOVLW 2
000000	0104	BANKSEL USB_IN0_ADDR
000B2E	2506	ADDWF USB_IN0_ADDR,W,BANKED
000B30	6EE9	MOVWF MEMADR,ACCESS
000B32	0E00	MOVLW 0
000B34	2107	ADDWFC USB_IN0_ADDR_H,W,BANKED
000B36	6EEA	MOVWF MEMADR_H,ACCESS
000B38	0E09	MOVLW 9
000000	0100	BANKSEL MEMDATA
000B3C	6F0D	MOVWF MEMDATA,BANKED
000B3E	DC4A	RCALL POKE
000B40	0E03	MOVLW 3
000000	0104	BANKSEL USB_IN0_ADDR
000B44	2506	ADDWF USB_IN0_ADDR,W,BANKED
000B46	6EE9	MOVWF MEMADR,ACCESS
000B48	0E00	MOVLW 0
000B4A	2107	ADDWFC USB_IN0_ADDR_H,W,BANKED
000B4C	6EEA	MOVWF MEMADR_H,ACCESS
000B4E	0E04	MOVLW 4
000000	0100	BANKSEL MEMDATA
000B52	6F0D	MOVWF MEMDATA,BANKED
000B54	DC3F	RCALL POKE
000B56	0E04	MOVLW 4
000000	0104	BANKSEL USB_IN0_CNT
000B5A	6F05	MOVWF USB_IN0_CNT,BANKED
000B5C	D08C	BRA ENDIF27
		ELSE27_1
		SYSSELECT5CASE1
000B5E	0538	DECF USBDESCINDEX,W,BANKED
000B60	A4D8	BTFSS STATUS, Z,ACCESS
000B62	D008	BRA SYSSELECT5CASE2
000B64	EE17 F0D5	LFSR 1,USBTEMPSTRING
000B68	0EC6	MOVLW LOW STRINGTABLE9
000B6A	6EF6	MOVWF TBLPTRL,ACCESS
000B6C	0E06	MOVLW HIGH STRINGTABLE9
000B6E	6EF7	MOVWF TBLPTRH,ACCESS
000B70	DD7B	RCALL SYSREADSTRING
000B72	D013	BRA SYSSELECTEND5
		SYSSELECT5CASE2
000B74	0E02	MOVLW 2
000B76	5D38	SUBWF USBDESCINDEX,W,BANKED
000B78	A4D8	BTFSS STATUS, Z,ACCESS
000B7A	D008	BRA SYSSELECT5CASE3
000B7C	EE17 F0D5	LFSR 1,USBTEMPSTRING
000B80	0E8E	MOVLW LOW STRINGTABLE1
000B82	6EF6	MOVWF TBLPTRL,ACCESS
000B84	0E06	MOVLW HIGH STRINGTABLE1
000B86	6EF7	MOVWF TBLPTRH,ACCESS
000B88	DD6F	RCALL SYSREADSTRING
000B8A	D007	BRA SYSSELECTEND5
		SYSSELECT5CASE3
000B8C	EE17 F0D5	LFSR 1,USBTEMPSTRING
000B90	0ED6	MOVLW LOW STRINGTABLE13
000B92	6EF6	MOVWF TBLPTRL,ACCESS
000B94	0E06	MOVLW HIGH STRINGTABLE13
000B96	6EF7	MOVWF TBLPTRH,ACCESS
000B98	DD67	RCALL SYSREADSTRING
		SYSSELECTEND5
000000	0107	BANKSEL SYSUSBTEMPSTRING_0
000B9C	51D5	MOVF SYSUSBTEMPSTRING_0,W,BANKED
000B9E	0D02	MULLW 2
000BA0	CFF3 F02F	MOVFF PRODL,SYSTEMP1
000BA4	0E02	MOVLW 2
000000	0100	BANKSEL SYSTEMP1
000BA8	252F	ADDWF SYSTEMP1,W,BANKED
000000	0104	BANKSEL USB_IN0_CNT
000BAC	6F05	MOVWF USB_IN0_CNT,BANKED
000000	0100	BANKSEL USBDESCSTART
000BB0	513A	MOVF USBDESCSTART,W,BANKED
000000	0104	BANKSEL USB_IN0_CNT
000BB4	5D05	SUBWF USB_IN0_CNT,W,BANKED
000BB6	B0D8	BTFSC STATUS, C,ACCESS
000BB8	D004	BRA ELSE29_1
000BBA	6B05	CLRF USB_IN0_CNT,BANKED
000000	0100	BANKSEL USBLASTCONTROL
000BBE	693D	SETF USBLASTCONTROL,BANKED
000BC0	D004	BRA ENDIF29
		ELSE29_1
000000	0100	BANKSEL USBDESCSTART
000BC4	513A	MOVF USBDESCSTART,W,BANKED
000000	0104	BANKSEL USB_IN0_CNT
000BC8	5F05	SUBWF USB_IN0_CNT,F,BANKED
		ENDIF29
000BCA	C406 FFE9	MOVFF USB_IN0_ADDR,MEMADR
000BCE	C407 FFEA	MOVFF USB_IN0_ADDR_H,MEMADR_H
000BD2	C405 F00D	MOVFF USB_IN0_CNT,MEMDATA
000000	0100	BANKSEL 0
000BD8	ECEA F001	CALL POKE
000BDC	0E01	MOVLW 1
000000	0104	BANKSEL USB_IN0_ADDR
000BE0	2506	ADDWF USB_IN0_ADDR,W,BANKED
000BE2	6EE9	MOVWF MEMADR,ACCESS
000BE4	0E00	MOVLW 0
000BE6	2107	ADDWFC USB_IN0_ADDR_H,W,BANKED
000BE8	6EEA	MOVWF MEMADR_H,ACCESS
000BEA	0E03	MOVLW 3
000000	0100	BANKSEL MEMDATA
000BEE	6F0D	MOVWF MEMDATA,BANKED
000BF0	ECEA F001	CALL POKE
000BF4	6B35	CLRF USBCURRBYTE,BANKED
000BF6	0E01	MOVLW 1
000000	0107	BANKSEL SYSUSBTEMPSTRING_0
000BFA	5DD5	SUBWF SYSUSBTEMPSTRING_0,W,BANKED
000BFC	A0D8	BTFSS STATUS, C,ACCESS
000BFE	D030	BRA SYSFORLOOPEND5
		ENDIF30
		SYSFORLOOP5
000000	0100	BANKSEL USBCURRBYTE
000C02	2B35	INCF USBCURRBYTE,F,BANKED
000C04	EE07 F0D5	LFSR 0,USBTEMPSTRING
000C08	5135	MOVF USBCURRBYTE,W,BANKED
000C0A	26E9	ADDWF AFSR0,F,ACCESS
000C0C	0E00	MOVLW 0
000C0E	22EA	ADDWFC AFSR0_H,F,ACCESS
000C10	CFEF F042	MOVFF INDF0,USBTEMPBYTE
000C14	5135	MOVF USBCURRBYTE,W,BANKED
000C16	0D02	MULLW 2
000C18	CFF3 F02F	MOVFF PRODL,SYSTEMP1
000C1C	512F	MOVF SYSTEMP1,W,BANKED
000000	0104	BANKSEL USB_IN0_ADDR
000C20	2506	ADDWF USB_IN0_ADDR,W,BANKED
000C22	6EE9	MOVWF MEMADR,ACCESS
000C24	0E00	MOVLW 0
000C26	2107	ADDWFC USB_IN0_ADDR_H,W,BANKED
000C28	6EEA	MOVWF MEMADR_H,ACCESS
000C2A	C042 F00D	MOVFF USBTEMPBYTE,MEMDATA
000000	0100	BANKSEL 0
000C30	ECEA F001	CALL POKE
000C34	5135	MOVF USBCURRBYTE,W,BANKED
000C36	0D02	MULLW 2
000C38	CFF3 F02F	MOVFF PRODL,SYSTEMP1
000C3C	292F	INCF SYSTEMP1,W,BANKED
000C3E	6F31	MOVWF SYSTEMP2,BANKED
000000	0104	BANKSEL USB_IN0_ADDR
000C42	2506	ADDWF USB_IN0_ADDR,W,BANKED
000C44	6EE9	MOVWF MEMADR,ACCESS
000C46	0E00	MOVLW 0
000C48	2107	ADDWFC USB_IN0_ADDR_H,W,BANKED
000C4A	6EEA	MOVWF MEMADR_H,ACCESS
000000	0100	BANKSEL MEMDATA
000C4E	6B0D	CLRF MEMDATA,BANKED
000C50	ECEA F001	CALL POKE
000000	0107	BANKSEL SYSUSBTEMPSTRING_0
000C56	51D5	MOVF SYSUSBTEMPSTRING_0,W,BANKED
000000	0100	BANKSEL USBCURRBYTE
000C5A	5D35	SUBWF USBCURRBYTE,W,BANKED
000C5C	A0D8	BTFSS STATUS, C,ACCESS
000C5E	D7D0	BRA SYSFORLOOP5
		ENDIF31
		SYSFORLOOPEND5
000000	0104	BANKSEL USB_IN0_CNT
000C62	5105	MOVF USB_IN0_CNT,W,BANKED
000000	0100	BANKSEL USBDESCSIZEIN
000C66	5D39	SUBWF USBDESCSIZEIN,W,BANKED
000C68	A0D8	BTFSS STATUS, C,ACCESS
000C6A	C039 F405	MOVFF USBDESCSIZEIN,USB_IN0_CNT
		ENDIF32
000000	0104	BANKSEL USB_IN0_CNT
000C70	5105	MOVF USB_IN0_CNT,W,BANKED
000000	0100	BANKSEL USBDESCSTART
000C74	273A	ADDWF USBDESCSTART,F,BANKED
		ENDIF27
000C76	D003	BRA SYSSELECTEND4
		SYSSELECT4CASE5
000C78	EC4F F000	CALL DESCRIPTORHANDLER_CALLBACK
000C7C	0012	RETURN
		SYSSELECTEND4
000000	0104	BANKSEL USB_IN0_STAT
000C80	AD04	BTFSS USB_IN0_STAT,6,BANKED
000C82	D003	BRA ELSE28_1
000C84	0E88	MOVLW 136
000C86	6F04	MOVWF USB_IN0_STAT,BANKED
000C88	D002	BRA ENDIF28
		ELSE28_1
000C8A	0EC8	MOVLW 200
000C8C	6F04	MOVWF USB_IN0_STAT,BANKED
		ENDIF28
000000	0100	BANKSEL 0
000C90	0012	RETURN


