GCASM List File (GCBASIC 0.98.<<>> 2020-02-15 (Windows 32 bit))

Symbols:
A 	EQU 	0
ABDEN 	EQU 	0
ABDOVF 	EQU 	7
ACCESS 	EQU 	0
ACKDT 	EQU 	5
ACKEN 	EQU 	4
ACKSTAT 	EQU 	6
ACKTIM 	EQU 	7
ADCON0 	EQU 	157
ADCON1 	EQU 	158
ADCON2 	EQU 	159
ADCS0 	EQU 	4
ADCS1 	EQU 	5
ADCS2 	EQU 	6
ADD0 	EQU 	0
ADD1 	EQU 	1
ADD2 	EQU 	2
ADD3 	EQU 	3
ADD4 	EQU 	4
ADD5 	EQU 	5
ADD6 	EQU 	6
ADD7 	EQU 	7
ADDEN 	EQU 	3
ADFM 	EQU 	7
ADFVR0 	EQU 	0
ADFVR1 	EQU 	1
ADGO 	EQU 	1
ADIE 	EQU 	6
ADIF 	EQU 	6
ADNREF 	EQU 	2
ADON 	EQU 	0
ADPREF0 	EQU 	0
ADPREF1 	EQU 	1
ADRES 	EQU 	155
ADRESH 	EQU 	156
ADRESL 	EQU 	155
AHEN 	EQU 	1
ANS5 	EQU 	5
ANSA0 	EQU 	0
ANSA1 	EQU 	1
ANSA2 	EQU 	2
ANSA4 	EQU 	4
ANSB4 	EQU 	4
ANSB5 	EQU 	5
ANSC0 	EQU 	0
ANSC1 	EQU 	1
ANSC2 	EQU 	2
ANSC3 	EQU 	3
ANSC6 	EQU 	6
ANSC7 	EQU 	7
ANSELA 	EQU 	396
ANSELB 	EQU 	397
ANSELC 	EQU 	398
B 	EQU 	1
BANKED 	EQU 	1
BASPROGRAMEND 	EQU 	84
BASPROGRAMSTART 	EQU 	5
BAUD1CON 	EQU 	415
BAUDCON 	EQU 	415
BAUDCON1 	EQU 	415
BAUDCON1_ABDEN 	EQU 	0
BAUDCON1_ABDOVF 	EQU 	7
BAUDCON1_BRG16 	EQU 	3
BAUDCON1_RCIDL 	EQU 	6
BAUDCON1_SCKP 	EQU 	4
BAUDCON1_WUE 	EQU 	1
BAUDCON_ABDEN 	EQU 	0
BAUDCON_ABDOVF 	EQU 	7
BAUDCON_BRG16 	EQU 	3
BAUDCON_RCIDL 	EQU 	6
BAUDCON_SCKP 	EQU 	4
BAUDCON_WUE 	EQU 	1
BAUDCTL 	EQU 	415
BAUDCTL1 	EQU 	415
BAUDCTL1_ABDEN 	EQU 	0
BAUDCTL1_ABDOVF 	EQU 	7
BAUDCTL1_BRG16 	EQU 	3
BAUDCTL1_RCIDL 	EQU 	6
BAUDCTL1_SCKP 	EQU 	4
BAUDCTL1_WUE 	EQU 	1
BAUDCTL_ABDEN 	EQU 	0
BAUDCTL_ABDOVF 	EQU 	7
BAUDCTL_BRG16 	EQU 	3
BAUDCTL_RCIDL 	EQU 	6
BAUDCTL_SCKP 	EQU 	4
BAUDCTL_WUE 	EQU 	1
BCL1IE 	EQU 	3
BCL1IF 	EQU 	3
BF 	EQU 	0
BKA10 	EQU 	2
BKA11 	EQU 	3
BKA12 	EQU 	4
BKA13 	EQU 	5
BKA14 	EQU 	6
BKA8 	EQU 	0
BKA9 	EQU 	1
BOEN 	EQU 	4
BORCON 	EQU 	278
BORFS 	EQU 	6
BORRDY 	EQU 	0
BRG16 	EQU 	3
BRGH 	EQU 	2
BRIGHT 	EQU 	32
BSR 	EQU 	8
BSR0 	EQU 	0
BSR1 	EQU 	1
BSR2 	EQU 	2
BSR3 	EQU 	3
BSR4 	EQU 	4
BSR_SHAD 	EQU 	4070
BUF0 	EQU 	0
BUF1 	EQU 	1
BUF2 	EQU 	2
BUF3 	EQU 	3
BUF4 	EQU 	4
BUF5 	EQU 	5
BUF6 	EQU 	6
BUF7 	EQU 	7
C 	EQU 	0
C1HYS 	EQU 	1
C1IE 	EQU 	5
C1IF 	EQU 	5
C1INTN 	EQU 	6
C1INTP 	EQU 	7
C1NCH0 	EQU 	0
C1NCH1 	EQU 	1
C1NCH2 	EQU 	2
C1ON 	EQU 	7
C1OUT 	EQU 	6
C1PCH0 	EQU 	3
C1PCH1 	EQU 	4
C1PCH2 	EQU 	5
C1POL 	EQU 	4
C1SP 	EQU 	2
C1SYNC 	EQU 	0
C1TSEL0 	EQU 	0
C1TSEL1 	EQU 	1
C1ZLF 	EQU 	3
C2HYS 	EQU 	1
C2IE 	EQU 	6
C2IF 	EQU 	6
C2INTN 	EQU 	6
C2INTP 	EQU 	7
C2NCH0 	EQU 	0
C2NCH1 	EQU 	1
C2NCH2 	EQU 	2
C2ON 	EQU 	7
C2OUT 	EQU 	6
C2PCH0 	EQU 	3
C2PCH1 	EQU 	4
C2PCH2 	EQU 	5
C2POL 	EQU 	4
C2SP 	EQU 	2
C2SYNC 	EQU 	0
C2TSEL0 	EQU 	2
C2TSEL1 	EQU 	3
C2ZLF 	EQU 	3
CCP1CON 	EQU 	659
CCP1IE 	EQU 	2
CCP1IF 	EQU 	2
CCP1M0 	EQU 	0
CCP1M1 	EQU 	1
CCP1M2 	EQU 	2
CCP1M3 	EQU 	3
CCP1PPS 	EQU 	3604
CCP1X 	EQU 	5
CCP1Y 	EQU 	4
CCP2CON 	EQU 	666
CCP2IE 	EQU 	0
CCP2IF 	EQU 	0
CCP2M0 	EQU 	0
CCP2M1 	EQU 	1
CCP2M2 	EQU 	2
CCP2M3 	EQU 	3
CCP2PPS 	EQU 	3605
CCP2X 	EQU 	5
CCP2Y 	EQU 	4
CCPCONCACHE 	EQU 	33
CCPIE 	EQU 	2
CCPIF 	EQU 	2
CCPPWMSETUPCLOCKSOURCE 	EQU 	173
CCPR1 	EQU 	657
CCPR1H 	EQU 	658
CCPR1L 	EQU 	657
CCPR2 	EQU 	664
CCPR2H 	EQU 	665
CCPR2L 	EQU 	664
CCPTMRS 	EQU 	670
CDAFVR0 	EQU 	2
CDAFVR1 	EQU 	3
CFGS 	EQU 	6
CHS0 	EQU 	2
CHS1 	EQU 	3
CHS2 	EQU 	4
CHS3 	EQU 	5
CHS4 	EQU 	6
CKE 	EQU 	6
CKP 	EQU 	4
CKPPS 	EQU 	3621
CLC1CON 	EQU 	3856
CLC1GLS0 	EQU 	3862
CLC1GLS0_D1N 	EQU 	0
CLC1GLS0_D1T 	EQU 	1
CLC1GLS0_D2N 	EQU 	2
CLC1GLS0_D2T 	EQU 	3
CLC1GLS0_D3N 	EQU 	4
CLC1GLS0_D3T 	EQU 	5
CLC1GLS0_D4N 	EQU 	6
CLC1GLS0_D4T 	EQU 	7
CLC1GLS1 	EQU 	3863
CLC1GLS2 	EQU 	3864
CLC1GLS2_D1N 	EQU 	0
CLC1GLS2_D1T 	EQU 	1
CLC1GLS2_D2N 	EQU 	2
CLC1GLS2_D2T 	EQU 	3
CLC1GLS2_D3N 	EQU 	4
CLC1GLS2_D3T 	EQU 	5
CLC1GLS2_D4N 	EQU 	6
CLC1GLS2_D4T 	EQU 	7
CLC1GLS3 	EQU 	3865
CLC1IE 	EQU 	0
CLC1IF 	EQU 	0
CLC1POL 	EQU 	3857
CLC1SEL0 	EQU 	3858
CLC1SEL1 	EQU 	3859
CLC1SEL2 	EQU 	3860
CLC1SEL3 	EQU 	3861
CLC2CON 	EQU 	3866
CLC2CON_EN 	EQU 	7
CLC2CON_INTN 	EQU 	3
CLC2CON_INTP 	EQU 	4
CLC2CON_MODE0 	EQU 	0
CLC2CON_MODE1 	EQU 	1
CLC2CON_MODE2 	EQU 	2
CLC2CON_OUT 	EQU 	5
CLC2GLS0 	EQU 	3872
CLC2GLS0_D1N 	EQU 	0
CLC2GLS0_D1T 	EQU 	1
CLC2GLS0_D2N 	EQU 	2
CLC2GLS0_D2T 	EQU 	3
CLC2GLS0_D3N 	EQU 	4
CLC2GLS0_D3T 	EQU 	5
CLC2GLS0_D4N 	EQU 	6
CLC2GLS0_D4T 	EQU 	7
CLC2GLS1 	EQU 	3873
CLC2GLS1_D1N 	EQU 	0
CLC2GLS1_D1T 	EQU 	1
CLC2GLS1_D2N 	EQU 	2
CLC2GLS1_D2T 	EQU 	3
CLC2GLS1_D3N 	EQU 	4
CLC2GLS1_D3T 	EQU 	5
CLC2GLS1_D4N 	EQU 	6
CLC2GLS1_D4T 	EQU 	7
CLC2GLS2 	EQU 	3874
CLC2GLS2_D1N 	EQU 	0
CLC2GLS2_D1T 	EQU 	1
CLC2GLS2_D2N 	EQU 	2
CLC2GLS2_D2T 	EQU 	3
CLC2GLS2_D3N 	EQU 	4
CLC2GLS2_D3T 	EQU 	5
CLC2GLS2_D4N 	EQU 	6
CLC2GLS2_D4T 	EQU 	7
CLC2GLS3 	EQU 	3875
CLC2GLS3_G4D1N 	EQU 	0
CLC2GLS3_G4D1T 	EQU 	1
CLC2GLS3_G4D2N 	EQU 	2
CLC2GLS3_G4D2T 	EQU 	3
CLC2GLS3_G4D3N 	EQU 	4
CLC2GLS3_G4D3T 	EQU 	5
CLC2GLS3_G4D4N 	EQU 	6
CLC2GLS3_G4D4T 	EQU 	7
CLC2IE 	EQU 	1
CLC2IF 	EQU 	1
CLC2POL 	EQU 	3867
CLC2POL_G1POL 	EQU 	0
CLC2POL_G2POL 	EQU 	1
CLC2POL_G3POL 	EQU 	2
CLC2POL_G4POL 	EQU 	3
CLC2POL_POL 	EQU 	7
CLC2SEL0 	EQU 	3868
CLC2SEL0_D1S0 	EQU 	0
CLC2SEL0_D1S1 	EQU 	1
CLC2SEL0_D1S2 	EQU 	2
CLC2SEL0_D1S3 	EQU 	3
CLC2SEL0_D1S4 	EQU 	4
CLC2SEL1 	EQU 	3869
CLC2SEL1_D2S0 	EQU 	0
CLC2SEL1_D2S1 	EQU 	1
CLC2SEL1_D2S2 	EQU 	2
CLC2SEL1_D2S3 	EQU 	3
CLC2SEL1_D2S4 	EQU 	4
CLC2SEL2 	EQU 	3870
CLC2SEL2_D3S0 	EQU 	0
CLC2SEL2_D3S1 	EQU 	1
CLC2SEL2_D3S2 	EQU 	2
CLC2SEL2_D3S3 	EQU 	3
CLC2SEL2_D3S4 	EQU 	4
CLC2SEL3 	EQU 	3871
CLC2SEL3_D4S0 	EQU 	0
CLC2SEL3_D4S1 	EQU 	1
CLC2SEL3_D4S2 	EQU 	2
CLC2SEL3_D4S3 	EQU 	3
CLC2SEL3_D4S4 	EQU 	4
CLC3CON 	EQU 	3876
CLC3CON_EN 	EQU 	7
CLC3CON_INTN 	EQU 	3
CLC3CON_INTP 	EQU 	4
CLC3CON_MODE0 	EQU 	0
CLC3CON_MODE1 	EQU 	1
CLC3CON_MODE2 	EQU 	2
CLC3CON_OUT 	EQU 	5
CLC3GLS0 	EQU 	3882
CLC3GLS0_D1N 	EQU 	0
CLC3GLS0_D1T 	EQU 	1
CLC3GLS0_D2N 	EQU 	2
CLC3GLS0_D2T 	EQU 	3
CLC3GLS0_D3N 	EQU 	4
CLC3GLS0_D3T 	EQU 	5
CLC3GLS0_D4N 	EQU 	6
CLC3GLS0_D4T 	EQU 	7
CLC3GLS1 	EQU 	3883
CLC3GLS1_D1N 	EQU 	0
CLC3GLS1_D1T 	EQU 	1
CLC3GLS1_D2N 	EQU 	2
CLC3GLS1_D2T 	EQU 	3
CLC3GLS1_D3N 	EQU 	4
CLC3GLS1_D3T 	EQU 	5
CLC3GLS1_D4N 	EQU 	6
CLC3GLS1_D4T 	EQU 	7
CLC3GLS2 	EQU 	3884
CLC3GLS2_D1N 	EQU 	0
CLC3GLS2_D1T 	EQU 	1
CLC3GLS2_D2N 	EQU 	2
CLC3GLS2_D2T 	EQU 	3
CLC3GLS2_D3N 	EQU 	4
CLC3GLS2_D3T 	EQU 	5
CLC3GLS2_D4N 	EQU 	6
CLC3GLS2_D4T 	EQU 	7
CLC3GLS3 	EQU 	3885
CLC3GLS3_G4D1N 	EQU 	0
CLC3GLS3_G4D1T 	EQU 	1
CLC3GLS3_G4D2N 	EQU 	2
CLC3GLS3_G4D2T 	EQU 	3
CLC3GLS3_G4D3N 	EQU 	4
CLC3GLS3_G4D3T 	EQU 	5
CLC3GLS3_G4D4N 	EQU 	6
CLC3GLS3_G4D4T 	EQU 	7
CLC3IE 	EQU 	2
CLC3IF 	EQU 	2
CLC3POL 	EQU 	3877
CLC3POL_G1POL 	EQU 	0
CLC3POL_G2POL 	EQU 	1
CLC3POL_G3POL 	EQU 	2
CLC3POL_G4POL 	EQU 	3
CLC3POL_POL 	EQU 	7
CLC3SEL0 	EQU 	3878
CLC3SEL0_D1S0 	EQU 	0
CLC3SEL0_D1S1 	EQU 	1
CLC3SEL0_D1S2 	EQU 	2
CLC3SEL0_D1S3 	EQU 	3
CLC3SEL0_D1S4 	EQU 	4
CLC3SEL1 	EQU 	3879
CLC3SEL1_D2S0 	EQU 	0
CLC3SEL1_D2S1 	EQU 	1
CLC3SEL1_D2S2 	EQU 	2
CLC3SEL1_D2S3 	EQU 	3
CLC3SEL1_D2S4 	EQU 	4
CLC3SEL2 	EQU 	3880
CLC3SEL2_D3S0 	EQU 	0
CLC3SEL2_D3S1 	EQU 	1
CLC3SEL2_D3S2 	EQU 	2
CLC3SEL2_D3S3 	EQU 	3
CLC3SEL2_D3S4 	EQU 	4
CLC3SEL3 	EQU 	3881
CLC3SEL3_D4S0 	EQU 	0
CLC3SEL3_D4S1 	EQU 	1
CLC3SEL3_D4S2 	EQU 	2
CLC3SEL3_D4S3 	EQU 	3
CLC3SEL3_D4S4 	EQU 	4
CLCDATA 	EQU 	3855
CLCIN0PPS 	EQU 	3624
CLCIN1PPS 	EQU 	3625
CLCIN2PPS 	EQU 	3626
CLCIN3PPS 	EQU 	3627
CM1CON0 	EQU 	273
CM1CON1 	EQU 	274
CM2CON0 	EQU 	275
CM2CON1 	EQU 	276
CMOUT 	EQU 	277
COG1ASD0 	EQU 	1693
COG1ASD1 	EQU 	1694
COG1BLKF 	EQU 	1684
COG1BLKR 	EQU 	1683
COG1CON0 	EQU 	1687
COG1CON1 	EQU 	1688
COG1DBF 	EQU 	1686
COG1DBR 	EQU 	1685
COG1FIS 	EQU 	1691
COG1FSIM 	EQU 	1692
COG1PHF 	EQU 	1682
COG1PHR 	EQU 	1681
COG1RIS 	EQU 	1689
COG1RSIM 	EQU 	1690
COG1STR 	EQU 	1695
COGIE 	EQU 	5
COGIF 	EQU 	5
COGINPPS 	EQU 	3607
CREN 	EQU 	4
CSRC 	EQU 	7
C_SHAD 	EQU 	0
D1N 	EQU 	0
D1S0 	EQU 	0
D1S1 	EQU 	1
D1S2 	EQU 	2
D1S3 	EQU 	3
D1S4 	EQU 	4
D1T 	EQU 	1
D2N 	EQU 	2
D2S0 	EQU 	0
D2S1 	EQU 	1
D2S2 	EQU 	2
D2S3 	EQU 	3
D2S4 	EQU 	4
D2T 	EQU 	3
D3N 	EQU 	4
D3S0 	EQU 	0
D3S1 	EQU 	1
D3S2 	EQU 	2
D3S3 	EQU 	3
D3S4 	EQU 	4
D3T 	EQU 	5
D4N 	EQU 	6
D4S0 	EQU 	0
D4S1 	EQU 	1
D4S2 	EQU 	2
D4S3 	EQU 	3
D4S4 	EQU 	4
D4T 	EQU 	7
DAC1CON0 	EQU 	280
DAC1CON1 	EQU 	281
DAC1EN 	EQU 	7
DAC1NSS 	EQU 	0
DAC1OE1 	EQU 	5
DAC1OE2 	EQU 	4
DAC1PSS0 	EQU 	2
DAC1PSS1 	EQU 	3
DAC1R0 	EQU 	0
DAC1R1 	EQU 	1
DAC1R2 	EQU 	2
DAC1R3 	EQU 	3
DAC1R4 	EQU 	4
DAC1R5 	EQU 	5
DAC1R6 	EQU 	6
DAC1R7 	EQU 	7
DACEN 	EQU 	7
DACNSS 	EQU 	0
DACOE0 	EQU 	4
DACOE1 	EQU 	5
DACPSS0 	EQU 	2
DACPSS1 	EQU 	3
DACR0 	EQU 	0
DACR1 	EQU 	1
DACR2 	EQU 	2
DACR3 	EQU 	3
DACR4 	EQU 	4
DACR5 	EQU 	5
DACR6 	EQU 	6
DACR7 	EQU 	7
DC 	EQU 	1
DC1B0 	EQU 	4
DC1B1 	EQU 	5
DC2B0 	EQU 	4
DC2B1 	EQU 	5
DC_SHAD 	EQU 	1
DELAYTEMP 	EQU 	112
DELAYTEMP2 	EQU 	113
DELAY_MS 	EQU 	86
DHEN 	EQU 	0
DMS_INNER 	EQU 	91
DMS_OUTER 	EQU 	89
DMS_START 	EQU 	87
D_NOT_A 	EQU 	5
ECCP1CON 	EQU 	659
ECCP1CON_CCP1M0 	EQU 	0
ECCP1CON_CCP1M1 	EQU 	1
ECCP1CON_CCP1M2 	EQU 	2
ECCP1CON_CCP1M3 	EQU 	3
ECCP1CON_CCP1X 	EQU 	5
ECCP1CON_CCP1Y 	EQU 	4
ECCP1CON_DC1B0 	EQU 	4
ECCP1CON_DC1B1 	EQU 	5
ECCP2CON 	EQU 	666
ECCP2CON_CCP2M0 	EQU 	0
ECCP2CON_CCP2M1 	EQU 	1
ECCP2CON_CCP2M2 	EQU 	2
ECCP2CON_CCP2M3 	EQU 	3
ECCP2CON_CCP2X 	EQU 	5
ECCP2CON_CCP2Y 	EQU 	4
ECCP2CON_DC2B0 	EQU 	4
ECCP2CON_DC2B1 	EQU 	5
EN 	EQU 	7
ENDIF10 	EQU 	219
ENDIF11 	EQU 	227
ENDIF12 	EQU 	244
ENDIF13 	EQU 	251
ENDIF14 	EQU 	259
ENDIF15 	EQU 	351
ENDIF16 	EQU 	424
ENDIF17 	EQU 	333
ENDIF18 	EQU 	406
ENDIF19 	EQU 	272
ENDIF20 	EQU 	279
ENDIF21 	EQU 	344
ENDIF22 	EQU 	351
ENDIF23 	EQU 	417
ENDIF24 	EQU 	424
ENDIF25 	EQU 	642
ENDIF27 	EQU 	562
ENDIF28 	EQU 	593
ENDIF3 	EQU 	141
ENDIF4 	EQU 	157
ENDIF5 	EQU 	173
ENDIF8 	EQU 	195
ENDIF9 	EQU 	212
END_OF_CCPPWMSETUPCLOCKSOURCE 	EQU 	259
F 	EQU 	1
FERR 	EQU 	2
FREE 	EQU 	4
FSR0 	EQU 	4
FSR0H 	EQU 	5
FSR0H_SHAD 	EQU 	4073
FSR0L 	EQU 	4
FSR0L_SHAD 	EQU 	4072
FSR1 	EQU 	6
FSR1H 	EQU 	7
FSR1H_SHAD 	EQU 	4075
FSR1L 	EQU 	6
FSR1L_SHAD 	EQU 	4074
FVRCON 	EQU 	279
FVREN 	EQU 	7
FVRRDY 	EQU 	6
G1ARSEN 	EQU 	6
G1AS0E 	EQU 	0
G1AS1E 	EQU 	1
G1AS2E 	EQU 	2
G1AS3E 	EQU 	3
G1ASDAC0 	EQU 	2
G1ASDAC1 	EQU 	3
G1ASDBD0 	EQU 	4
G1ASDBD1 	EQU 	5
G1ASE 	EQU 	7
G1BLKF0 	EQU 	0
G1BLKF1 	EQU 	1
G1BLKF2 	EQU 	2
G1BLKF3 	EQU 	3
G1BLKF4 	EQU 	4
G1BLKF5 	EQU 	5
G1BLKR0 	EQU 	0
G1BLKR1 	EQU 	1
G1BLKR2 	EQU 	2
G1BLKR3 	EQU 	3
G1BLKR4 	EQU 	4
G1BLKR5 	EQU 	5
G1CS0 	EQU 	3
G1CS1 	EQU 	4
G1DBF0 	EQU 	0
G1DBF1 	EQU 	1
G1DBF2 	EQU 	2
G1DBF3 	EQU 	3
G1DBF4 	EQU 	4
G1DBF5 	EQU 	5
G1DBR0 	EQU 	0
G1DBR1 	EQU 	1
G1DBR2 	EQU 	2
G1DBR3 	EQU 	3
G1DBR4 	EQU 	4
G1DBR5 	EQU 	5
G1EN 	EQU 	7
G1FDBS 	EQU 	6
G1FIS0 	EQU 	0
G1FIS1 	EQU 	1
G1FIS2 	EQU 	2
G1FIS3 	EQU 	3
G1FIS4 	EQU 	4
G1FIS5 	EQU 	5
G1FIS6 	EQU 	6
G1FSIM0 	EQU 	0
G1FSIM1 	EQU 	1
G1FSIM2 	EQU 	2
G1FSIM3 	EQU 	3
G1FSIM4 	EQU 	4
G1FSIM5 	EQU 	5
G1FSIM6 	EQU 	6
G1LD 	EQU 	6
G1MD0 	EQU 	0
G1MD1 	EQU 	1
G1MD2 	EQU 	2
G1PHF0 	EQU 	0
G1PHF1 	EQU 	1
G1PHF2 	EQU 	2
G1PHF3 	EQU 	3
G1PHF4 	EQU 	4
G1PHF5 	EQU 	5
G1PHR0 	EQU 	0
G1PHR1 	EQU 	1
G1PHR2 	EQU 	2
G1PHR3 	EQU 	3
G1PHR4 	EQU 	4
G1PHR5 	EQU 	5
G1POL 	EQU 	0
G1POLA 	EQU 	0
G1POLB 	EQU 	1
G1POLC 	EQU 	2
G1POLD 	EQU 	3
G1RDBS 	EQU 	7
G1RIS0 	EQU 	0
G1RIS1 	EQU 	1
G1RIS2 	EQU 	2
G1RIS3 	EQU 	3
G1RIS4 	EQU 	4
G1RIS5 	EQU 	5
G1RIS6 	EQU 	6
G1RSIM0 	EQU 	0
G1RSIM1 	EQU 	1
G1RSIM2 	EQU 	2
G1RSIM3 	EQU 	3
G1RSIM4 	EQU 	4
G1RSIM5 	EQU 	5
G1RSIM6 	EQU 	6
G1SDATA 	EQU 	4
G1SDATB 	EQU 	5
G1SDATC 	EQU 	6
G1SDATD 	EQU 	7
G1STRA 	EQU 	0
G1STRB 	EQU 	1
G1STRC 	EQU 	2
G1STRD 	EQU 	3
G2POL 	EQU 	1
G3POL 	EQU 	2
G4D1N 	EQU 	0
G4D1T 	EQU 	1
G4D2N 	EQU 	2
G4D2T 	EQU 	3
G4D3N 	EQU 	4
G4D3T 	EQU 	5
G4D4N 	EQU 	6
G4D4T 	EQU 	7
G4POL 	EQU 	3
GCEN 	EQU 	7
GIE 	EQU 	7
GO 	EQU 	1
GO_DONE 	EQU 	1
GO_NOT_DONE 	EQU 	1
HFIOFL 	EQU 	3
HFIOFR 	EQU 	4
HFIOFS 	EQU 	0
HPWM22 	EQU 	100
ICDBK0H 	EQU 	3998
INDF0 	EQU 	0
INDF1 	EQU 	1
INITPWM 	EQU 	426
INITSYS 	EQU 	447
INLVLA 	EQU 	908
INLVLA0 	EQU 	0
INLVLA1 	EQU 	1
INLVLA2 	EQU 	2
INLVLA3 	EQU 	3
INLVLA4 	EQU 	4
INLVLA5 	EQU 	5
INLVLB 	EQU 	909
INLVLB4 	EQU 	4
INLVLB5 	EQU 	5
INLVLB6 	EQU 	6
INLVLB7 	EQU 	7
INLVLC 	EQU 	910
INLVLC0 	EQU 	0
INLVLC1 	EQU 	1
INLVLC2 	EQU 	2
INLVLC3 	EQU 	3
INLVLC4 	EQU 	4
INLVLC5 	EQU 	5
INLVLC6 	EQU 	6
INLVLC7 	EQU 	7
INTCON 	EQU 	11
INTE 	EQU 	4
INTEDG 	EQU 	6
INTF 	EQU 	1
INTN 	EQU 	3
INTP 	EQU 	4
INTPPS 	EQU 	3600
IOCAF 	EQU 	915
IOCAF0 	EQU 	0
IOCAF1 	EQU 	1
IOCAF2 	EQU 	2
IOCAF3 	EQU 	3
IOCAF4 	EQU 	4
IOCAF5 	EQU 	5
IOCAN 	EQU 	914
IOCAN0 	EQU 	0
IOCAN1 	EQU 	1
IOCAN2 	EQU 	2
IOCAN3 	EQU 	3
IOCAN4 	EQU 	4
IOCAN5 	EQU 	5
IOCAP 	EQU 	913
IOCAP0 	EQU 	0
IOCAP1 	EQU 	1
IOCAP2 	EQU 	2
IOCAP3 	EQU 	3
IOCAP4 	EQU 	4
IOCAP5 	EQU 	5
IOCBF 	EQU 	918
IOCBF4 	EQU 	4
IOCBF5 	EQU 	5
IOCBF6 	EQU 	6
IOCBF7 	EQU 	7
IOCBN 	EQU 	917
IOCBN4 	EQU 	4
IOCBN5 	EQU 	5
IOCBN6 	EQU 	6
IOCBN7 	EQU 	7
IOCBP 	EQU 	916
IOCBP4 	EQU 	4
IOCBP5 	EQU 	5
IOCBP6 	EQU 	6
IOCBP7 	EQU 	7
IOCCF 	EQU 	921
IOCCF0 	EQU 	0
IOCCF1 	EQU 	1
IOCCF2 	EQU 	2
IOCCF3 	EQU 	3
IOCCF4 	EQU 	4
IOCCF5 	EQU 	5
IOCCF6 	EQU 	6
IOCCF7 	EQU 	7
IOCCN 	EQU 	920
IOCCN0 	EQU 	0
IOCCN1 	EQU 	1
IOCCN2 	EQU 	2
IOCCN3 	EQU 	3
IOCCN4 	EQU 	4
IOCCN5 	EQU 	5
IOCCN6 	EQU 	6
IOCCN7 	EQU 	7
IOCCP 	EQU 	919
IOCCP0 	EQU 	0
IOCCP1 	EQU 	1
IOCCP2 	EQU 	2
IOCCP3 	EQU 	3
IOCCP4 	EQU 	4
IOCCP5 	EQU 	5
IOCCP6 	EQU 	6
IOCCP7 	EQU 	7
IOCIE 	EQU 	3
IOCIF 	EQU 	0
IRCF0 	EQU 	3
IRCF1 	EQU 	4
IRCF2 	EQU 	5
IRCF3 	EQU 	6
LATA 	EQU 	268
LATA0 	EQU 	0
LATA1 	EQU 	1
LATA2 	EQU 	2
LATA4 	EQU 	4
LATA5 	EQU 	5
LATB 	EQU 	269
LATB4 	EQU 	4
LATB5 	EQU 	5
LATB6 	EQU 	6
LATB7 	EQU 	7
LATC 	EQU 	270
LATC0 	EQU 	0
LATC1 	EQU 	1
LATC2 	EQU 	2
LATC3 	EQU 	3
LATC4 	EQU 	4
LATC5 	EQU 	5
LATC6 	EQU 	6
LATC7 	EQU 	7
LC1D1S0 	EQU 	0
LC1D1S1 	EQU 	1
LC1D1S2 	EQU 	2
LC1D1S3 	EQU 	3
LC1D1S4 	EQU 	4
LC1D2S0 	EQU 	0
LC1D2S1 	EQU 	1
LC1D2S2 	EQU 	2
LC1D2S3 	EQU 	3
LC1D2S4 	EQU 	4
LC1D3S0 	EQU 	0
LC1D3S1 	EQU 	1
LC1D3S2 	EQU 	2
LC1D3S3 	EQU 	3
LC1D3S4 	EQU 	4
LC1D4S0 	EQU 	0
LC1D4S1 	EQU 	1
LC1D4S2 	EQU 	2
LC1D4S3 	EQU 	3
LC1D4S4 	EQU 	4
LC1EN 	EQU 	7
LC1G1D1N 	EQU 	0
LC1G1D1T 	EQU 	1
LC1G1D2N 	EQU 	2
LC1G1D2T 	EQU 	3
LC1G1D3N 	EQU 	4
LC1G1D3T 	EQU 	5
LC1G1D4N 	EQU 	6
LC1G1D4T 	EQU 	7
LC1G1POL 	EQU 	0
LC1G2D1N 	EQU 	0
LC1G2D1T 	EQU 	1
LC1G2D2N 	EQU 	2
LC1G2D2T 	EQU 	3
LC1G2D3N 	EQU 	4
LC1G2D3T 	EQU 	5
LC1G2D4N 	EQU 	6
LC1G2D4T 	EQU 	7
LC1G2POL 	EQU 	1
LC1G3D1N 	EQU 	0
LC1G3D1T 	EQU 	1
LC1G3D2N 	EQU 	2
LC1G3D2T 	EQU 	3
LC1G3D3N 	EQU 	4
LC1G3D3T 	EQU 	5
LC1G3D4N 	EQU 	6
LC1G3D4T 	EQU 	7
LC1G3POL 	EQU 	2
LC1G4D1N 	EQU 	0
LC1G4D1T 	EQU 	1
LC1G4D2N 	EQU 	2
LC1G4D2T 	EQU 	3
LC1G4D3N 	EQU 	4
LC1G4D3T 	EQU 	5
LC1G4D4N 	EQU 	6
LC1G4D4T 	EQU 	7
LC1G4POL 	EQU 	3
LC1INTN 	EQU 	3
LC1INTP 	EQU 	4
LC1MODE0 	EQU 	0
LC1MODE1 	EQU 	1
LC1MODE2 	EQU 	2
LC1OUT 	EQU 	5
LC1POL 	EQU 	7
LC2D1S0 	EQU 	0
LC2D1S1 	EQU 	1
LC2D1S2 	EQU 	2
LC2D1S3 	EQU 	3
LC2D1S4 	EQU 	4
LC2D2S0 	EQU 	0
LC2D2S1 	EQU 	1
LC2D2S2 	EQU 	2
LC2D2S3 	EQU 	3
LC2D2S4 	EQU 	4
LC2D3S0 	EQU 	0
LC2D3S1 	EQU 	1
LC2D3S2 	EQU 	2
LC2D3S3 	EQU 	3
LC2D3S4 	EQU 	4
LC2D4S0 	EQU 	0
LC2D4S1 	EQU 	1
LC2D4S2 	EQU 	2
LC2D4S3 	EQU 	3
LC2D4S4 	EQU 	4
LC2EN 	EQU 	7
LC2G1D1N 	EQU 	0
LC2G1D1T 	EQU 	1
LC2G1D2N 	EQU 	2
LC2G1D2T 	EQU 	3
LC2G1D3N 	EQU 	4
LC2G1D3T 	EQU 	5
LC2G1D4N 	EQU 	6
LC2G1D4T 	EQU 	7
LC2G1POL 	EQU 	0
LC2G2D1N 	EQU 	0
LC2G2D1T 	EQU 	1
LC2G2D2N 	EQU 	2
LC2G2D2T 	EQU 	3
LC2G2D3N 	EQU 	4
LC2G2D3T 	EQU 	5
LC2G2D4N 	EQU 	6
LC2G2D4T 	EQU 	7
LC2G2POL 	EQU 	1
LC2G3D1N 	EQU 	0
LC2G3D1T 	EQU 	1
LC2G3D2N 	EQU 	2
LC2G3D2T 	EQU 	3
LC2G3D3N 	EQU 	4
LC2G3D3T 	EQU 	5
LC2G3D4N 	EQU 	6
LC2G3D4T 	EQU 	7
LC2G3POL 	EQU 	2
LC2G4D1N 	EQU 	0
LC2G4D1T 	EQU 	1
LC2G4D2N 	EQU 	2
LC2G4D2T 	EQU 	3
LC2G4D3N 	EQU 	4
LC2G4D3T 	EQU 	5
LC2G4D4N 	EQU 	6
LC2G4D4T 	EQU 	7
LC2G4POL 	EQU 	3
LC2INTN 	EQU 	3
LC2INTP 	EQU 	4
LC2MODE0 	EQU 	0
LC2MODE1 	EQU 	1
LC2MODE2 	EQU 	2
LC2OUT 	EQU 	5
LC2POL 	EQU 	7
LC3D1S0 	EQU 	0
LC3D1S1 	EQU 	1
LC3D1S2 	EQU 	2
LC3D1S3 	EQU 	3
LC3D1S4 	EQU 	4
LC3D2S0 	EQU 	0
LC3D2S1 	EQU 	1
LC3D2S2 	EQU 	2
LC3D2S3 	EQU 	3
LC3D2S4 	EQU 	4
LC3D3S0 	EQU 	0
LC3D3S1 	EQU 	1
LC3D3S2 	EQU 	2
LC3D3S3 	EQU 	3
LC3D3S4 	EQU 	4
LC3D4S0 	EQU 	0
LC3D4S1 	EQU 	1
LC3D4S2 	EQU 	2
LC3D4S3 	EQU 	3
LC3D4S4 	EQU 	4
LC3EN 	EQU 	7
LC3G1D1N 	EQU 	0
LC3G1D1T 	EQU 	1
LC3G1D2N 	EQU 	2
LC3G1D2T 	EQU 	3
LC3G1D3N 	EQU 	4
LC3G1D3T 	EQU 	5
LC3G1D4N 	EQU 	6
LC3G1D4T 	EQU 	7
LC3G1POL 	EQU 	0
LC3G2D1N 	EQU 	0
LC3G2D1T 	EQU 	1
LC3G2D2N 	EQU 	2
LC3G2D2T 	EQU 	3
LC3G2D3N 	EQU 	4
LC3G2D3T 	EQU 	5
LC3G2D4N 	EQU 	6
LC3G2D4T 	EQU 	7
LC3G2POL 	EQU 	1
LC3G3D1N 	EQU 	0
LC3G3D1T 	EQU 	1
LC3G3D2N 	EQU 	2
LC3G3D2T 	EQU 	3
LC3G3D3N 	EQU 	4
LC3G3D3T 	EQU 	5
LC3G3D4N 	EQU 	6
LC3G3D4T 	EQU 	7
LC3G3POL 	EQU 	2
LC3G4D1N 	EQU 	0
LC3G4D1T 	EQU 	1
LC3G4D2N 	EQU 	2
LC3G4D2T 	EQU 	3
LC3G4D3N 	EQU 	4
LC3G4D3T 	EQU 	5
LC3G4D4N 	EQU 	6
LC3G4D4T 	EQU 	7
LC3G4POL 	EQU 	3
LC3INTN 	EQU 	3
LC3INTP 	EQU 	4
LC3MODE0 	EQU 	0
LC3MODE1 	EQU 	1
LC3MODE2 	EQU 	2
LC3OUT 	EQU 	5
LC3POL 	EQU 	7
LEGACY_STARTOFFIXEDCCPPWMMODECODE 	EQU 	428
LFIOFR 	EQU 	1
LWLO 	EQU 	5
MC1OUT 	EQU 	0
MC2OUT 	EQU 	1
MCLC1OUT 	EQU 	0
MCLC2OUT 	EQU 	1
MCLC3OUT 	EQU 	2
MFIOFR 	EQU 	2
MODE0 	EQU 	0
MODE1 	EQU 	1
MODE2 	EQU 	2
MSK0 	EQU 	0
MSK1 	EQU 	1
MSK2 	EQU 	2
MSK3 	EQU 	3
MSK4 	EQU 	4
MSK5 	EQU 	5
MSK6 	EQU 	6
MSK7 	EQU 	7
MUL32LOOP 	EQU 	632
NOT_BOR 	EQU 	0
NOT_PD 	EQU 	3
NOT_POR 	EQU 	1
NOT_RI 	EQU 	2
NOT_RMCLR 	EQU 	3
NOT_RWDT 	EQU 	4
NOT_T1SYNC 	EQU 	2
NOT_TO 	EQU 	4
NOT_WPUEN 	EQU 	7
ODA0 	EQU 	0
ODA1 	EQU 	1
ODA2 	EQU 	2
ODA4 	EQU 	4
ODA5 	EQU 	5
ODB4 	EQU 	4
ODB5 	EQU 	5
ODB6 	EQU 	6
ODB7 	EQU 	7
ODC0 	EQU 	0
ODC1 	EQU 	1
ODC2 	EQU 	2
ODC3 	EQU 	3
ODC4 	EQU 	4
ODC5 	EQU 	5
ODC6 	EQU 	6
ODC7 	EQU 	7
ODCONA 	EQU 	652
ODCONB 	EQU 	653
ODCONC 	EQU 	654
OERR 	EQU 	1
OPA1CON 	EQU 	1297
OPA1EN 	EQU 	7
OPA1PCH0 	EQU 	0
OPA1PCH1 	EQU 	1
OPA1SP 	EQU 	6
OPA1UG 	EQU 	4
OPA2CON 	EQU 	1301
OPA2EN 	EQU 	7
OPA2PCH0 	EQU 	0
OPA2PCH1 	EQU 	1
OPA2SP 	EQU 	6
OPA2UG 	EQU 	4
OPTION_REG 	EQU 	149
OSCCON 	EQU 	153
OSCSTAT 	EQU 	154
OSCTUNE 	EQU 	152
OSFIE 	EQU 	7
OSFIF 	EQU 	7
OSTS 	EQU 	5
OUT 	EQU 	5
P 	EQU 	4
P3TSEL0 	EQU 	4
P3TSEL1 	EQU 	5
P4TSEL0 	EQU 	6
P4TSEL1 	EQU 	7
PCIE 	EQU 	6
PCL 	EQU 	2
PCLATH 	EQU 	10
PCLATH_SHAD 	EQU 	4071
PCON 	EQU 	150
PEIE 	EQU 	6
PEN 	EQU 	2
PIE1 	EQU 	145
PIE2 	EQU 	146
PIE3 	EQU 	147
PIR1 	EQU 	17
PIR2 	EQU 	18
PIR3 	EQU 	19
PLLR 	EQU 	6
PMADR 	EQU 	401
PMADRH 	EQU 	402
PMADRL 	EQU 	401
PMCON1 	EQU 	405
PMCON2 	EQU 	406
PMDAT 	EQU 	403
PMDATH 	EQU 	404
PMDATL 	EQU 	403
POL 	EQU 	7
PORTA 	EQU 	12
PORTB 	EQU 	13
PORTC 	EQU 	14
PPSLOCK 	EQU 	3599
PPSLOCKED 	EQU 	0
PR2 	EQU 	27
PR4 	EQU 	1046
PR6 	EQU 	1053
PRX_TEMP 	EQU 	34
PRX_TEMP_E 	EQU 	37
PRX_TEMP_H 	EQU 	35
PRX_TEMP_U 	EQU 	36
PS0 	EQU 	0
PS1 	EQU 	1
PS2 	EQU 	2
PSA 	EQU 	3
PWM3CON 	EQU 	1561
PWM3CON0 	EQU 	1561
PWM3CON0_PWM3EN 	EQU 	7
PWM3CON0_PWM3OUT 	EQU 	5
PWM3CON0_PWM3POL 	EQU 	4
PWM3DCH 	EQU 	1560
PWM3DCH0 	EQU 	0
PWM3DCH1 	EQU 	1
PWM3DCH2 	EQU 	2
PWM3DCH3 	EQU 	3
PWM3DCH4 	EQU 	4
PWM3DCH5 	EQU 	5
PWM3DCH6 	EQU 	6
PWM3DCH7 	EQU 	7
PWM3DCL 	EQU 	1559
PWM3DCL0 	EQU 	6
PWM3DCL1 	EQU 	7
PWM3EN 	EQU 	7
PWM3OUT 	EQU 	5
PWM3POL 	EQU 	4
PWM4CON 	EQU 	1564
PWM4CON0 	EQU 	1564
PWM4CON0_PWM4EN 	EQU 	7
PWM4CON0_PWM4OUT 	EQU 	5
PWM4CON0_PWM4POL 	EQU 	4
PWM4DCH 	EQU 	1563
PWM4DCH0 	EQU 	0
PWM4DCH1 	EQU 	1
PWM4DCH2 	EQU 	2
PWM4DCH3 	EQU 	3
PWM4DCH4 	EQU 	4
PWM4DCH5 	EQU 	5
PWM4DCH6 	EQU 	6
PWM4DCH7 	EQU 	7
PWM4DCL 	EQU 	1562
PWM4DCL0 	EQU 	6
PWM4DCL1 	EQU 	7
PWM4EN 	EQU 	7
PWM4OUT 	EQU 	5
PWM4POL 	EQU 	4
PWMCHANNEL 	EQU 	38
PWMDUTY 	EQU 	39
PWMDUTY_H 	EQU 	40
PWMFREQ 	EQU 	41
PWMRESOLUTION 	EQU 	42
PWMRESOLUTION_H 	EQU 	43
RA0 	EQU 	0
RA0PPS 	EQU 	3728
RA1 	EQU 	1
RA1PPS 	EQU 	3729
RA2 	EQU 	2
RA2PPS 	EQU 	3730
RA3 	EQU 	3
RA4 	EQU 	4
RA4PPS 	EQU 	3732
RA5 	EQU 	5
RA5PPS 	EQU 	3733
RB4 	EQU 	4
RB4PPS 	EQU 	3740
RB5 	EQU 	5
RB5PPS 	EQU 	3741
RB6 	EQU 	6
RB6PPS 	EQU 	3742
RB7 	EQU 	7
RB7PPS 	EQU 	3743
RC0 	EQU 	0
RC0PPS 	EQU 	3744
RC1 	EQU 	1
RC1PPS 	EQU 	3745
RC1REG 	EQU 	409
RC1STA 	EQU 	413
RC2 	EQU 	2
RC2PPS 	EQU 	3746
RC3 	EQU 	3
RC3PPS 	EQU 	3747
RC4 	EQU 	4
RC4PPS 	EQU 	3748
RC5 	EQU 	5
RC5PPS 	EQU 	3749
RC6 	EQU 	6
RC6PPS 	EQU 	3750
RC7 	EQU 	7
RC7PPS 	EQU 	3751
RCEN 	EQU 	3
RCIDL 	EQU 	6
RCIE 	EQU 	5
RCIF 	EQU 	5
RCREG 	EQU 	409
RCREG1 	EQU 	409
RCSTA 	EQU 	413
RCSTA1 	EQU 	413
RCSTA1_ADDEN 	EQU 	3
RCSTA1_CREN 	EQU 	4
RCSTA1_FERR 	EQU 	2
RCSTA1_OERR 	EQU 	1
RCSTA1_RX9 	EQU 	6
RCSTA1_RX9D 	EQU 	0
RCSTA1_SPEN 	EQU 	7
RCSTA1_SREN 	EQU 	5
RCSTA_ADDEN 	EQU 	3
RCSTA_CREN 	EQU 	4
RCSTA_FERR 	EQU 	2
RCSTA_OERR 	EQU 	1
RCSTA_RX9 	EQU 	6
RCSTA_RX9D 	EQU 	0
RCSTA_SPEN 	EQU 	7
RCSTA_SREN 	EQU 	5
RD 	EQU 	0
RESERVED 	EQU 	0
REV2018_ENDOFFIXEDPWMMODECODE 	EQU 	446
RSEN 	EQU 	1
RX9 	EQU 	6
RX9D 	EQU 	0
RXPPS 	EQU 	3620
R_NOT_W 	EQU 	2
S 	EQU 	3
SBCDE 	EQU 	2
SBOREN 	EQU 	7
SCIE 	EQU 	5
SCKP 	EQU 	4
SCLT32TRUE 	EQU 	520
SCS0 	EQU 	0
SCS1 	EQU 	1
SDAHT 	EQU 	3
SEN 	EQU 	0
SENDB 	EQU 	3
SETPWMDUTYCODE 	EQU 	446
SETUPCCPPWMREGISTERS 	EQU 	265
SETUPTHECORRECTTIMERBITS 	EQU 	259
SLRA0 	EQU 	0
SLRA1 	EQU 	1
SLRA2 	EQU 	2
SLRA4 	EQU 	4
SLRA5 	EQU 	5
SLRB4 	EQU 	4
SLRB5 	EQU 	5
SLRB6 	EQU 	6
SLRB7 	EQU 	7
SLRC0 	EQU 	0
SLRC1 	EQU 	1
SLRC2 	EQU 	2
SLRC3 	EQU 	3
SLRC4 	EQU 	4
SLRC5 	EQU 	5
SLRC6 	EQU 	6
SLRC7 	EQU 	7
SLRCONA 	EQU 	780
SLRCONB 	EQU 	781
SLRCONC 	EQU 	782
SMP 	EQU 	7
SOSCR 	EQU 	7
SP1BRG 	EQU 	411
SP1BRGH 	EQU 	412
SP1BRGL 	EQU 	411
SPBRG 	EQU 	411
SPBRG1 	EQU 	411
SPBRGH 	EQU 	412
SPBRGH1 	EQU 	412
SPBRGL 	EQU 	411
SPEN 	EQU 	7
SPLLEN 	EQU 	7
SREN 	EQU 	5
SSP1ADD 	EQU 	530
SSP1ADD0 	EQU 	0
SSP1ADD1 	EQU 	1
SSP1ADD2 	EQU 	2
SSP1ADD3 	EQU 	3
SSP1ADD4 	EQU 	4
SSP1ADD5 	EQU 	5
SSP1ADD6 	EQU 	6
SSP1ADD7 	EQU 	7
SSP1BUF 	EQU 	529
SSP1BUF0 	EQU 	0
SSP1BUF1 	EQU 	1
SSP1BUF2 	EQU 	2
SSP1BUF3 	EQU 	3
SSP1BUF4 	EQU 	4
SSP1BUF5 	EQU 	5
SSP1BUF6 	EQU 	6
SSP1BUF7 	EQU 	7
SSP1CON 	EQU 	533
SSP1CON1 	EQU 	533
SSP1CON2 	EQU 	534
SSP1CON3 	EQU 	535
SSP1CON_CKP 	EQU 	4
SSP1CON_SSPEN 	EQU 	5
SSP1CON_SSPM0 	EQU 	0
SSP1CON_SSPM1 	EQU 	1
SSP1CON_SSPM2 	EQU 	2
SSP1CON_SSPM3 	EQU 	3
SSP1CON_SSPOV 	EQU 	6
SSP1CON_WCOL 	EQU 	7
SSP1IE 	EQU 	3
SSP1IF 	EQU 	3
SSP1MSK 	EQU 	531
SSP1MSK0 	EQU 	0
SSP1MSK1 	EQU 	1
SSP1MSK2 	EQU 	2
SSP1MSK3 	EQU 	3
SSP1MSK4 	EQU 	4
SSP1MSK5 	EQU 	5
SSP1MSK6 	EQU 	6
SSP1MSK7 	EQU 	7
SSP1STAT 	EQU 	532
SSPADD 	EQU 	530
SSPADD_ADD0 	EQU 	0
SSPADD_ADD1 	EQU 	1
SSPADD_ADD2 	EQU 	2
SSPADD_ADD3 	EQU 	3
SSPADD_ADD4 	EQU 	4
SSPADD_ADD5 	EQU 	5
SSPADD_ADD6 	EQU 	6
SSPADD_ADD7 	EQU 	7
SSPADD_SSP1ADD0 	EQU 	0
SSPADD_SSP1ADD1 	EQU 	1
SSPADD_SSP1ADD2 	EQU 	2
SSPADD_SSP1ADD3 	EQU 	3
SSPADD_SSP1ADD4 	EQU 	4
SSPADD_SSP1ADD5 	EQU 	5
SSPADD_SSP1ADD6 	EQU 	6
SSPADD_SSP1ADD7 	EQU 	7
SSPBUF 	EQU 	529
SSPBUF_BUF0 	EQU 	0
SSPBUF_BUF1 	EQU 	1
SSPBUF_BUF2 	EQU 	2
SSPBUF_BUF3 	EQU 	3
SSPBUF_BUF4 	EQU 	4
SSPBUF_BUF5 	EQU 	5
SSPBUF_BUF6 	EQU 	6
SSPBUF_BUF7 	EQU 	7
SSPBUF_SSP1BUF0 	EQU 	0
SSPBUF_SSP1BUF1 	EQU 	1
SSPBUF_SSP1BUF2 	EQU 	2
SSPBUF_SSP1BUF3 	EQU 	3
SSPBUF_SSP1BUF4 	EQU 	4
SSPBUF_SSP1BUF5 	EQU 	5
SSPBUF_SSP1BUF6 	EQU 	6
SSPBUF_SSP1BUF7 	EQU 	7
SSPCLKPPS 	EQU 	3616
SSPCON 	EQU 	533
SSPCON1 	EQU 	533
SSPCON1_CKP 	EQU 	4
SSPCON1_SSPEN 	EQU 	5
SSPCON1_SSPM0 	EQU 	0
SSPCON1_SSPM1 	EQU 	1
SSPCON1_SSPM2 	EQU 	2
SSPCON1_SSPM3 	EQU 	3
SSPCON1_SSPOV 	EQU 	6
SSPCON1_WCOL 	EQU 	7
SSPCON2 	EQU 	534
SSPCON2_ACKDT 	EQU 	5
SSPCON2_ACKEN 	EQU 	4
SSPCON2_ACKSTAT 	EQU 	6
SSPCON2_GCEN 	EQU 	7
SSPCON2_PEN 	EQU 	2
SSPCON2_RCEN 	EQU 	3
SSPCON2_RSEN 	EQU 	1
SSPCON2_SEN 	EQU 	0
SSPCON3 	EQU 	535
SSPCON3_ACKTIM 	EQU 	7
SSPCON3_AHEN 	EQU 	1
SSPCON3_BOEN 	EQU 	4
SSPCON3_DHEN 	EQU 	0
SSPCON3_PCIE 	EQU 	6
SSPCON3_SBCDE 	EQU 	2
SSPCON3_SCIE 	EQU 	5
SSPCON3_SDAHT 	EQU 	3
SSPCON_CKP 	EQU 	4
SSPCON_SSPEN 	EQU 	5
SSPCON_SSPM0 	EQU 	0
SSPCON_SSPM1 	EQU 	1
SSPCON_SSPM2 	EQU 	2
SSPCON_SSPM3 	EQU 	3
SSPCON_SSPOV 	EQU 	6
SSPCON_WCOL 	EQU 	7
SSPDATPPS 	EQU 	3617
SSPEN 	EQU 	5
SSPM0 	EQU 	0
SSPM1 	EQU 	1
SSPM2 	EQU 	2
SSPM3 	EQU 	3
SSPMSK 	EQU 	531
SSPMSK_MSK0 	EQU 	0
SSPMSK_MSK1 	EQU 	1
SSPMSK_MSK2 	EQU 	2
SSPMSK_MSK3 	EQU 	3
SSPMSK_MSK4 	EQU 	4
SSPMSK_MSK5 	EQU 	5
SSPMSK_MSK6 	EQU 	6
SSPMSK_MSK7 	EQU 	7
SSPMSK_SSP1MSK0 	EQU 	0
SSPMSK_SSP1MSK1 	EQU 	1
SSPMSK_SSP1MSK2 	EQU 	2
SSPMSK_SSP1MSK3 	EQU 	3
SSPMSK_SSP1MSK4 	EQU 	4
SSPMSK_SSP1MSK5 	EQU 	5
SSPMSK_SSP1MSK6 	EQU 	6
SSPMSK_SSP1MSK7 	EQU 	7
SSPOV 	EQU 	6
SSPSSPPS 	EQU 	3618
SSPSTAT 	EQU 	532
SSPSTAT_BF 	EQU 	0
SSPSTAT_CKE 	EQU 	6
SSPSTAT_D_NOT_A 	EQU 	5
SSPSTAT_P 	EQU 	4
SSPSTAT_R_NOT_W 	EQU 	2
SSPSTAT_S 	EQU 	3
SSPSTAT_SMP 	EQU 	7
SSPSTAT_UA 	EQU 	1
STARTOFFIXEDPWMMODECODE 	EQU 	446
STATUS 	EQU 	3
STATUS_SHAD 	EQU 	4068
STKOVF 	EQU 	7
STKPTR 	EQU 	4077
STKUNF 	EQU 	6
SWDTEN 	EQU 	0
SYNC 	EQU 	4
SYSBYTETEMPX 	EQU 	112
SYSCOMPEQUAL16 	EQU 	467
SYSCOMPEQUAL32 	EQU 	478
SYSCOMPLESSTHAN32 	EQU 	497
SYSDIV32START 	EQU 	564
SYSDIVLOOP 	EQU 	116
SYSDIVSUB32 	EQU 	522
SYSDOLOOP_E1 	EQU 	84
SYSDOLOOP_S1 	EQU 	31
SYSFORLOOP1 	EQU 	34
SYSFORLOOP2 	EQU 	59
SYSFORLOOPEND1 	EQU 	53
SYSFORLOOPEND2 	EQU 	78
SYSLONGDIVMULTA 	EQU 	44
SYSLONGDIVMULTA_E 	EQU 	47
SYSLONGDIVMULTA_H 	EQU 	45
SYSLONGDIVMULTA_U 	EQU 	46
SYSLONGDIVMULTB 	EQU 	48
SYSLONGDIVMULTB_E 	EQU 	51
SYSLONGDIVMULTB_H 	EQU 	49
SYSLONGDIVMULTB_U 	EQU 	50
SYSLONGDIVMULTX 	EQU 	52
SYSLONGDIVMULTX_E 	EQU 	55
SYSLONGDIVMULTX_H 	EQU 	53
SYSLONGDIVMULTX_U 	EQU 	54
SYSLONGTEMPA 	EQU 	117
SYSLONGTEMPA_E 	EQU 	120
SYSLONGTEMPA_H 	EQU 	118
SYSLONGTEMPA_U 	EQU 	119
SYSLONGTEMPB 	EQU 	121
SYSLONGTEMPB_E 	EQU 	124
SYSLONGTEMPB_H 	EQU 	122
SYSLONGTEMPB_U 	EQU 	123
SYSLONGTEMPX 	EQU 	112
SYSLONGTEMPX_E 	EQU 	115
SYSLONGTEMPX_H 	EQU 	113
SYSLONGTEMPX_U 	EQU 	114
SYSMULTSUB32 	EQU 	612
SYSSELECT1CASE1 	EQU 	173
SYSSELECT1CASE2 	EQU 	196
SYSSELECT1CASE3 	EQU 	228
SYSSELECTEND1 	EQU 	259
SYSTEMP1 	EQU 	56
SYSTEMP1_E 	EQU 	59
SYSTEMP1_H 	EQU 	57
SYSTEMP1_U 	EQU 	58
SYSWAITTEMPMS 	EQU 	114
SYSWAITTEMPMS_H 	EQU 	115
SYSWORDTEMPA 	EQU 	117
SYSWORDTEMPA_H 	EQU 	118
SYSWORDTEMPB 	EQU 	121
SYSWORDTEMPB_H 	EQU 	122
T0CKIPPS 	EQU 	3601
T0CS 	EQU 	5
T0IE 	EQU 	5
T0IF 	EQU 	2
T0SE 	EQU 	4
T1CKIPPS 	EQU 	3602
T1CKPS0 	EQU 	4
T1CKPS1 	EQU 	5
T1CON 	EQU 	24
T1GCON 	EQU 	25
T1GGO_NOT_DONE 	EQU 	3
T1GPOL 	EQU 	6
T1GPPS 	EQU 	3603
T1GSPM 	EQU 	4
T1GSS0 	EQU 	0
T1GSS1 	EQU 	1
T1GTM 	EQU 	5
T1GVAL 	EQU 	2
T1OSCEN 	EQU 	3
T2CKPS0 	EQU 	0
T2CKPS1 	EQU 	1
T2CON 	EQU 	28
T2OUTPS0 	EQU 	3
T2OUTPS1 	EQU 	4
T2OUTPS2 	EQU 	5
T2OUTPS3 	EQU 	6
T4CKPS0 	EQU 	0
T4CKPS1 	EQU 	1
T4CON 	EQU 	1047
T4OUTPS0 	EQU 	3
T4OUTPS1 	EQU 	4
T4OUTPS2 	EQU 	5
T4OUTPS3 	EQU 	6
T6CKPS0 	EQU 	0
T6CKPS1 	EQU 	1
T6CON 	EQU 	1054
T6OUTPS0 	EQU 	3
T6OUTPS1 	EQU 	4
T6OUTPS2 	EQU 	5
T6OUTPS3 	EQU 	6
TIMERSELECTIONBITS 	EQU 	60
TMR0 	EQU 	21
TMR0CS 	EQU 	5
TMR0IE 	EQU 	5
TMR0IF 	EQU 	2
TMR0SE 	EQU 	4
TMR1 	EQU 	22
TMR1CS0 	EQU 	6
TMR1CS1 	EQU 	7
TMR1GE 	EQU 	7
TMR1GIE 	EQU 	7
TMR1GIF 	EQU 	7
TMR1H 	EQU 	23
TMR1IE 	EQU 	0
TMR1IF 	EQU 	0
TMR1L 	EQU 	22
TMR1ON 	EQU 	0
TMR2 	EQU 	26
TMR2IE 	EQU 	1
TMR2IF 	EQU 	1
TMR2ON 	EQU 	2
TMR4 	EQU 	1045
TMR4IE 	EQU 	1
TMR4IF 	EQU 	1
TMR4ON 	EQU 	2
TMR6 	EQU 	1052
TMR6IE 	EQU 	2
TMR6IF 	EQU 	2
TMR6ON 	EQU 	2
TOSH 	EQU 	4079
TOSL 	EQU 	4078
TRIGSEL0 	EQU 	4
TRIGSEL1 	EQU 	5
TRIGSEL2 	EQU 	6
TRIGSEL3 	EQU 	7
TRISA 	EQU 	140
TRISA0 	EQU 	0
TRISA1 	EQU 	1
TRISA2 	EQU 	2
TRISA4 	EQU 	4
TRISA5 	EQU 	5
TRISB 	EQU 	141
TRISB4 	EQU 	4
TRISB5 	EQU 	5
TRISB6 	EQU 	6
TRISB7 	EQU 	7
TRISC 	EQU 	142
TRISC0 	EQU 	0
TRISC1 	EQU 	1
TRISC2 	EQU 	2
TRISC3 	EQU 	3
TRISC4 	EQU 	4
TRISC5 	EQU 	5
TRISC6 	EQU 	6
TRISC7 	EQU 	7
TRMT 	EQU 	1
TSEN 	EQU 	5
TSRNG 	EQU 	4
TUN0 	EQU 	0
TUN1 	EQU 	1
TUN2 	EQU 	2
TUN3 	EQU 	3
TUN4 	EQU 	4
TUN5 	EQU 	5
TX1REG 	EQU 	410
TX1STA 	EQU 	414
TX9 	EQU 	6
TX9D 	EQU 	0
TXEN 	EQU 	5
TXIE 	EQU 	4
TXIF 	EQU 	4
TXREG 	EQU 	410
TXREG1 	EQU 	410
TXSTA 	EQU 	414
TXSTA1 	EQU 	414
TXSTA1_BRGH 	EQU 	2
TXSTA1_CSRC 	EQU 	7
TXSTA1_SENDB 	EQU 	3
TXSTA1_SYNC 	EQU 	4
TXSTA1_TRMT 	EQU 	1
TXSTA1_TX9 	EQU 	6
TXSTA1_TX9D 	EQU 	0
TXSTA1_TXEN 	EQU 	5
TXSTA_BRGH 	EQU 	2
TXSTA_CSRC 	EQU 	7
TXSTA_SENDB 	EQU 	3
TXSTA_SYNC 	EQU 	4
TXSTA_TRMT 	EQU 	1
TXSTA_TX9 	EQU 	6
TXSTA_TX9D 	EQU 	0
TXSTA_TXEN 	EQU 	5
TX_PR 	EQU 	61
UA 	EQU 	1
VREGCON 	EQU 	407
VREGPM 	EQU 	1
W 	EQU 	0
WCOL 	EQU 	7
WDTCON 	EQU 	151
WDTPS0 	EQU 	1
WDTPS1 	EQU 	2
WDTPS2 	EQU 	3
WDTPS3 	EQU 	4
WDTPS4 	EQU 	5
WPUA 	EQU 	524
WPUA0 	EQU 	0
WPUA1 	EQU 	1
WPUA2 	EQU 	2
WPUA3 	EQU 	3
WPUA4 	EQU 	4
WPUA5 	EQU 	5
WPUB 	EQU 	525
WPUB4 	EQU 	4
WPUB5 	EQU 	5
WPUB6 	EQU 	6
WPUB7 	EQU 	7
WPUC 	EQU 	526
WPUC0 	EQU 	0
WPUC1 	EQU 	1
WPUC2 	EQU 	2
WPUC3 	EQU 	3
WPUC4 	EQU 	4
WPUC5 	EQU 	5
WPUC6 	EQU 	6
WPUC7 	EQU 	7
WR 	EQU 	1
WREG 	EQU 	9
WREG_SHAD 	EQU 	4069
WREN 	EQU 	2
WRERR 	EQU 	3
WUE 	EQU 	1
Z 	EQU 	2
ZCD1CON 	EQU 	284
ZCD1EN 	EQU 	7
ZCD1INTN 	EQU 	0
ZCD1INTP 	EQU 	1
ZCD1OUT 	EQU 	5
ZCD1POL 	EQU 	4
ZCDIE 	EQU 	4
ZCDIF 	EQU 	4
Z_SHAD 	EQU 	2
_BOREN_SBODEN 	EQU 	15359
_PWMTIMERSELECTED 	EQU 	62

Code:
Loc	Obj Code	Original Assembly






















































000000	3180	PAGESEL BASPROGRAMSTART
000001	2805	GOTO BASPROGRAMSTART

000004	0009	RETFIE



		BASPROGRAMSTART
000005	21BF	CALL INITSYS
000006	21AA	CALL INITPWM

000007	3055	MOVLW 85
000000	003C	BANKSEL PPSLOCK
000009	008F	MOVWF PPSLOCK
00000A	30AA	MOVLW 170
00000B	008F	MOVWF PPSLOCK
00000C	100F	BCF PPSLOCK,PPSLOCKED
00000D	300C	MOVLW 12
000000	003D	BANKSEL RA0PPS
00000F	0090	MOVWF RA0PPS
000010	300D	MOVLW 13
000000	003C	BANKSEL RXPPS
000012	00A4	MOVWF RXPPS
000013	3014	MOVLW 20
000000	003D	BANKSEL RB7PPS
000015	009F	MOVWF RB7PPS
000016	3055	MOVLW 85
000000	003C	BANKSEL PPSLOCK
000018	008F	MOVWF PPSLOCK
000019	30AA	MOVLW 170
00001A	008F	MOVWF PPSLOCK
00001B	140F	BSF PPSLOCK,PPSLOCKED
000000	0021	BANKSEL TRISC
00001D	128E	BCF TRISC,5
00001E	100C	BCF TRISA,0
		SYSDOLOOP_S1
00001F	30FF	MOVLW 255
000000	0020	BANKSEL BRIGHT
000021	00A0	MOVWF BRIGHT
		SYSFORLOOP1
000022	0AA0	INCF BRIGHT,F
000023	3001	MOVLW 1
000024	00A6	MOVWF PWMCHANNEL
000025	3028	MOVLW 40
000026	00A9	MOVWF PWMFREQ
000027	0820	MOVF BRIGHT,W
000028	00A7	MOVWF PWMDUTY
000029	01A8	CLRF PWMDUTY_H
00002A	2064	CALL HPWM22
00002B	0827	MOVF PWMDUTY,W
00002C	00A0	MOVWF BRIGHT
00002D	300A	MOVLW 10
00002E	00F2	MOVWF SYSWAITTEMPMS
00002F	01F3	CLRF SYSWAITTEMPMS_H
000030	2056	CALL DELAY_MS
000031	30FF	MOVLW 255
000032	0220	SUBWF BRIGHT,W
000033	1C03	BTFSS STATUS, C
000034	2822	GOTO SYSFORLOOP1
		SYSFORLOOPEND1
000035	30F4	MOVLW 244
000036	00F2	MOVWF SYSWAITTEMPMS
000037	3001	MOVLW 1
000038	00F3	MOVWF SYSWAITTEMPMS_H
000039	2056	CALL DELAY_MS
00003A	01A0	CLRF BRIGHT
		SYSFORLOOP2
00003B	03A0	DECF BRIGHT,F
00003C	3001	MOVLW 1
00003D	00A6	MOVWF PWMCHANNEL
00003E	3028	MOVLW 40
00003F	00A9	MOVWF PWMFREQ
000040	0820	MOVF BRIGHT,W
000041	00A7	MOVWF PWMDUTY
000042	01A8	CLRF PWMDUTY_H
000043	2064	CALL HPWM22
000044	0827	MOVF PWMDUTY,W
000045	00A0	MOVWF BRIGHT
000046	300A	MOVLW 10
000047	00F2	MOVWF SYSWAITTEMPMS
000048	01F3	CLRF SYSWAITTEMPMS_H
000049	2056	CALL DELAY_MS
00004A	0820	MOVF BRIGHT,W
00004B	3C00	SUBLW 0
00004C	1C03	BTFSS STATUS, C
00004D	283B	GOTO SYSFORLOOP2
		SYSFORLOOPEND2
00004E	30F4	MOVLW 244
00004F	00F2	MOVWF SYSWAITTEMPMS
000050	3001	MOVLW 1
000051	00F3	MOVWF SYSWAITTEMPMS_H
000052	2056	CALL DELAY_MS
000053	281F	GOTO SYSDOLOOP_S1
		SYSDOLOOP_E1
		BASPROGRAMEND
000054	0063	SLEEP
000055	2854	GOTO BASPROGRAMEND


		DELAY_MS
000056	0AF3	INCF SYSWAITTEMPMS_H, F
		DMS_START
000057	308E	MOVLW 142
000058	00F1	MOVWF DELAYTEMP2
		DMS_OUTER
000059	3001	MOVLW 1
00005A	00F0	MOVWF DELAYTEMP
		DMS_INNER
00005B	0BF0	DECFSZ DELAYTEMP, F
00005C	285B	GOTO DMS_INNER
00005D	0BF1	DECFSZ DELAYTEMP2, F
00005E	2859	GOTO DMS_OUTER
00005F	0BF2	DECFSZ SYSWAITTEMPMS, F
000060	2857	GOTO DMS_START
000061	0BF3	DECFSZ SYSWAITTEMPMS_H, F
000062	2857	GOTO DMS_START
000063	0008	RETURN


		HPWM22
000064	30FF	MOVLW 255
000065	00AA	MOVWF PWMRESOLUTION
000066	01AB	CLRF PWMRESOLUTION_H
000067	3001	MOVLW 1
000068	00BD	MOVWF TX_PR
000069	30E8	MOVLW 232
00006A	00F5	MOVWF SYSLONGTEMPA
00006B	3003	MOVLW 3
00006C	00F6	MOVWF SYSLONGTEMPA_H
00006D	01F7	CLRF SYSLONGTEMPA_U
00006E	01F8	CLRF SYSLONGTEMPA_E
00006F	0829	MOVF PWMFREQ,W
000070	00F9	MOVWF SYSLONGTEMPB
000071	01FA	CLRF SYSLONGTEMPB_H
000072	01FB	CLRF SYSLONGTEMPB_U
000073	01FC	CLRF SYSLONGTEMPB_E
000074	220A	CALL SYSDIVSUB32
000075	0875	MOVF SYSLONGTEMPA,W
000076	00A2	MOVWF PRX_TEMP
000077	0876	MOVF SYSLONGTEMPA_H,W
000078	00A3	MOVWF PRX_TEMP_H
000079	0877	MOVF SYSLONGTEMPA_U,W
00007A	00A4	MOVWF PRX_TEMP_U
00007B	0878	MOVF SYSLONGTEMPA_E,W
00007C	00A5	MOVWF PRX_TEMP_E
00007D	0823	MOVF PRX_TEMP_H,W
00007E	3C00	SUBLW 0
00007F	1803	BTFSC STATUS, C
000080	288D	GOTO ENDIF3
000081	3004	MOVLW 4
000082	00BD	MOVWF TX_PR
000083	1003	BCF STATUS,C
000084	0CA5	RRF PRX_TEMP_E,F
000085	0CA4	RRF PRX_TEMP_U,F
000086	0CA3	RRF PRX_TEMP_H,F
000087	0CA2	RRF PRX_TEMP,F
000088	1003	BCF STATUS,C
000089	0CA5	RRF PRX_TEMP_E,F
00008A	0CA4	RRF PRX_TEMP_U,F
00008B	0CA3	RRF PRX_TEMP_H,F
00008C	0CA2	RRF PRX_TEMP,F
		ENDIF3
00008D	0823	MOVF PRX_TEMP_H,W
00008E	3C00	SUBLW 0
00008F	1803	BTFSC STATUS, C
000090	289D	GOTO ENDIF4
000091	3010	MOVLW 16
000092	00BD	MOVWF TX_PR
000093	1003	BCF STATUS,C
000094	0CA5	RRF PRX_TEMP_E,F
000095	0CA4	RRF PRX_TEMP_U,F
000096	0CA3	RRF PRX_TEMP_H,F
000097	0CA2	RRF PRX_TEMP,F
000098	1003	BCF STATUS,C
000099	0CA5	RRF PRX_TEMP_E,F
00009A	0CA4	RRF PRX_TEMP_U,F
00009B	0CA3	RRF PRX_TEMP_H,F
00009C	0CA2	RRF PRX_TEMP,F
		ENDIF4
00009D	0823	MOVF PRX_TEMP_H,W
00009E	3C00	SUBLW 0
00009F	1803	BTFSC STATUS, C
0000A0	28AD	GOTO ENDIF5
0000A1	3040	MOVLW 64
0000A2	00BD	MOVWF TX_PR
0000A3	1003	BCF STATUS,C
0000A4	0CA5	RRF PRX_TEMP_E,F
0000A5	0CA4	RRF PRX_TEMP_U,F
0000A6	0CA3	RRF PRX_TEMP_H,F
0000A7	0CA2	RRF PRX_TEMP,F
0000A8	1003	BCF STATUS,C
0000A9	0CA5	RRF PRX_TEMP_E,F
0000AA	0CA4	RRF PRX_TEMP_U,F
0000AB	0CA3	RRF PRX_TEMP_H,F
0000AC	0CA2	RRF PRX_TEMP,F
		ENDIF5
		CCPPWMSETUPCLOCKSOURCE
		SYSSELECT1CASE1
0000AD	3002	MOVLW 2
0000AE	023E	SUBWF _PWMTIMERSELECTED,W
0000AF	1D03	BTFSS STATUS, Z
0000B0	28C4	GOTO SYSSELECT1CASE2
0000B1	0822	MOVF PRX_TEMP,W
0000B2	009B	MOVWF PR2
0000B3	101C	BCF T2CON,T2CKPS0
0000B4	109C	BCF T2CON,T2CKPS1
0000B5	3004	MOVLW 4
0000B6	023D	SUBWF TX_PR,W
0000B7	1903	BTFSC STATUS, Z
0000B8	141C	BSF T2CON,T2CKPS0
0000B9	3010	MOVLW 16
0000BA	023D	SUBWF TX_PR,W
0000BB	1903	BTFSC STATUS, Z
0000BC	149C	BSF T2CON,T2CKPS1
0000BD	3040	MOVLW 64
0000BE	023D	SUBWF TX_PR,W
0000BF	1D03	BTFSS STATUS, Z
0000C0	28C3	GOTO ENDIF8
0000C1	141C	BSF T2CON,T2CKPS0
0000C2	149C	BSF T2CON,T2CKPS1
		ENDIF8
0000C3	2903	GOTO SYSSELECTEND1
		SYSSELECT1CASE2
0000C4	3004	MOVLW 4
0000C5	023E	SUBWF _PWMTIMERSELECTED,W
0000C6	1D03	BTFSS STATUS, Z
0000C7	28E4	GOTO SYSSELECT1CASE3
0000C8	0822	MOVF PRX_TEMP,W
000000	0028	BANKSEL PR4
0000CA	0096	MOVWF PR4
0000CB	1017	BCF T4CON,T4CKPS0
0000CC	1097	BCF T4CON,T4CKPS1
0000CD	3004	MOVLW 4
000000	0020	BANKSEL TX_PR
0000CF	023D	SUBWF TX_PR,W
0000D0	1D03	BTFSS STATUS, Z
0000D1	28D4	GOTO ENDIF9
000000	0028	BANKSEL T4CON
0000D3	1417	BSF T4CON,T4CKPS0
		ENDIF9
0000D4	3010	MOVLW 16
000000	0020	BANKSEL TX_PR
0000D6	023D	SUBWF TX_PR,W
0000D7	1D03	BTFSS STATUS, Z
0000D8	28DB	GOTO ENDIF10
000000	0028	BANKSEL T4CON
0000DA	1497	BSF T4CON,T4CKPS1
		ENDIF10
0000DB	3040	MOVLW 64
000000	0020	BANKSEL TX_PR
0000DD	023D	SUBWF TX_PR,W
0000DE	1D03	BTFSS STATUS, Z
0000DF	28E3	GOTO ENDIF11
000000	0028	BANKSEL T4CON
0000E1	1417	BSF T4CON,T4CKPS0
0000E2	1497	BSF T4CON,T4CKPS1
		ENDIF11
0000E3	2903	GOTO SYSSELECTEND1
		SYSSELECT1CASE3
0000E4	3006	MOVLW 6
0000E5	023E	SUBWF _PWMTIMERSELECTED,W
0000E6	1D03	BTFSS STATUS, Z
0000E7	2903	GOTO SYSSELECTEND1
0000E8	0822	MOVF PRX_TEMP,W
000000	0028	BANKSEL PR6
0000EA	009D	MOVWF PR6
0000EB	101E	BCF T6CON,T6CKPS0
0000EC	109E	BCF T6CON,T6CKPS1
0000ED	3004	MOVLW 4
000000	0020	BANKSEL TX_PR
0000EF	023D	SUBWF TX_PR,W
0000F0	1D03	BTFSS STATUS, Z
0000F1	28F4	GOTO ENDIF12
000000	0028	BANKSEL T6CON
0000F3	141E	BSF T6CON,T6CKPS0
		ENDIF12
0000F4	3010	MOVLW 16
000000	0020	BANKSEL TX_PR
0000F6	023D	SUBWF TX_PR,W
0000F7	1D03	BTFSS STATUS, Z
0000F8	28FB	GOTO ENDIF13
000000	0028	BANKSEL T6CON
0000FA	149E	BSF T6CON,T6CKPS1
		ENDIF13
0000FB	3040	MOVLW 64
000000	0020	BANKSEL TX_PR
0000FD	023D	SUBWF TX_PR,W
0000FE	1D03	BTFSS STATUS, Z
0000FF	2903	GOTO ENDIF14
000000	0028	BANKSEL T6CON
000101	141E	BSF T6CON,T6CKPS0
000102	149E	BSF T6CON,T6CKPS1
		ENDIF14
		SYSSELECTEND1
		END_OF_CCPPWMSETUPCLOCKSOURCE
		SETUPTHECORRECTTIMERBITS
000103	1003	BCF STATUS,C
000000	0020	BANKSEL _PWMTIMERSELECTED
000105	0C3E	RRF _PWMTIMERSELECTED,W
000106	00B8	MOVWF SYSTEMP1
000107	0338	DECF SYSTEMP1,W
000108	00BC	MOVWF TIMERSELECTIONBITS
		SETUPCCPPWMREGISTERS
000000	0025	BANKSEL CCPTMRS
00010A	101E	BCF CCPTMRS,C1TSEL0
000000	0020	BANKSEL TIMERSELECTIONBITS
00010C	1C3C	BTFSS TIMERSELECTIONBITS,0
00010D	2910	GOTO ENDIF19
000000	0025	BANKSEL CCPTMRS
00010F	141E	BSF CCPTMRS,C1TSEL0
		ENDIF19
000000	0025	BANKSEL CCPTMRS
000111	109E	BCF CCPTMRS,C1TSEL1
000000	0020	BANKSEL TIMERSELECTIONBITS
000113	1CBC	BTFSS TIMERSELECTIONBITS,1
000114	2917	GOTO ENDIF20
000000	0025	BANKSEL CCPTMRS
000116	149E	BSF CCPTMRS,C1TSEL1
		ENDIF20
000000	0020	BANKSEL PWMCHANNEL
000118	0326	DECF PWMCHANNEL,W
000119	1D03	BTFSS STATUS, Z
00011A	295F	GOTO ENDIF15
00011B	3002	MOVLW 2
00011C	0722	ADDWF PRX_TEMP,W
00011D	00B8	MOVWF SYSTEMP1
00011E	3000	MOVLW 0
00011F	3D23	ADDWFC PRX_TEMP_H,W
000120	00B9	MOVWF SYSTEMP1_H
000121	3000	MOVLW 0
000122	3D24	ADDWFC PRX_TEMP_U,W
000123	00BA	MOVWF SYSTEMP1_U
000124	3000	MOVLW 0
000125	3D25	ADDWFC PRX_TEMP_E,W
000126	00BB	MOVWF SYSTEMP1_E
000127	0827	MOVF PWMDUTY,W
000128	00F5	MOVWF SYSLONGTEMPA
000129	0828	MOVF PWMDUTY_H,W
00012A	00F6	MOVWF SYSLONGTEMPA_H
00012B	01F7	CLRF SYSLONGTEMPA_U
00012C	01F8	CLRF SYSLONGTEMPA_E
00012D	0838	MOVF SYSTEMP1,W
00012E	00F9	MOVWF SYSLONGTEMPB
00012F	0839	MOVF SYSTEMP1_H,W
000130	00FA	MOVWF SYSLONGTEMPB_H
000131	083A	MOVF SYSTEMP1_U,W
000132	00FB	MOVWF SYSLONGTEMPB_U
000133	083B	MOVF SYSTEMP1_E,W
000134	00FC	MOVWF SYSLONGTEMPB_E
000135	2264	CALL SYSMULTSUB32
000136	0870	MOVF SYSLONGTEMPX,W
000137	00A2	MOVWF PRX_TEMP
000138	0871	MOVF SYSLONGTEMPX_H,W
000139	00A3	MOVWF PRX_TEMP_H
00013A	0872	MOVF SYSLONGTEMPX_U,W
00013B	00A4	MOVWF PRX_TEMP_U
00013C	0873	MOVF SYSLONGTEMPX_E,W
00013D	00A5	MOVWF PRX_TEMP_E
00013E	0823	MOVF PRX_TEMP_H,W
000000	0025	BANKSEL CCPR1L
000140	0091	MOVWF CCPR1L
000000	0020	BANKSEL PWMDUTY
000142	0827	MOVF PWMDUTY,W
000143	00F5	MOVWF SYSWORDTEMPA
000144	0828	MOVF PWMDUTY_H,W
000145	00F6	MOVWF SYSWORDTEMPA_H
000146	01F9	CLRF SYSWORDTEMPB
000147	01FA	CLRF SYSWORDTEMPB_H
000148	21D3	CALL SYSCOMPEQUAL16
000149	1C70	BTFSS SYSBYTETEMPX,0
00014A	294D	GOTO ENDIF17
000000	0025	BANKSEL CCPR1L
00014C	0191	CLRF CCPR1L
		ENDIF17
000000	0025	BANKSEL CCP1CON
00014E	1593	BSF CCP1CON,CCP1M3
00014F	1513	BSF CCP1CON,CCP1M2
000150	1093	BCF CCP1CON,CCP1M1
000151	1013	BCF CCP1CON,CCP1M0
000152	101E	BCF CCPTMRS,C1TSEL0
000000	0020	BANKSEL TIMERSELECTIONBITS
000154	1C3C	BTFSS TIMERSELECTIONBITS,0
000155	2958	GOTO ENDIF21
000000	0025	BANKSEL CCPTMRS
000157	141E	BSF CCPTMRS,C1TSEL0
		ENDIF21
000000	0025	BANKSEL CCPTMRS
000159	109E	BCF CCPTMRS,C1TSEL1
000000	0020	BANKSEL TIMERSELECTIONBITS
00015B	1CBC	BTFSS TIMERSELECTIONBITS,1
00015C	295F	GOTO ENDIF22
000000	0025	BANKSEL CCPTMRS
00015E	149E	BSF CCPTMRS,C1TSEL1
		ENDIF22
		ENDIF15
00015F	3002	MOVLW 2
000000	0020	BANKSEL PWMCHANNEL
000161	0226	SUBWF PWMCHANNEL,W
000162	1D03	BTFSS STATUS, Z
000163	29A8	GOTO ENDIF16
000164	3002	MOVLW 2
000165	0722	ADDWF PRX_TEMP,W
000166	00B8	MOVWF SYSTEMP1
000167	3000	MOVLW 0
000168	3D23	ADDWFC PRX_TEMP_H,W
000169	00B9	MOVWF SYSTEMP1_H
00016A	3000	MOVLW 0
00016B	3D24	ADDWFC PRX_TEMP_U,W
00016C	00BA	MOVWF SYSTEMP1_U
00016D	3000	MOVLW 0
00016E	3D25	ADDWFC PRX_TEMP_E,W
00016F	00BB	MOVWF SYSTEMP1_E
000170	0827	MOVF PWMDUTY,W
000171	00F5	MOVWF SYSLONGTEMPA
000172	0828	MOVF PWMDUTY_H,W
000173	00F6	MOVWF SYSLONGTEMPA_H
000174	01F7	CLRF SYSLONGTEMPA_U
000175	01F8	CLRF SYSLONGTEMPA_E
000176	0838	MOVF SYSTEMP1,W
000177	00F9	MOVWF SYSLONGTEMPB
000178	0839	MOVF SYSTEMP1_H,W
000179	00FA	MOVWF SYSLONGTEMPB_H
00017A	083A	MOVF SYSTEMP1_U,W
00017B	00FB	MOVWF SYSLONGTEMPB_U
00017C	083B	MOVF SYSTEMP1_E,W
00017D	00FC	MOVWF SYSLONGTEMPB_E
00017E	2264	CALL SYSMULTSUB32
00017F	0870	MOVF SYSLONGTEMPX,W
000180	00A2	MOVWF PRX_TEMP
000181	0871	MOVF SYSLONGTEMPX_H,W
000182	00A3	MOVWF PRX_TEMP_H
000183	0872	MOVF SYSLONGTEMPX_U,W
000184	00A4	MOVWF PRX_TEMP_U
000185	0873	MOVF SYSLONGTEMPX_E,W
000186	00A5	MOVWF PRX_TEMP_E
000187	0823	MOVF PRX_TEMP_H,W
000000	0025	BANKSEL CCPR2L
000189	0098	MOVWF CCPR2L
000000	0020	BANKSEL PWMDUTY
00018B	0827	MOVF PWMDUTY,W
00018C	00F5	MOVWF SYSWORDTEMPA
00018D	0828	MOVF PWMDUTY_H,W
00018E	00F6	MOVWF SYSWORDTEMPA_H
00018F	01F9	CLRF SYSWORDTEMPB
000190	01FA	CLRF SYSWORDTEMPB_H
000191	21D3	CALL SYSCOMPEQUAL16
000192	1C70	BTFSS SYSBYTETEMPX,0
000193	2996	GOTO ENDIF18
000000	0025	BANKSEL CCPR2L
000195	0198	CLRF CCPR2L
		ENDIF18
000000	0025	BANKSEL CCP2CON
000197	159A	BSF CCP2CON,CCP2M3
000198	151A	BSF CCP2CON,CCP2M2
000199	109A	BCF CCP2CON,CCP2M1
00019A	101A	BCF CCP2CON,CCP2M0
00019B	111E	BCF CCPTMRS,C2TSEL0
000000	0020	BANKSEL TIMERSELECTIONBITS
00019D	1C3C	BTFSS TIMERSELECTIONBITS,0
00019E	29A1	GOTO ENDIF23
000000	0025	BANKSEL CCPTMRS
0001A0	151E	BSF CCPTMRS,C2TSEL0
		ENDIF23
000000	0025	BANKSEL CCPTMRS
0001A2	119E	BCF CCPTMRS,C2TSEL1
000000	0020	BANKSEL TIMERSELECTIONBITS
0001A4	1CBC	BTFSS TIMERSELECTIONBITS,1
0001A5	29A8	GOTO ENDIF24
000000	0025	BANKSEL CCPTMRS
0001A7	159E	BSF CCPTMRS,C2TSEL1
		ENDIF24
		ENDIF16
000000	0020	BANKSEL STATUS
0001A9	0008	RETURN


		INITPWM
0001AA	3002	MOVLW 2
0001AB	00BE	MOVWF _PWMTIMERSELECTED
		LEGACY_STARTOFFIXEDCCPPWMMODECODE
0001AC	01A1	CLRF CCPCONCACHE
0001AD	301A	MOVLW 26
0001AE	009B	MOVWF PR2
0001AF	101C	BCF T2CON,T2CKPS0
0001B0	109C	BCF T2CON,T2CKPS1
0001B1	300D	MOVLW 13
000000	0025	BANKSEL CCPR1L
0001B3	0091	MOVWF CCPR1L
000000	0020	BANKSEL CCPCONCACHE
0001B5	1221	BCF CCPCONCACHE,CCP1Y
0001B6	16A1	BSF CCPCONCACHE,CCP1X
0001B7	16A1	BSF CCPCONCACHE,DC1B1
0001B8	1221	BCF CCPCONCACHE,DC1B0
0001B9	15A1	BSF CCPCONCACHE,CCP1M3
0001BA	1521	BSF CCPCONCACHE,CCP1M2
0001BB	10A1	BCF CCPCONCACHE,CCP1M1
0001BC	1021	BCF CCPCONCACHE,CCP1M0
0001BD	151C	BSF T2CON,TMR2ON
		STARTOFFIXEDPWMMODECODE
		SETPWMDUTYCODE
		REV2018_ENDOFFIXEDPWMMODECODE
0001BE	0008	RETURN


		INITSYS
000000	0021	BANKSEL OSCCON
0001C0	1719	BSF OSCCON,IRCF3
0001C1	1699	BSF OSCCON,IRCF2
0001C2	1219	BCF OSCCON,IRCF1
0001C3	1599	BSF OSCCON,IRCF0
0001C4	1399	BCF OSCCON,SPLLEN
0001C5	139E	BCF ADCON1,ADFM
0001C6	101D	BCF ADCON0,ADON
000000	0023	BANKSEL ANSELA
0001C8	018C	CLRF ANSELA
0001C9	018D	CLRF ANSELB
0001CA	018E	CLRF ANSELC
000000	0022	BANKSEL CM2CON0
0001CC	1393	BCF CM2CON0,C2ON
0001CD	1391	BCF CM1CON0,C1ON
000000	0020	BANKSEL PORTA
0001CF	018C	CLRF PORTA
0001D0	018D	CLRF PORTB
0001D1	018E	CLRF PORTC
0001D2	0008	RETURN


		SYSCOMPEQUAL16
0001D3	01F0	CLRF SYSBYTETEMPX
0001D4	0875	MOVF SYSWORDTEMPA, W
0001D5	0279	SUBWF SYSWORDTEMPB, W
0001D6	1D03	BTFSS STATUS, Z
0001D7	0008	RETURN
0001D8	0876	MOVF SYSWORDTEMPA_H, W
0001D9	027A	SUBWF SYSWORDTEMPB_H, W
0001DA	1D03	BTFSS STATUS, Z
0001DB	0008	RETURN
0001DC	09F0	COMF SYSBYTETEMPX,F
0001DD	0008	RETURN


		SYSCOMPEQUAL32
0001DE	01F0	CLRF SYSBYTETEMPX
0001DF	0875	MOVF SYSLONGTEMPA, W
0001E0	0279	SUBWF SYSLONGTEMPB, W
0001E1	1D03	BTFSS STATUS, Z
0001E2	0008	RETURN
0001E3	0876	MOVF SYSLONGTEMPA_H, W
0001E4	027A	SUBWF SYSLONGTEMPB_H, W
0001E5	1D03	BTFSS STATUS, Z
0001E6	0008	RETURN
0001E7	0877	MOVF SYSLONGTEMPA_U, W
0001E8	027B	SUBWF SYSLONGTEMPB_U, W
0001E9	1D03	BTFSS STATUS, Z
0001EA	0008	RETURN
0001EB	0878	MOVF SYSLONGTEMPA_E, W
0001EC	027C	SUBWF SYSLONGTEMPB_E, W
0001ED	1D03	BTFSS STATUS, Z
0001EE	0008	RETURN
0001EF	09F0	COMF SYSBYTETEMPX,F
0001F0	0008	RETURN


		SYSCOMPLESSTHAN32
0001F1	01F0	CLRF SYSBYTETEMPX
0001F2	0878	MOVF SYSLONGTEMPA_E,W
0001F3	027C	SUBWF SYSLONGTEMPB_E,W
0001F4	1C03	BTFSS STATUS,C
0001F5	0008	RETURN
0001F6	1D03	BTFSS STATUS,Z
0001F7	2A08	GOTO SCLT32TRUE
0001F8	0877	MOVF SYSLONGTEMPA_U,W
0001F9	027B	SUBWF SYSLONGTEMPB_U,W
0001FA	1C03	BTFSS STATUS,C
0001FB	0008	RETURN
0001FC	1D03	BTFSS STATUS,Z
0001FD	2A08	GOTO SCLT32TRUE
0001FE	0876	MOVF SYSLONGTEMPA_H,W
0001FF	027A	SUBWF SYSLONGTEMPB_H,W
000200	1C03	BTFSS STATUS,C
000201	0008	RETURN
000202	1D03	BTFSS STATUS,Z
000203	2A08	GOTO SCLT32TRUE
000204	0879	MOVF SYSLONGTEMPB,W
000205	0275	SUBWF SYSLONGTEMPA,W
000206	1803	BTFSC STATUS,C
000207	0008	RETURN
		SCLT32TRUE
000208	09F0	COMF SYSBYTETEMPX,F
000209	0008	RETURN


		SYSDIVSUB32
00020A	0875	MOVF SYSLONGTEMPA,W
00020B	00AC	MOVWF SYSLONGDIVMULTA
00020C	0876	MOVF SYSLONGTEMPA_H,W
00020D	00AD	MOVWF SYSLONGDIVMULTA_H
00020E	0877	MOVF SYSLONGTEMPA_U,W
00020F	00AE	MOVWF SYSLONGDIVMULTA_U
000210	0878	MOVF SYSLONGTEMPA_E,W
000211	00AF	MOVWF SYSLONGDIVMULTA_E
000212	0879	MOVF SYSLONGTEMPB,W
000213	00B0	MOVWF SYSLONGDIVMULTB
000214	087A	MOVF SYSLONGTEMPB_H,W
000215	00B1	MOVWF SYSLONGDIVMULTB_H
000216	087B	MOVF SYSLONGTEMPB_U,W
000217	00B2	MOVWF SYSLONGDIVMULTB_U
000218	087C	MOVF SYSLONGTEMPB_E,W
000219	00B3	MOVWF SYSLONGDIVMULTB_E
00021A	01B4	CLRF SYSLONGDIVMULTX
00021B	01B5	CLRF SYSLONGDIVMULTX_H
00021C	01B6	CLRF SYSLONGDIVMULTX_U
00021D	01B7	CLRF SYSLONGDIVMULTX_E
00021E	0830	MOVF SYSLONGDIVMULTB,W
00021F	00F5	MOVWF SYSLONGTEMPA
000220	0831	MOVF SYSLONGDIVMULTB_H,W
000221	00F6	MOVWF SYSLONGTEMPA_H
000222	0832	MOVF SYSLONGDIVMULTB_U,W
000223	00F7	MOVWF SYSLONGTEMPA_U
000224	0833	MOVF SYSLONGDIVMULTB_E,W
000225	00F8	MOVWF SYSLONGTEMPA_E
000226	01F9	CLRF SYSLONGTEMPB
000227	01FA	CLRF SYSLONGTEMPB_H
000228	01FB	CLRF SYSLONGTEMPB_U
000229	01FC	CLRF SYSLONGTEMPB_E
00022A	21DE	CALL SYSCOMPEQUAL32
00022B	1C70	BTFSS SYSBYTETEMPX,0
00022C	2A32	GOTO ENDIF27
00022D	01F5	CLRF SYSLONGTEMPA
00022E	01F6	CLRF SYSLONGTEMPA_H
00022F	01F7	CLRF SYSLONGTEMPA_U
000230	01F8	CLRF SYSLONGTEMPA_E
000231	0008	RETURN
		ENDIF27
000232	3020	MOVLW 32
000233	00F4	MOVWF SYSDIVLOOP
		SYSDIV32START
000234	1003	BCF STATUS,C
000235	0DAC	RLF SYSLONGDIVMULTA,F
000236	0DAD	RLF SYSLONGDIVMULTA_H,F
000237	0DAE	RLF SYSLONGDIVMULTA_U,F
000238	0DAF	RLF SYSLONGDIVMULTA_E,F
000239	0DB4	RLF SYSLONGDIVMULTX,F
00023A	0DB5	RLF SYSLONGDIVMULTX_H,F
00023B	0DB6	RLF SYSLONGDIVMULTX_U,F
00023C	0DB7	RLF SYSLONGDIVMULTX_E,F
00023D	0830	MOVF SYSLONGDIVMULTB,W
00023E	02B4	SUBWF SYSLONGDIVMULTX,F
00023F	0831	MOVF SYSLONGDIVMULTB_H,W
000240	3BB5	SUBWFB SYSLONGDIVMULTX_H,F
000241	0832	MOVF SYSLONGDIVMULTB_U,W
000242	3BB6	SUBWFB SYSLONGDIVMULTX_U,F
000243	0833	MOVF SYSLONGDIVMULTB_E,W
000244	3BB7	SUBWFB SYSLONGDIVMULTX_E,F
000245	142C	BSF SYSLONGDIVMULTA,0
000246	1803	BTFSC STATUS,C
000247	2A51	GOTO ENDIF28
000248	102C	BCF SYSLONGDIVMULTA,0
000249	0830	MOVF SYSLONGDIVMULTB,W
00024A	07B4	ADDWF SYSLONGDIVMULTX,F
00024B	0831	MOVF SYSLONGDIVMULTB_H,W
00024C	3DB5	ADDWFC SYSLONGDIVMULTX_H,F
00024D	0832	MOVF SYSLONGDIVMULTB_U,W
00024E	3DB6	ADDWFC SYSLONGDIVMULTX_U,F
00024F	0833	MOVF SYSLONGDIVMULTB_E,W
000250	3DB7	ADDWFC SYSLONGDIVMULTX_E,F
		ENDIF28
000251	0BF4	DECFSZ SYSDIVLOOP, F
000252	2A34	GOTO SYSDIV32START
000253	082C	MOVF SYSLONGDIVMULTA,W
000254	00F5	MOVWF SYSLONGTEMPA
000255	082D	MOVF SYSLONGDIVMULTA_H,W
000256	00F6	MOVWF SYSLONGTEMPA_H
000257	082E	MOVF SYSLONGDIVMULTA_U,W
000258	00F7	MOVWF SYSLONGTEMPA_U
000259	082F	MOVF SYSLONGDIVMULTA_E,W
00025A	00F8	MOVWF SYSLONGTEMPA_E
00025B	0834	MOVF SYSLONGDIVMULTX,W
00025C	00F0	MOVWF SYSLONGTEMPX
00025D	0835	MOVF SYSLONGDIVMULTX_H,W
00025E	00F1	MOVWF SYSLONGTEMPX_H
00025F	0836	MOVF SYSLONGDIVMULTX_U,W
000260	00F2	MOVWF SYSLONGTEMPX_U
000261	0837	MOVF SYSLONGDIVMULTX_E,W
000262	00F3	MOVWF SYSLONGTEMPX_E
000263	0008	RETURN


		SYSMULTSUB32
000264	0875	MOVF SYSLONGTEMPA,W
000265	00AC	MOVWF SYSLONGDIVMULTA
000266	0876	MOVF SYSLONGTEMPA_H,W
000267	00AD	MOVWF SYSLONGDIVMULTA_H
000268	0877	MOVF SYSLONGTEMPA_U,W
000269	00AE	MOVWF SYSLONGDIVMULTA_U
00026A	0878	MOVF SYSLONGTEMPA_E,W
00026B	00AF	MOVWF SYSLONGDIVMULTA_E
00026C	0879	MOVF SYSLONGTEMPB,W
00026D	00B0	MOVWF SYSLONGDIVMULTB
00026E	087A	MOVF SYSLONGTEMPB_H,W
00026F	00B1	MOVWF SYSLONGDIVMULTB_H
000270	087B	MOVF SYSLONGTEMPB_U,W
000271	00B2	MOVWF SYSLONGDIVMULTB_U
000272	087C	MOVF SYSLONGTEMPB_E,W
000273	00B3	MOVWF SYSLONGDIVMULTB_E
000274	01B4	CLRF SYSLONGDIVMULTX
000275	01B5	CLRF SYSLONGDIVMULTX_H
000276	01B6	CLRF SYSLONGDIVMULTX_U
000277	01B7	CLRF SYSLONGDIVMULTX_E
		MUL32LOOP
000278	1C30	BTFSS SYSLONGDIVMULTB,0
000279	2A82	GOTO ENDIF25
00027A	082C	MOVF SYSLONGDIVMULTA,W
00027B	07B4	ADDWF SYSLONGDIVMULTX,F
00027C	082D	MOVF SYSLONGDIVMULTA_H,W
00027D	3DB5	ADDWFC SYSLONGDIVMULTX_H,F
00027E	082E	MOVF SYSLONGDIVMULTA_U,W
00027F	3DB6	ADDWFC SYSLONGDIVMULTX_U,F
000280	082F	MOVF SYSLONGDIVMULTA_E,W
000281	3DB7	ADDWFC SYSLONGDIVMULTX_E,F
		ENDIF25
000282	1003	BCF STATUS,C
000283	0CB3	RRF SYSLONGDIVMULTB_E,F
000284	0CB2	RRF SYSLONGDIVMULTB_U,F
000285	0CB1	RRF SYSLONGDIVMULTB_H,F
000286	0CB0	RRF SYSLONGDIVMULTB,F
000287	1003	BCF STATUS,C
000288	0DAC	RLF SYSLONGDIVMULTA,F
000289	0DAD	RLF SYSLONGDIVMULTA_H,F
00028A	0DAE	RLF SYSLONGDIVMULTA_U,F
00028B	0DAF	RLF SYSLONGDIVMULTA_E,F
00028C	0830	MOVF SYSLONGDIVMULTB,W
00028D	00F9	MOVWF SYSLONGTEMPB
00028E	0831	MOVF SYSLONGDIVMULTB_H,W
00028F	00FA	MOVWF SYSLONGTEMPB_H
000290	0832	MOVF SYSLONGDIVMULTB_U,W
000291	00FB	MOVWF SYSLONGTEMPB_U
000292	0833	MOVF SYSLONGDIVMULTB_E,W
000293	00FC	MOVWF SYSLONGTEMPB_E
000294	01F5	CLRF SYSLONGTEMPA
000295	01F6	CLRF SYSLONGTEMPA_H
000296	01F7	CLRF SYSLONGTEMPA_U
000297	01F8	CLRF SYSLONGTEMPA_E
000298	21F1	CALL SYSCOMPLESSTHAN32
000299	1870	BTFSC SYSBYTETEMPX,0
00029A	2A78	GOTO MUL32LOOP
00029B	0834	MOVF SYSLONGDIVMULTX,W
00029C	00F0	MOVWF SYSLONGTEMPX
00029D	0835	MOVF SYSLONGDIVMULTX_H,W
00029E	00F1	MOVWF SYSLONGTEMPX_H
00029F	0836	MOVF SYSLONGDIVMULTX_U,W
0002A0	00F2	MOVWF SYSLONGTEMPX_U
0002A1	0837	MOVF SYSLONGDIVMULTX_E,W
0002A2	00F3	MOVWF SYSLONGTEMPX_E
0002A3	0008	RETURN





